01-09 05:50:46.372   333   333 I rmt_storage: rmt_storage_disconnect_cb: clnt_h=0x6 conn_h=0x7fae42a370
01-09 05:50:46.383  3170  3170 W FingerprintManager: isFingerprintHardwareDetected(): Service not connected!
01-09 05:50:46.383  3170  3170 D PhoneStatusBar: disable: < EXPAND ICONS alerts SYSTEM_INFO BACK HOME RECENT clock SEARCH quick_settings >
01-09 05:50:46.403  3170  3170 W FingerprintManager: isFingerprintHardwareDetected(): Service not connected!
01-09 05:50:46.439  3170  3202 W art     : Long monitor contention with owner main (3170) at java.lang.Class java.lang.VMClassLoader.findLoadedClass!(java.lang.ClassLoader, java.lang.String)(VMClassLoader.java:-2) waiters=0 in void com.android.systemui.keyguard.KeyguardViewMediator.onStartedWakingUp() for 368ms
01-09 05:50:46.548  2850  2850 V WiredAccessoryManager: notifyWiredAccessoryChanged: when=0 bits= mask=54
01-09 05:50:46.548  2850  2850 V WiredAccessoryManager: newName=h2w newState=0 headsetState=0 prev headsetState=0
01-09 05:50:46.548  2850  2850 V WiredAccessoryManager: init()
01-09 05:50:46.584  2850  2876 I WindowManager: Destroying surface Surface(name=NavigationBar) called by com.android.server.wm.WindowStateAnimator.destroySurface:2014 com.android.server.wm.WindowStateAnimator.destroySurfaceLocked:881 com.android.server.wm.WindowState.destroyOrSaveSurface:2073 com.android.server.wm.WindowManagerService.tryStartExitingAnimation:3019 com.android.server.wm.WindowManagerService.relayoutWindow:2899 com.android.server.wm.Session.relayout:215 android.view.IWindowSession$Stub.onTransact:286 com.android.server.wm.Session.onTransact:136 
01-09 05:50:46.605  3170  3170 W FingerprintManager: isFingerprintHardwareDetected(): Service not connected!
01-09 05:50:46.608  3170  3170 W FingerprintManager: isFingerprintHardwareDetected(): Service not connected!
01-09 05:50:46.652  3170  3170 W FingerprintManager: isFingerprintHardwareDetected(): Service not connected!
01-09 05:50:46.683  3170  3170 D PhoneStatusBar: disable: < expand* ICONS alerts SYSTEM_INFO back* HOME RECENT clock SEARCH quick_settings >
01-09 05:50:46.683  2850  2876 I chatty  : uid=1000(system) Binder:2850_1 expire 1 line
01-09 05:50:46.705  2850  2880 I WindowManager: Destroying surface Surface(name=KeyguardScrim) called by com.android.server.wm.WindowStateAnimator.destroySurface:2014 com.android.server.wm.WindowStateAnimator.destroySurfaceLocked:881 com.android.server.wm.WindowState.destroyOrSaveSurface:2073 com.android.server.wm.WindowManagerService.tryStartExitingAnimation:3019 com.android.server.wm.WindowManagerService.relayoutWindow:2899 com.android.server.wm.Session.relayout:215 android.view.ViewRootImpl.relayoutWindow:5689 android.view.ViewRootImpl.performTraversals:1746 
01-09 05:50:46.758  2850  3199 I ActivityManager: user 0 is still locked. Cannot load recents
01-09 05:50:46.763   340   378 I chatty  : uid=1000(system) Binder:340_1 expire 1 line
01-09 05:50:46.795  2850  2878 I SyncManager: Got SyncJobService instance.
01-09 05:50:46.802  2850  2850 D ConditionProviders.SCP: onSubscribe condition://android/schedule?days=7.1&start=23.30&end=10.0&exitAtAlarm=false
01-09 05:50:46.803  2850  2850 D ConditionProviders.SCP: setRegistered true
01-09 05:50:46.808  2850  2850 D ConditionProviders.SCP: notifyCondition condition://android/schedule?days=7.1&start=23.30&end=10.0&exitAtAlarm=false STATE_FALSE reason=!meetsSchedule
01-09 05:50:46.809  2850  3153 E ActivityThread: Failed to find provider info for com.android.calendar
01-09 05:50:46.810  2850  2850 D ConditionProviders.SCP: Scheduling evaluate for Fri Jan 09 10:00:00 GMT+00:00 1970 (727200000), in +4h9m13s193ms, now=Fri Jan 09 05:50:46 GMT+00:00 1970 (712246807)
01-09 05:50:46.810  2850  3153 E ActivityThread: Failed to find provider info for com.android.calendar
01-09 05:50:46.811  2850  2850 D ConditionProviders.SCP: onSubscribe condition://android/schedule?days=2.3.4.5.6&start=22.0&end=7.0&exitAtAlarm=false
01-09 05:50:46.812  2850  2850 D ConditionProviders.SCP: notifyCondition condition://android/schedule?days=7.1&start=23.30&end=10.0&exitAtAlarm=false STATE_FALSE reason=!meetsSchedule
01-09 05:50:46.812  2850  2850 D ConditionProviders.SCP: notifyCondition condition://android/schedule?days=2.3.4.5.6&start=22.0&end=7.0&exitAtAlarm=false STATE_TRUE reason=meetsSchedule
01-09 05:50:46.813  2850  2850 D ConditionProviders.SCP: Scheduling evaluate for Fri Jan 09 07:00:00 GMT+00:00 1970 (716400000), in +1h9m13s189ms, now=Fri Jan 09 05:50:46 GMT+00:00 1970 (712246811)
01-09 05:50:46.818  2850  2850 I Telecom : WiredHeadsetManager: ACTION_HEADSET_PLUG event, plugged in: false, : WHC.oADA@AAE
01-09 05:50:46.827  2850  2850 I ActivityManager: user 0 is still locked. Cannot load recents
01-09 05:50:46.945  3170  3197 W art     : Suspending all threads took: 24.407ms
01-09 05:50:46.953  3170  3197 I art     : Background partial concurrent mark sweep GC freed 8749(652KB) AllocSpace objects, 1(16KB) LOS objects, 40% free, 11MB/18MB, paused 25.344ms total 74.370ms
01-09 05:50:46.998  3483  3483 D PhoneSwitcherNetworkRequstListener: Registering NetworkFactory
01-09 05:50:46.999  2850  3148 D ConnectivityService: Got NetworkFactory Messenger for PhoneSwitcherNetworkRequstListener
01-09 05:50:47.005  2850  3148 D ConnectivityService: Got NetworkFactory Messenger for TelephonyNetworkFactory[0]
01-09 05:50:47.007  2850  3148 D ConnectivityService: Got NetworkFactory Messenger for TelephonyNetworkFactory[1]
01-09 05:50:47.024  3483  3483 D CarrierConfigLoader: CarrierConfigLoader has started
01-09 05:50:47.026  2850  2885 D BluetoothManagerService: Message: 20
01-09 05:50:47.026  2850  2885 D BluetoothManagerService: Added callback: android.bluetooth.IBluetoothManagerCallback$Stub$Proxy@4b3ed1e:true
01-09 05:50:47.028  2850  2885 D BluetoothManagerService: Message: 30
01-09 05:50:47.029  2850  3199 D BluetoothManagerService: Trying to bind to profile: 1, while Bluetooth was disabled
01-09 05:50:47.050  3483  3483 I Telephony: TtyManager: updateUiTtyMode -1 -> 0
01-09 05:50:47.056  3483  3483 I Telephony: TtyManager: updateUiTtyMode -1 -> 0
01-09 05:50:47.188   373  3528 I NuPlayerDecoder: [audio] saw output EOS
01-09 05:50:47.340  3483  3483 D PhoneSwitcherNetworkRequstListener: got request NetworkRequest [ id=1, legacyType=-1, [ Capabilities: INTERNET&NOT_RESTRICTED&TRUSTED&NOT_VPN] ] with score 0
01-09 05:50:47.342  3483  3483 D TelephonyDebugService: TelephonyDebugService()
01-09 05:50:47.343  3483  3483 D CarrierConfigLoader: mHandler: 12 phoneId: 0
01-09 05:50:47.359  3483  3483 E PhoneInterfaceManager: [PhoneIntfMgr] getIccId: No UICC
01-09 05:50:47.365  3483  3621 E ActivityThread: Failed to find provider info for com.android.contacts
01-09 05:50:47.365  3483  3621 W CallerInfoCache: cursor is null
01-09 05:50:47.371  2850  2876 I Telecom : PhoneAccountRegistrar: [ComponentInfo{com.android.phone/com.android.services.telephony.TelephonyConnectionService}, [e0184adedf913b076626646d3f52c3b49c39ad6d], UserHandle{0}(icon: Icon(typ=BITMAP size=38x48) -> Icon(typ=BITMAP size=38x48))]: TSI.rPA@AAQ
01-09 05:50:47.374  2850  2876 I Telecom : : Sending phone-account registered intent as user: TSI.rPA@AAQ
01-09 05:50:47.375  3483  3483 I Telephony: AccountEntry: Registered phoneAccount: [[ ] PhoneAccount: ComponentInfo{com.android.phone/com.android.services.telephony.TelephonyConnectionService}, [e0184adedf913b076626646d3f52c3b49c39ad6d], UserHandle{0} Capabilities: CallProvider MultiUser PlaceEmerg SimSub  Schemes: tel voicemail  Extras: null] with handle: ComponentInfo{com.android.phone/com.android.services.telephony.TelephonyConnectionService}, [e0184adedf913b076626646d3f52c3b49c39ad6d], UserHandle{0}
01-09 05:50:47.375  3483  3483 I Telephony: PstnIncomingCallNotifier: Registering: Handler (com.android.internal.telephony.GsmCdmaPhone) {8b8872b}
01-09 05:50:47.386  3489  3489 D SimSelectNotification: sim state is not Absent or Loaded
01-09 05:50:47.396  2850  3199 I ActivityManager: Start proc 3707:com.android.cellbroadcastreceiver/u0a4 for broadcast com.android.cellbroadcastreceiver/.CellBroadcastReceiver
01-09 05:50:47.426  3483  3483 I Telephony: PstnIncomingCallNotifier: Unregistering: Handler (com.android.internal.telephony.GsmCdmaPhone) {8b8872b}
01-09 05:50:47.428  3483  3483 E PhoneInterfaceManager: [PhoneIntfMgr] getIccId: No UICC
01-09 05:50:47.432  2850  3454 I Telecom : PhoneAccountRegistrar: [ComponentInfo{com.android.phone/com.android.services.telephony.TelephonyConnectionService}, [e0184adedf913b076626646d3f52c3b49c39ad6d], UserHandle{0}(icon: Icon(typ=BITMAP size=38x48) -> Icon(typ=BITMAP size=38x48))]: TSI.rPA@AAc
01-09 05:50:47.434  2850  3454 I Telecom : : Sending phone-account registered intent as user: TSI.rPA@AAc
01-09 05:50:47.435  3483  3483 I Telephony: AccountEntry: Registered phoneAccount: [[ ] PhoneAccount: ComponentInfo{com.android.phone/com.android.services.telephony.TelephonyConnectionService}, [e0184adedf913b076626646d3f52c3b49c39ad6d], UserHandle{0} Capabilities: CallProvider MultiUser PlaceEmerg SimSub  Schemes: tel voicemail  Extras: null] with handle: ComponentInfo{com.android.phone/com.android.services.telephony.TelephonyConnectionService}, [e0184adedf913b076626646d3f52c3b49c39ad6d], UserHandle{0}
01-09 05:50:47.435  3483  3483 I Telephony: PstnIncomingCallNotifier: Registering: Handler (com.android.internal.telephony.GsmCdmaPhone) {8b8872b}
01-09 05:50:47.453  2850  2850 I chatty  : uid=1000 system_server expire 8 lines
01-09 05:50:47.487  3483  3483 I Telephony: PstnIncomingCallNotifier: Unregistering: Handler (com.android.internal.telephony.GsmCdmaPhone) {8b8872b}
01-09 05:50:47.488  3483  3483 E PhoneInterfaceManager: [PhoneIntfMgr] getIccId: No UICC
01-09 05:50:47.491  2850  3201 I Telecom : PhoneAccountRegistrar: [ComponentInfo{com.android.phone/com.android.services.telephony.TelephonyConnectionService}, [e0184adedf913b076626646d3f52c3b49c39ad6d], UserHandle{0}(icon: Icon(typ=BITMAP size=38x48) -> Icon(typ=BITMAP size=38x48))]: TSI.rPA@AAw
01-09 05:50:47.493  2850  3201 I Telecom : : Sending phone-account registered intent as user: TSI.rPA@AAw
01-09 05:50:47.494  3483  3483 I Telephony: AccountEntry: Registered phoneAccount: [[ ] PhoneAccount: ComponentInfo{com.android.phone/com.android.services.telephony.TelephonyConnectionService}, [e0184adedf913b076626646d3f52c3b49c39ad6d], UserHandle{0} Capabilities: CallProvider MultiUser PlaceEmerg SimSub  Schemes: tel voicemail  Extras: null] with handle: ComponentInfo{com.android.phone/com.android.services.telephony.TelephonyConnectionService}, [e0184adedf913b076626646d3f52c3b49c39ad6d], UserHandle{0}
01-09 05:50:47.494  3483  3483 I Telephony: PstnIncomingCallNotifier: Registering: Handler (com.android.internal.telephony.GsmCdmaPhone) {8b8872b}
01-09 05:50:47.512  3483  3483 I Telephony: PstnIncomingCallNotifier: Unregistering: Handler (com.android.internal.telephony.GsmCdmaPhone) {8b8872b}
01-09 05:50:47.513  3483  3483 E PhoneInterfaceManager: [PhoneIntfMgr] getIccId: No UICC
01-09 05:50:47.518  2850  3199 I Telecom : PhoneAccountRegistrar: [ComponentInfo{com.android.phone/com.android.services.telephony.TelephonyConnectionService}, [e0184adedf913b076626646d3f52c3b49c39ad6d], UserHandle{0}(icon: Icon(typ=BITMAP size=38x48) -> Icon(typ=BITMAP size=38x48))]: TSI.rPA@AA8
01-09 05:50:47.521  2850  3199 I Telecom : : Sending phone-account registered intent as user: TSI.rPA@AA8
01-09 05:50:47.522  3483  3483 I Telephony: AccountEntry: Registered phoneAccount: [[ ] PhoneAccount: ComponentInfo{com.android.phone/com.android.services.telephony.TelephonyConnectionService}, [e0184adedf913b076626646d3f52c3b49c39ad6d], UserHandle{0} Capabilities: CallProvider MultiUser PlaceEmerg SimSub  Schemes: tel voicemail  Extras: null] with handle: ComponentInfo{com.android.phone/com.android.services.telephony.TelephonyConnectionService}, [e0184adedf913b076626646d3f52c3b49c39ad6d], UserHandle{0}
01-09 05:50:47.522  3483  3483 I Telephony: PstnIncomingCallNotifier: Registering: Handler (com.android.internal.telephony.GsmCdmaPhone) {8b8872b}
01-09 05:50:47.637  3707  3707 W System  : ClassLoader referenced unknown path: /system/priv-app/CellBroadcastReceiver/lib/arm64
01-09 05:50:47.679  3707  3707 D CellBroadcastReceiver: Service state changed! 3 Full: 3 3 voice home data home null null null null null null  Unknown Unknown CSS not supported -1 -1 RoamInd=-1 DefRoamInd=-1 EmergOnly=false IsDataRoamingFromRegistration=false Current state=-1
01-09 05:50:47.683  3707  3707 D CellBroadcastReceiver: Service state changed! 1 Full: 1 1 voice home data home null null null null null null  Unknown Unknown CSS not supported -1 -1 RoamInd=-1 DefRoamInd=-1 EmergOnly=false IsDataRoamingFromRegistration=false Current state=3
01-09 05:50:47.688  3483  3483 I SimChangeReceiver: Sim removed, removing inactive accounts
01-09 05:50:47.690  3489  3489 D SimSelectNotification: simstatus = ABSENT
01-09 05:50:47.693  3489  3489 D SimSelectNotification: Subscription list is empty
01-09 05:50:47.694  3483  3483 I SimChangeReceiver: Sim removed, removing inactive accounts
01-09 05:50:47.696  3489  3489 D SimSelectNotification: simstatus = ABSENT
01-09 05:50:47.698  3489  3489 D SimSelectNotification: Subscription list is empty
01-09 05:50:47.701   373  3520 D NuPlayerDriver: notifyListener_l(0xf4c8c0c0), (2, 0, 0), loop setting(0, 0)
01-09 05:50:47.725   351   409 I ThermalEngine: TM Id 'CAMERA_CAMCORDER_MONITOR' Sensor 'tsens_tz_sensor1' - alarm raised 2 at 58.0 degC
01-09 05:50:47.725   351   409 I ThermalEngine: Thermal-Server: No client connected to socket
01-09 05:50:47.725   351   409 I ThermalEngine: Mitigation:Camera:2
01-09 05:50:47.725   351   409 I ThermalEngine: Thermal-Server: No client connected to socket
01-09 05:50:47.726   351   409 I ThermalEngine: Mitigation:Camcorder:2
01-09 05:50:47.784  3170  3170 W art     : Long monitor contention with owner AsyncTask #2 (3451) at boolean android.os.BinderProxy.transactNative(int, android.os.Parcel, android.os.Parcel, int)(Binder.java:-2) waiters=0 in void android.app.WallpaperManager$Globals.forgetLoadedWallpaper() for 995ms
01-09 05:50:47.791  3170  3170 I Choreographer: Skipped 63 frames!  The application may be doing too much work on its main thread.
01-09 05:50:47.802  3170  3170 W KeyguardUpdateMonitor: invalid subId in handleSimStateChange()
01-09 05:50:47.939  3170  3170 W KeyguardUpdateMonitor: invalid subId in handleSimStateChange()
01-09 05:50:47.966  3170  3170 W KeyguardUpdateMonitor: invalid subId in handleServiceStateChange()
01-09 05:50:47.969  3170  3170 W KeyguardUpdateMonitor: invalid subId in handleServiceStateChange()
01-09 05:50:47.971  3170  3170 W KeyguardUpdateMonitor: invalid subId in handleServiceStateChange()
01-09 05:50:47.973  3170  3170 W KeyguardUpdateMonitor: invalid subId in handleServiceStateChange()
01-09 05:50:47.973  3170  3170 W KeyguardUpdateMonitor: invalid subId in handleSimStateChange()
01-09 05:50:47.973  3170  3170 W KeyguardUpdateMonitor: invalid subId in handleSimStateChange()
01-09 05:50:48.904  3483  3483 I Telephony: PstnIncomingCallNotifier: Unregistering: Handler (com.android.internal.telephony.GsmCdmaPhone) {8b8872b}
01-09 05:50:48.906  3170  3170 W KeyguardUpdateMonitor: invalid subId in handleServiceStateChange()
01-09 05:50:48.907  3483  3483 E PhoneInterfaceManager: [PhoneIntfMgr] getIccId: No UICC
01-09 05:50:48.913  2850  2877 I Telecom : PhoneAccountRegistrar: [ComponentInfo{com.android.phone/com.android.services.telephony.TelephonyConnectionService}, [e0184adedf913b076626646d3f52c3b49c39ad6d], UserHandle{0}(icon: Icon(typ=BITMAP size=38x48) -> Icon(typ=BITMAP size=38x48))]: TSI.rPA@ABg
01-09 05:50:48.915  2850  2877 I Telecom : : Sending phone-account registered intent as user: TSI.rPA@ABg
01-09 05:50:48.915  3483  3483 I Telephony: AccountEntry: Registered phoneAccount: [[ ] PhoneAccount: ComponentInfo{com.android.phone/com.android.services.telephony.TelephonyConnectionService}, [e0184adedf913b076626646d3f52c3b49c39ad6d], UserHandle{0} Capabilities: CallProvider MultiUser PlaceEmerg SimSub  Schemes: tel voicemail  Extras: null] with handle: ComponentInfo{com.android.phone/com.android.services.telephony.TelephonyConnectionService}, [e0184adedf913b076626646d3f52c3b49c39ad6d], UserHandle{0}
01-09 05:50:48.916  3483  3483 I Telephony: PstnIncomingCallNotifier: Registering: Handler (com.android.internal.telephony.GsmCdmaPhone) {8b8872b}
01-09 05:50:50.544   351   409 I ThermalEngine: TM Id 'CAMERA_CAMCORDER_MONITOR' Sensor 'tsens_tz_sensor1' - alarm cleared 2 at 56.0 degC
01-09 05:50:50.545   351   409 I ThermalEngine: Thermal-Server: No client connected to socket
01-09 05:50:50.545   351   409 I ThermalEngine: Mitigation:Camera:1
01-09 05:50:50.545   351   409 I ThermalEngine: Thermal-Server: No client connected to socket
01-09 05:50:50.545   351   409 I ThermalEngine: Mitigation:Camcorder:1
01-09 05:50:51.171   351   409 I ThermalEngine: TM Id 'IBAT_management' Sensor 'pop_mem' - alarm cleared 1 at 52.0 degC
01-09 05:50:51.172   351   409 I ThermalEngine: Mitigation:Battery:0
01-09 05:50:53.991   351   409 I ThermalEngine: TM Id 'CAMERA_CAMCORDER_MONITOR' Sensor 'tsens_tz_sensor1' - alarm cleared 1 at 54.0 degC
01-09 05:50:53.991   351   409 I ThermalEngine: Thermal-Server: No client connected to socket
01-09 05:50:53.991   351   409 I ThermalEngine: Mitigation:Camera:0
01-09 05:50:53.991   351   409 I ThermalEngine: Thermal-Server: No client connected to socket
01-09 05:50:53.991   351   409 I ThermalEngine: Mitigation:Camcorder:0
01-09 05:50:55.845   363   363 E         : Unable to unlink boot marker at /data//dalvik-cache/arm64/.booting, error=No such file or directory
01-09 05:50:55.845  2850  2886 W ActivityManager: Unable to mark boot complete for abi: arm64-v8a (Failed to execute markbootcomplete [arm64]: -1)
01-09 05:50:55.845   363   363 E         : Unable to unlink boot marker at /data//dalvik-cache/arm/.booting, error=No such file or directory
01-09 05:50:55.846  2850  2886 W ActivityManager: Unable to mark boot complete for abi: armeabi-v7a (Failed to execute markbootcomplete [arm]: -1)
01-09 05:50:55.847  2850  2886 I SystemServiceManager: Starting phase 1000
01-09 05:50:55.862  2850  2886 I ActivityManager: Start proc 3795:android.ext.services/u0a8 for on-hold
01-09 05:50:55.864  2850  2886 D ActivityManager: Finishing user boot 0
01-09 05:50:55.865  2850  2886 D CryptdConnector: SND -> {5 cryptfs prepare_user_storage ! 0 0 2}
01-09 05:50:55.866   217   223 D vold    : e4crypt_prepare_user_storage for volume null, user 0, serial 0, flags 2
01-09 05:50:55.866   217   223 D vold    : Preparing: /data/system_ce/0
01-09 05:50:55.866   217   223 D vold    : Preparing: /data/misc_ce/0
01-09 05:50:55.866   217   223 D vold    : Preparing: /data/media/0
01-09 05:50:55.866   217   223 D vold    : Preparing: /data/data
01-09 05:50:55.866  2850  3108 D CryptdConnector: RCV <- {200 5 Command succeeded}
01-09 05:50:55.867  2850  2886 V UserManagerService: Found /data/user/0 with serial number 0
01-09 05:50:55.867  2850  2886 V UserManagerService: Found /data/system_ce/0 with serial number 0
01-09 05:50:55.867  2850  2886 V PackageManager: reconcileAppsData for null u0 0x2
01-09 05:50:55.961  2850  2886 V PackageManager: reconcileAppsData finished 78 packages; restoreconNeeded was false
01-09 05:50:55.969  2850  2879 D BluetoothManagerService: User 0 unlocked
01-09 05:50:55.976  2850  2885 D BluetoothManagerService: Message: 301
01-09 05:50:55.976  2850  2885 D BluetoothManagerService: MESSAGE_USER_UNLOCKED
01-09 05:50:56.002  3795  3795 W System  : ClassLoader referenced unknown path: /system/priv-app/ExtServices/lib/arm64
01-09 05:50:56.074  2850  2879 D MountService: onUnlockUser 0
01-09 05:50:56.074  2850  2879 D VoldConnector: SND -> {6 volume user_started 0}
01-09 05:50:56.075   217   222 D vold    : Linking /storage/emulated/0 to /mnt/user/0/primary
01-09 05:50:56.075  2850  3107 D VoldConnector: RCV <- {200 6 Command succeeded}
01-09 05:50:56.077  2850  3106 D MountService: Volume emulated broadcasting mounted to UserHandle{0}
01-09 05:50:56.124  2850  2879 V BackupManagerService: No ancestral data
01-09 05:50:56.171  3164  3164 I InputAttributes: InputType.TYPE_NULL is specified
01-09 05:50:56.180  2850  2879 V KeyValueBackupJob: Scheduling k/v pass in 244 minutes
01-09 05:50:56.203  2850  2879 V BackupManagerService: Starting with transport com.google.android.backup/.BackupTransportService
01-09 05:50:56.203  2850  2879 V BackupManagerService: Found transports: 1
01-09 05:50:56.211  2850  2879 I BackupManagerService: Found stale backup journal, scheduling
01-09 05:50:56.214  2850  2879 I BackupManagerService: Backup enabled => false
01-09 05:50:56.214  2850  2850 V BackupManagerService: Connected to transport ComponentInfo{android/com.android.internal.backup.LocalTransportService}
01-09 05:50:56.215  2850  2850 V BackupManagerService: Registering transport android/com.android.internal.backup.LocalTransportService::android/com.android.internal.backup.LocalTransport = android.app.backup.BackupTransport$TransportImpl@b4e3aa7
01-09 05:50:56.256  2850  2879 W VoiceInteractionManagerService: no available voice interaction services found for user 0
01-09 05:50:56.256  2850  2879 W VoiceInteractionManagerService: no available voice recognition services found for user 0
01-09 05:50:56.257  2850  2879 I ActivityManager: Loading recents for user 0 into memory.
01-09 05:50:56.266  2850  2879 I ActivityManager: Start proc 3822:org.omnirom.omniswitch/u0a16 for added application org.omnirom.omniswitch
01-09 05:50:56.269  2850  2879 D ActivityManager: Sending BOOT_COMPLETE user #0
01-09 05:50:56.287  2850  2879 I ActivityManager: Start proc 3837:android.process.media/u0a7 for broadcast com.android.providers.downloads/.DownloadReceiver
01-09 05:50:56.293  3483  3483 D CarrierSvcBindHelper: Received android.intent.action.USER_UNLOCKED
01-09 05:50:56.294  3483  3483 D CarrierSvcBindHelper: No carrier app for: 0
01-09 05:50:56.294  3483  3483 D CarrierSvcBindHelper: No carrier app for: 1
01-09 05:50:56.295  3489  3489 D FallbackHome: User unlocked and real home found; let's go!
01-09 05:50:56.358  2850  3530 I ActivityManager: Start proc 3848:com.android.keychain/1000 for service com.android.keychain/.KeyChainService
01-09 05:50:56.458  3822  3822 W System  : ClassLoader referenced unknown path: /system/priv-app/OmniSwitch/lib/arm64
01-09 05:50:56.501  3848  3848 W System  : ClassLoader referenced unknown path: /system/app/KeyChain/lib/arm64
01-09 05:50:56.588  2850  3454 I WindowManager: Destroying surface Surface(name=com.android.settings/com.android.settings.FallbackHome) called by com.android.server.wm.WindowStateAnimator.destroySurface:2014 com.android.server.wm.WindowStateAnimator.destroySurfaceLocked:881 com.android.server.wm.WindowState.removeLocked:1449 com.android.server.wm.WindowManagerService.removeWindowInnerLocked:2480 com.android.server.wm.WindowManagerService.removeWindowLocked:2438 com.android.server.wm.WindowManagerService.removeWindowLocked:2307 com.android.server.wm.WindowManagerService.removeWindow:2302 com.android.server.wm.Session.remove:193 
01-09 05:50:56.614  2850  2877 I ActivityManager: START u0 {act=android.intent.action.MAIN cat=[android.intent.category.HOME] flg=0x10000100 cmp=com.android.launcher3/.Launcher} from uid 0 on display 0
01-09 05:50:56.637  2850  2878 I ActivityManager: Start proc 3883:com.android.printspooler/u0a46 for service com.android.printspooler/.model.PrintSpoolerService
01-09 05:50:56.674  2850  2879 I ActivityManager: Start proc 3898:com.android.launcher3/u0a12 for activity com.android.launcher3/.Launcher
01-09 05:50:56.759  3898  3898 I art     : Starting a blocking GC AddRemoveAppImageSpace
01-09 05:50:56.761  3898  3898 W System  : ClassLoader referenced unknown path: /system/priv-app/Launcher3/lib/arm64
01-09 05:50:56.875  2850  2878 W LocationProviderProxy-network: Odd, no component found for service com.android.location.service.v3.NetworkLocationProvider
01-09 05:50:56.876  2850  2878 W GeocoderProxy: Odd, no component found for service com.android.location.service.GeocodeProvider
01-09 05:50:56.876  2850  2878 W GeofenceProxy: Odd, no component found for service com.android.location.service.GeofenceProvider
01-09 05:50:56.876  2850  2878 W ActivityRecognitionProxy: Odd, no component found for service com.android.location.service.ActivityRecognitionProvider
01-09 05:50:56.948  3898  3898 V Launcher: LauncherAppState inited
01-09 05:50:56.994  3898  3898 D Launcher.Model: Old launcher provider: content://com.android.launcher2.settings/favorites?notify=true
01-09 05:50:56.994  3898  3898 D Launcher.Model: Old launcher provider does not exist.
01-09 05:50:57.238  2850  2879 W ActivityManager: Activity pause timeout for ActivityRecord{e7ef6a1 u0 com.android.launcher3/.Launcher t1}
01-09 05:50:57.415  3837  3837 W System  : ClassLoader referenced unknown path: /system/priv-app/DownloadProvider/lib/arm64
01-09 05:50:57.533  3898  3920 I Adreno-EGL: <qeglDrvAPI_eglInitialize:379>: EGL 1.4 QUALCOMM build: Nondeterministic_AU_msm8916_64_LA.BR.1.2.6_RB1__release_AU (Ia10634f51b)
01-09 05:50:57.533  3898  3920 I Adreno-EGL: OpenGL ES Shader Compiler Version: XE031.06.00.05
01-09 05:50:57.533  3898  3920 I Adreno-EGL: Build Date: 01/04/16 Mon
01-09 05:50:57.533  3898  3920 I Adreno-EGL: Local Branch: mybranch17585849
01-09 05:50:57.533  3898  3920 I Adreno-EGL: Remote Branch: quic/LA.BR.1.2.6_rb1.7
01-09 05:50:57.533  3898  3920 I Adreno-EGL: Local Patches: NONE
01-09 05:50:57.533  3898  3920 I Adreno-EGL: Reconstruct Branch: NOTHING
01-09 05:50:57.537  3898  3920 I OpenGLRenderer: Initialized EGL, version 1.4
01-09 05:50:57.537  3898  3920 D OpenGLRenderer: Swap behavior 1
01-09 05:50:57.702  3837  3837 W System  : ClassLoader referenced unknown path: /system/priv-app/MediaProvider/lib/arm64
01-09 05:50:57.834  3837  3837 D MediaScannerReceiver: action: android.intent.action.MEDIA_MOUNTED path: /storage/emulated/0
01-09 05:50:57.954  2850  3934 I chatty  : uid=1000 system_server expire 2 lines
01-09 05:50:57.954  2850  3934 I RecoverySystem: Deleted: /cache/recovery/recovery.fstab
01-09 05:50:57.955  2850  3934 I RecoverySystem: Deleted: /cache/recovery/storage.fstab
01-09 05:50:57.955  2850  3934 I RecoverySystem: Deleted: /cache/recovery/log
01-09 05:50:57.955  2850  3934 I RecoverySystem: Deleted: /cache/recovery/intent
01-09 05:50:57.983  2850  3199 I ActivityManager: Start proc 3936:eu.chainfire.supersu/u0a54 for broadcast eu.chainfire.supersu/.BootCompleteReceiver
01-09 05:50:57.984  2850  2880 E QCOM PowerHAL: Failed to acquire lock.
01-09 05:50:58.009  2850  3934 I BootReceiver: Copying /sys/fs/pstore/console-ramoops to DropBox (SYSTEM_LAST_KMSG)
01-09 05:50:58.071  2850  3934 I BootReceiver: Copying audit failures to DropBox
01-09 05:50:58.090  2850  3934 I BootReceiver: Copied 3158 worth of audits to DropBox
01-09 05:50:58.099  2850  3934 I BootReceiver: Checking for fsck errors
01-09 05:50:58.156  3170  3170 D PhoneStatusBar: disable: < expand ICONS alerts SYSTEM_INFO back HOME RECENT clock SEARCH quick_settings >
01-09 05:50:58.214  3170  3170 D PhoneStatusBar: disable: < expand icons* alerts system_info* back HOME RECENT clock SEARCH quick_settings >
01-09 05:50:58.216  2850  3092 I Sensors : proximity: activate: 0
01-09 05:50:58.251  3164  3164 I LatinIME: Timeout waiting for dictionary load
01-09 05:50:58.300   354  2045 I chatty  : uid=1041(audioserver) FastMixer expire 1294 lines
01-09 05:50:58.381  3170  3170 D PhoneStatusBar: disable: < expand icons alerts system_info back home* recent* clock search* quick_settings >
01-09 05:50:58.402  3170  3170 W FingerprintManager: isFingerprintHardwareDetected(): Service not connected!
01-09 05:50:58.521  3936  3936 W System  : ClassLoader referenced unknown path: /data/app/eu.chainfire.supersu-1/lib/arm64
01-09 05:50:58.612  2850  3104 E QCOM PowerHAL: Failed to acquire lock.
01-09 05:50:58.619  3170  3170 D PhoneStatusBar: disable: < expand icons alerts system_info back home recent clock search quick_settings >
01-09 05:50:58.729  2850  3454 W ActivityManager: Slow operation: 52ms so far, now at startProcess: returned from zygote!
01-09 05:50:58.729  2850  3454 W ActivityManager: Slow operation: 52ms so far, now at startProcess: done updating battery stats
01-09 05:50:58.729  2850  3454 W ActivityManager: Slow operation: 52ms so far, now at startProcess: building log message
01-09 05:50:58.729  2850  3454 I ActivityManager: Start proc 3958:com.android.dialer/u0a22 for broadcast com.android.dialer/.calllog.CallLogReceiver
01-09 05:50:58.729  2850  3454 W ActivityManager: Slow operation: 52ms so far, now at startProcess: starting to update pids map
01-09 05:50:58.730  2850  3454 W ActivityManager: Slow operation: 52ms so far, now at startProcess: done updating pids map
01-09 05:50:58.730  2850  3454 W ActivityManager: Slow operation: 52ms so far, now at startProcess: done starting proc!
01-09 05:50:58.808  2850  2880 E QCOM PowerHAL: Failed to acquire lock.
01-09 05:50:58.885  3958  3958 W System  : ClassLoader referenced unknown path: /system/priv-app/Dialer/lib/arm64
01-09 05:50:58.971  3936  3963 W art     : Verification of boolean eu.chainfire.supersu.Installer.b(android.content.Context, boolean) took 134.186ms
01-09 05:50:58.991  3958  3958 D BlockedNumbersAuto: Not attempting auto-migrate: already checked once.
01-09 05:50:59.009  2850  3144 D WIFI    : Registering NetworkFactory
01-09 05:50:59.009  2850  3144 D WIFI_UT : Registering NetworkFactory
01-09 05:50:59.010  2850  3148 D ConnectivityService: Got NetworkFactory Messenger for WIFI
01-09 05:50:59.010  2850  3148 D ConnectivityService: Got NetworkFactory Messenger for WIFI_UT
01-09 05:50:59.013  2850  3144 D WIFI    : got request NetworkRequest [ id=1, legacyType=-1, [ Capabilities: INTERNET&NOT_RESTRICTED&TRUSTED&NOT_VPN] ] with score 0
01-09 05:50:59.013  2850  3144 D WIFI_UT : got request NetworkRequest [ id=1, legacyType=-1, [ Capabilities: INTERNET&NOT_RESTRICTED&TRUSTED&NOT_VPN] ] with score 0
01-09 05:50:59.014  3483  3483 D CarrierConfigLoader: mHandler: 13 phoneId: 0
01-09 05:50:59.014  3483  3483 D CarrierConfigLoader: mHandler: 7 phoneId: 0
01-09 05:50:59.022  3483  3483 E CarrierConfigLoader: Cannot restore config with null packageName or iccid.
01-09 05:50:59.023  3483  3483 D CarrierConfigLoader: Binding to com.android.carrierconfig for phone 0
01-09 05:50:59.025  2850  2876 I ActivityManager: Start proc 3976:com.android.calendar/u0a36 for broadcast com.android.calendar/.alerts.AlertReceiver
01-09 05:50:59.049  2850  2877 I ActivityManager: Start proc 3981:com.android.carrierconfig/u0a1 for service com.android.carrierconfig/.DefaultCarrierConfigService
01-09 05:50:59.059  3483  3483 D CarrierConfigLoader: mHandler: 7 phoneId: 1
01-09 05:50:59.060  3483  3483 E CarrierConfigLoader: Cannot restore config with null packageName or iccid.
01-09 05:50:59.060  3483  3483 D CarrierConfigLoader: Binding to com.android.carrierconfig for phone 1
01-09 05:50:59.101  3981  3981 W System  : ClassLoader referenced unknown path: /system/priv-app/CarrierConfig/lib/arm64
01-09 05:50:59.107  3936  3963 W art     : Verification of boolean eu.chainfire.supersu.Installer.a(android.content.Context, eu.chainfire.supersu.Installer$UninstallMode, int) took 120.802ms
01-09 05:50:59.127  3981  3981 D DefaultCarrierConfigService: Service created
01-09 05:50:59.129  3483  3483 D CarrierConfigLoader: Connected to config app: com.android.carrierconfig/com.android.carrierconfig.DefaultCarrierConfigService
01-09 05:50:59.129  3483  3483 D CarrierConfigLoader: Connected to config app: com.android.carrierconfig/com.android.carrierconfig.DefaultCarrierConfigService
01-09 05:50:59.129  3483  3483 D CarrierConfigLoader: mHandler: 3 phoneId: 1
01-09 05:50:59.130  3981  4002 D DefaultCarrierConfigService: Config being fetched
01-09 05:50:59.131  3981  4002 D DefaultCarrierConfigService: java.io.FileNotFoundException: carrier_config_.xml
01-09 05:50:59.135  3483  3483 E CarrierConfigLoader: Cannot save config with null packageName or iccid.
01-09 05:50:59.135  3483  3483 D CarrierConfigLoader: mHandler: 3 phoneId: 0
01-09 05:50:59.135  3981  4003 D DefaultCarrierConfigService: Config being fetched
01-09 05:50:59.136  3981  4003 D DefaultCarrierConfigService: java.io.FileNotFoundException: carrier_config_.xml
01-09 05:50:59.136  3483  3483 E CarrierConfigLoader: Cannot save config with null packageName or iccid.
01-09 05:50:59.138  3483  3483 D CarrierConfigLoader: mHandler: 5 phoneId: 1
01-09 05:50:59.145  2850  2850 I Telecom : PhoneAccountRegistrar: SimCallManager queried, returning: null: TSI.gSCMFU@AB4
01-09 05:50:59.145  3483  3483 D CarrierConfigLoader: mHandler: 5 phoneId: 0
01-09 05:50:59.161  2850  2850 I Telecom : PhoneAccountRegistrar: SimCallManager queried, returning: null: TSI.gSCMFU@AB8
01-09 05:50:59.255  3936  3963 W art     : Verification of boolean eu.chainfire.supersu.Installer.b(android.content.Context) took 146.032ms
01-09 05:50:59.257  3958  3990 W CountryDetector: No location permissions, not registering for location updates.
01-09 05:50:59.286  2850  3199 I ActivityManager: Start proc 4006:android.process.acore/u0a0 for content provider com.android.providers.contacts/.CallLogProvider
01-09 05:50:59.324  2850  3104 E QCOM PowerHAL: Failed to acquire lock.
01-09 05:50:59.502  2850  2880 E QCOM PowerHAL: Failed to acquire lock.
01-09 05:50:59.524  3936  3963 D SuperSU][APK: [SuperSU][APK][Installer] detect(277)
01-09 05:50:59.944   351   409 I ThermalEngine: TM Id 'CAMERA_CAMCORDER_MONITOR' Sensor 'tsens_tz_sensor1' - alarm raised 1 at 56.0 degC
01-09 05:50:59.944   351   409 I ThermalEngine: Thermal-Server: No client connected to socket
01-09 05:50:59.944   351   409 I ThermalEngine: Mitigation:Camera:1
01-09 05:50:59.944   351   409 I ThermalEngine: Thermal-Server: No client connected to socket
01-09 05:50:59.944   351   409 I ThermalEngine: Mitigation:Camcorder:1
01-09 05:50:59.975  3976  3976 W System  : ClassLoader referenced unknown path: /system/app/Calendar/lib/arm64
01-09 05:50:59.978  4006  4006 W System  : ClassLoader referenced unknown path: /system/priv-app/ContactsProvider/lib/arm64
01-09 05:51:00.054  2850  3104 E QCOM PowerHAL: Failed to acquire lock.
01-09 05:51:00.319  3936  3963 D SuperSU][APK: [SuperSU][APK][Installer] su --> 277
01-09 05:51:00.327  2850  3104 E QCOM PowerHAL: Failed to acquire lock.
01-09 05:51:00.434  3976  3976 D ExtensionsFactory: No custom extensions.
01-09 05:51:00.468  3976  3976 D AlertReceiver: onReceive: a=android.intent.action.BOOT_COMPLETED Intent { act=android.intent.action.BOOT_COMPLETED flg=0x9000010 cmp=com.android.calendar/.alerts.AlertReceiver (has extras) }
01-09 05:51:00.525  2850  3201 I ActivityManager: Start proc 4039:com.android.deskclock/u0a40 for broadcast com.android.deskclock/.AlarmInitReceiver
01-09 05:51:00.589  2850  3104 E QCOM PowerHAL: Failed to acquire lock.
01-09 05:51:00.627  4006  4006 W art     : Verification of android.database.Cursor com.android.providers.contacts.ContactsProvider2.queryMergedDirectories(android.net.Uri, java.lang.String[], java.lang.String, java.lang.String[], java.lang.String, android.os.CancellationSignal) took 160.054ms
01-09 05:51:00.829  3976  4055 D AlertService: 0 Action = android.intent.action.BOOT_COMPLETED
01-09 05:51:00.834  3976  4055 D AlertService: Scheduling next alarm with AlarmScheduler. sEventReminderReceived: null
01-09 05:51:00.856  2850  3104 E QCOM PowerHAL: Failed to acquire lock.
01-09 05:51:00.950  4039  4039 W System  : ClassLoader referenced unknown path: /system/app/DeskClock/lib/arm64
01-09 05:51:00.999  2850  2876 I ActivityManager: Start proc 4065:com.android.providers.calendar/u0a2 for content provider com.android.providers.calendar/.CalendarProvider2
01-09 05:51:01.007  3936  3963 D SuperSU][APK: [SuperSU][APK][Installer] su daemon --> 277
01-09 05:51:01.007  3936  3963 D SuperSU][APK: [SuperSU][APK][Installer] sugote --> -3 / -3 / 0
01-09 05:51:01.096  4039  4039 V AlarmClock: AlarmInitReceiver android.intent.action.BOOT_COMPLETED
01-09 05:51:01.123  2850  3104 E QCOM PowerHAL: Failed to acquire lock.
01-09 05:51:01.255  4039  4082 V AlarmClock: AlarmInitReceiver - Reset timers and clear stopwatch data
01-09 05:51:01.274  4065  4065 W System  : ClassLoader referenced unknown path: /system/priv-app/CalendarProvider/lib/arm64
01-09 05:51:01.390  2850  3104 E QCOM PowerHAL: Failed to acquire lock.
01-09 05:51:01.394  3164  3164 I SystemBroadcastReceiver: Boot has been completed
01-09 05:51:01.394  3164  3164 I SystemBroadcastReceiver: toggleAppIcon() : FLAG_SYSTEM = true
01-09 05:51:01.417  2850  2877 I ActivityManager: Start proc 4089:com.android.managedprovisioning/u0a11 for broadcast com.android.managedprovisioning/.BootReminder
01-09 05:51:01.426  4039  4082 V AlarmClock: AlarmInitReceiver finished
01-09 05:51:01.442  3936  3963 D SuperSU][APK: [SuperSU][APK][Installer] supolicy --> 277
01-09 05:51:01.488  4006  4083 W art     : Verification of void com.android.providers.contacts.LegacyApiSupport.parseContactMethodValues(int, android.content.ContentValues) took 123.710ms
01-09 05:51:01.505  2850  2877 W InputMethodManagerService: Window already focused, ignoring focus gain of: com.android.internal.view.IInputMethodClient$Stub$Proxy@4590c2f attribute=null, token = android.os.BinderProxy@9585981
01-09 05:51:01.540  2850  2877 I ActivityManager: START u0 {act=android.settings.WIFI_SETTINGS flg=0x14000000 cmp=com.android.settings/.Settings$WifiSettingsActivity} from uid 10026 on display 0
01-09 05:51:01.579  2850  3201 E ActivityManager: applyOptionsLocked: Unknown animationType=0
01-09 05:51:01.617   354  2046 I chatty  : uid=1041(audioserver) AudioOut_15 expire 68 lines
01-09 05:51:01.638  3489  3507 I art     : HomogeneousSpaceCompact marksweep + semispace GC freed 3303(287KB) AllocSpace objects, 0(0B) LOS objects, 40% free, 2MB/4MB, paused 191.682ms total 191.682ms
01-09 05:51:01.657  2850  3104 E QCOM PowerHAL: Failed to acquire lock.
01-09 05:51:01.924  2850  3104 E QCOM PowerHAL: Failed to acquire lock.
01-09 05:51:02.091  3170  3170 D PhoneStatusBar: disable: < expand icons alerts system_info back home recent clock search quick_settings >
01-09 05:51:02.337  4065  4065 W art     : Verification of void com.android.providers.calendar.CalendarProvider2.removeStaleAccounts(android.accounts.Account[]) took 850.848ms
01-09 05:51:02.339  4006  4006 W art     : Verification of android.database.Cursor com.android.providers.contacts.VoicemailStatusTable.query(com.android.providers.contacts.VoicemailContentProvider$UriData, java.lang.String[], java.lang.String, java.lang.String[], java.lang.String) took 856.724ms
01-09 05:51:02.434  4006  4006 W System  : ClassLoader referenced unknown path: /system/priv-app/BlockedNumberProvider/lib/arm64
01-09 05:51:02.539  4006  4006 W System  : ClassLoader referenced unknown path: /system/app/UserDictionaryProvider/lib/arm64
01-09 05:51:02.541  4065  4065 W art     : Verification of android.net.Uri com.android.providers.calendar.CalendarProvider2.insertInTransaction(android.net.Uri, android.content.ContentValues, boolean) took 186.008ms
01-09 05:51:02.553  4089  4089 W System  : ClassLoader referenced unknown path: /system/priv-app/ManagedProvisioning/lib/arm64
01-09 05:51:02.702  3936  3963 D SuperSU][APK: [SuperSU][APK][Installer] sukernel --> 277
01-09 05:51:02.727  2850  2886 I ActivityManager: Displayed com.android.settings/.Settings$WifiSettingsActivity: +1s149ms
01-09 05:51:02.797  3936  3963 D SuperSU][APK: [SuperSU][APK][Installer] su old --> -2
01-09 05:51:02.797  3936  3963 D SuperSU][APK: [SuperSU][APK][Installer] app_process --> 0
01-09 05:51:02.886  3489  4112 I IndexDatabaseHelper: Using schema version: 115
01-09 05:51:02.924  2850  2877 I ActivityManager: Start proc 4126:com.android.messaging/u0a50 for broadcast com.android.messaging/.receiver.BootAndPackageReplacedReceiver
01-09 05:51:02.930  2850  2886 I WindowManager: Destroying surface Surface(name=Starting com.android.settings) called by com.android.server.wm.WindowStateAnimator.destroySurface:2014 com.android.server.wm.WindowStateAnimator.destroySurfaceLocked:881 com.android.server.wm.WindowState.destroyOrSaveSurface:2073 com.android.server.wm.AppWindowToken.destroySurfaces:363 com.android.server.wm.WindowStateAnimator.finishExit:565 com.android.server.wm.WindowStateAnimator.stepAnimationLocked:491 com.android.server.wm.WindowAnimator.updateWindowsLocked:303 com.android.server.wm.WindowAnimator.animateLocked:704 
01-09 05:51:03.001  4065  4065 I CalendarProvider2: Created com.android.providers.calendar.CalendarAlarmManager@bf23c02(com.android.providers.calendar.CalendarProvider2@ff85913)
01-09 05:51:03.059  3936  3963 D SuperSU][APK: [SuperSU][APK][Installer] sdk == 24
01-09 05:51:03.059  3936  3963 D SuperSU][APK: [SuperSU][APK][Installer] su_bin_only == 1
01-09 05:51:03.059  3936  3963 D SuperSU][APK: [SuperSU][APK][Installer] xbin_only == 0
01-09 05:51:03.059  3936  3963 D SuperSU][APK: [SuperSU][APK][Installer] selinux_enforcing == 0
01-09 05:51:03.059  3936  3963 D SuperSU][APK: [SuperSU][APK][Installer] is_daemon_mode == 1
01-09 05:51:03.059  3936  3963 D SuperSU][APK: [SuperSU][APK][Installer] is_sugote_needed == 0
01-09 05:51:03.059  3936  3963 D SuperSU][APK: [SuperSU][APK][Installer] is_supolicy_needed == 1
01-09 05:51:03.059  3936  3963 D SuperSU][APK: [SuperSU][APK][Installer] context_toolbox == u:object_r:toolbox_exec:s0
01-09 05:51:03.059  3936  3963 D SuperSU][APK: [SuperSU][APK][Installer] want_install == 0
01-09 05:51:03.060  3936  3963 D SuperSU][APK: [SuperSU][APK][Installer] want_backup == 0
01-09 05:51:03.060  3936  3963 D SuperSU][APK: [SuperSU][APK][Installer] want_daemon == 0
01-09 05:51:03.060  3936  3963 D SuperSU][APK: [SuperSU][APK][Installer] want_sugote == 0
01-09 05:51:03.060  3936  3963 D SuperSU][APK: [SuperSU][APK][Installer] want_supolicy == 0
01-09 05:51:03.060  3936  3963 D SuperSU][APK: [SuperSU][APK][Installer] want_sukernel == 0
01-09 05:51:03.060  3936  3963 D SuperSU][APK: [SuperSU][APK][Installer] want_app_process == 0
01-09 05:51:03.060  3936  3963 D SuperSU][APK: [SuperSU][APK][Installer] have_recovery_context == 0
01-09 05:51:03.060  3936  3963 D SuperSU][APK: [SuperSU][APK][Installer] wantInstall() == 0
01-09 05:51:03.060  3936  3963 D SuperSU][APK: [SuperSU][APK][Installer] canInstall() == 1
01-09 05:51:03.061  4006  4083 W art     : Verification of void com.android.providers.contacts.NameSplitter.guessFullNameStyle(com.android.providers.contacts.NameSplitter$Name) took 104.825ms
01-09 05:51:03.189  4006  4083 W art     : Verification of void com.android.providers.contacts.NameSplitter.parseLastName(com.android.providers.contacts.NameSplitter$Name, com.android.providers.contacts.NameSplitter$NameTokenizer) took 127.230ms
01-09 05:51:03.207  3489  4112 I IndexDatabaseHelper: Index is fine
01-09 05:51:03.431  3976  4055 D AlarmScheduler: No events found starting within 1 week.
01-09 05:51:03.590  3489  4112 D Index   : Indexing locale 'en_US' took 347 millis
01-09 05:51:03.752  3489  4110 D Index   : Indexing locale 'en_US' took 6 millis
01-09 05:51:03.905  3489  4111 V NFC     : this device does not have NFC support
01-09 05:51:04.125  3489  4111 D Index   : Deleting data for locale 'en_US' took 61 millis
01-09 05:51:04.130  4126  4126 W System  : ClassLoader referenced unknown path: /system/app/messaging/lib/arm64
01-09 05:51:04.158  3489  4111 D Index   : Indexing locale 'en_US' took 33 millis
01-09 05:51:04.269  3489  4111 D Index   : Deleting data for locale 'en_US' took 2 millis
01-09 05:51:04.277  4006  4083 W art     : Verification of java.lang.String com.android.providers.contacts.PostalSplitter.joinJaJp(com.android.providers.contacts.PostalSplitter$Postal) took 251.288ms
01-09 05:51:04.296  2850  3104 E QCOM PowerHAL: Failed to acquire lock.
01-09 05:51:04.330  3489  4111 D Index   : Indexing locale 'en_US' took 61 millis
01-09 05:51:04.382  2850  2877 D WifiService: setWifiEnabled: true pid=3489, uid=1000
01-09 05:51:04.424  4065  4065 I CalendarProvider2: Sending notification intent: Intent { act=android.intent.action.PROVIDER_CHANGED dat=content://com.android.calendar flg=0x20000000 }
01-09 05:51:04.432  4065  4065 W ContentResolver: Failed to get type for: content://com.android.calendar (Unknown URL content://com.android.calendar)
01-09 05:51:04.524  4126  4126 W MessagingApp: PhoneUtils.getForLMR1(): invalid subId = -1
01-09 05:51:04.571  2850  3454 I ActivityManager: Start proc 4166:com.android.onetimeinitializer/u0a14 for broadcast com.android.onetimeinitializer/.OneTimeInitializerReceiver
01-09 05:51:04.590  4006  4017 W art     : Suspending all threads took: 246.019ms
01-09 05:51:04.678  4166  4166 W System  : ClassLoader referenced unknown path: /system/priv-app/OneTimeInitializer/lib/arm64
01-09 05:51:04.748  4166  4166 V OneTimeInitializerRece: OneTimeInitializerReceiver.onReceive
01-09 05:51:04.817  3483  3483 V OmtpBootCompletedRcvr: processing deferred subId list
01-09 05:51:04.834  4126  4179 I MessagingAppDataModel: Fixup: Send failed - 0 Download failed - 0
01-09 05:51:04.851  4126  4179 W MessagingApp: PhoneUtils.getForLMR1(): invalid subId = -1
01-09 05:51:04.888  4126  4179 W MessagingApp: PhoneUtils.getForLMR1(): invalid subId = -1
01-09 05:51:05.054  3483  3483 W System  : ClassLoader referenced unknown path: /system/app/Stk/lib/arm64
01-09 05:51:05.078  2850  2850 W System  : ClassLoader referenced unknown path: /system/app/AntHalService/lib/arm64
01-09 05:51:05.105  2850  2850 W ContextImpl: Calling a method in the system process without a qualified user: android.app.ContextImpl.startService:1385 android.content.ContextWrapper.startService:613 android.content.ContextWrapper.startService:613 com.dsi.ant.server.AntService.startService:129 com.dsi.ant.server.startup.BootCompletedReceiver.onReceive:41 
01-09 05:51:05.105  2850  2850 W ContextImpl: Implicit intents with startService are not safe: Intent { act=com.dsi.ant.server.IAntHal } android.content.ContextWrapper.startService:613 android.content.ContextWrapper.startService:613 com.dsi.ant.server.AntService.startService:129 
01-09 05:51:05.123  2850  2850 I ActivityManager: Start proc 4189:com.qualcomm.qcrilmsgtunnel/1001 for broadcast com.qualcomm.qcrilmsgtunnel/.QcrilMsgTunnelAutoboot
01-09 05:51:05.199  4126  4126 I MessagingApp: Carrier config changed. Reloading MMS config.
01-09 05:51:05.224  4126  4179 W MessagingApp: PhoneUtils.getForLMR1(): invalid subId = -1
01-09 05:51:05.262  4189  4189 W System  : ClassLoader referenced unknown path: /system/priv-app/qcrilmsgtunnel/lib/arm64
01-09 05:51:05.263  4126  4165 W MessagingApp: PhoneUtils.getForLMR1(): invalid subId = -1
01-09 05:51:05.281  4126  4210 I MessagingAppDataModel: SyncMessagesAction: Starting batch for messages from 711873137 to 712264508 (message update limit = 80, message scan limit = 4000)
01-09 05:51:05.298  4126  4208 W MessagingApp: PhoneUtils.getForLMR1(): invalid subId = -1
01-09 05:51:05.312  4126  4209 W MessagingApp: PhoneUtils.getForLMR1(): invalid subId = -1
01-09 05:51:05.314  4126  4207 W MessagingApp: PhoneUtils.getForLMR1(): invalid subId = -1
01-09 05:51:05.437  4189  4189 D QcrilMsgTunnelAutoboot: ComponentInfo{com.qualcomm.qcrilmsgtunnel/com.qualcomm.qcrilmsgtunnel.QcrilMsgTunnelService} started successfully
01-09 05:51:05.470  3483  3483 W OmtpVvmCarrierCfgHlpr: Invalid subscriptionId or subscriptionId not provided in intent.
01-09 05:51:05.473  3483  3483 W OmtpVvmCarrierCfgHlpr: Invalid subscriptionId or subscriptionId not provided in intent.
01-09 05:51:05.475  3976  3976 D AlertReceiver: onReceive: a=android.intent.action.PROVIDER_CHANGED Intent { act=android.intent.action.PROVIDER_CHANGED dat=content://com.android.calendar flg=0x20000010 cmp=com.android.calendar/.alerts.AlertReceiver }
01-09 05:51:05.489  4189  4189 D QcrilMsgTunnelService: onCreate method
01-09 05:51:05.493  4189  4189 D QcrilMsgTunnelIfaceManager: :Instantiated
01-09 05:51:05.510  4189  4189 V QcrilMsgTunnelSocket: Starting QcRil Sender & Receiver threads
01-09 05:51:05.539  4126  4208 W MessagingApp: PhoneUtils.getForLMR1(): invalid subId = -1
01-09 05:51:05.540  3976  4213 D AlertService: 0 Action = android.intent.action.PROVIDER_CHANGED
01-09 05:51:05.541  4126  4208 W MessagingApp: PhoneUtils.getForLMR1(): invalid subId = -1
01-09 05:51:05.577  4189  4189 D QcrilMsgTunnelIfaceManager: Registered SUB0 for UNSOL OEM HOOK to deliver external apps
01-09 05:51:05.577  4189  4189 V QcrilMsgTunnelSocket: Starting QcRil Sender & Receiver threads
01-09 05:51:05.582  4189  4214 I QcrilMsgTunnelSocket: Connected to 'qmux_radio/rild_oem0' socket
01-09 05:51:05.612  4126  4208 W MessagingApp: PhoneUtils.getSelfRawNumber: subInfo is null for -1
01-09 05:51:05.614  3483  4221 D SIP     : [SipPreferences] isReceivingCallsEnabled, option not set; use default value, exception: android.provider.Settings$SettingNotFoundException: sip_receive_calls
01-09 05:51:05.628  4126  4208 W MessagingApp: PhoneUtils.getForLMR1(): invalid subId = -1
01-09 05:51:05.676  4189  4189 D QcrilMsgTunnelIfaceManager: Registered SUB1 for UNSOL OEM HOOK to deliver external apps
01-09 05:51:05.679  4189  4218 I QcrilMsgTunnelSocket: Connected to 'qmux_radio/rild_oem1' socket
01-09 05:51:05.692  4126  4179 I MessagingAppDataModel: SyncMessagesAction: All messages now in sync
