01-09 05:46:54.416   357   357 E mm-camera-intf: entity name v4l-subdev5 type 131072 group id 11
01-09 05:46:54.416   357   357 E mm-camera-intf: entity id 9
01-09 05:46:54.416   357   357 E mm-camera-intf: entity name v4l-subdev6 type 131072 group id 8
01-09 05:46:54.416   357   357 E mm-camera-intf: entity id 10
01-09 05:46:54.416   357   357 E mm-camera-intf: entity name v4l-subdev7 type 131072 group id 8
01-09 05:46:54.416   357   357 E mm-camera-intf: entity id 11
01-09 05:46:54.416   357   357 E mm-camera-intf: entity name v4l-subdev8 type 131072 group id 14
01-09 05:46:54.763   354   354 I chatty  : uid=1041(audioserver) /system/bin/audioserver expire 333 lines
01-09 05:46:54.779   367   367 V MediaUtils: physMem: 1980583936
01-09 05:46:54.779   367   367 V MediaUtils: requested limit: 396116780
01-09 05:46:54.779   367   367 V MediaUtils: actual limit: 396116780
01-09 05:46:54.779   367   367 V MediaUtils: original limits: 4294967295/4294967295
01-09 05:46:54.779   367   367 V MediaUtils: new limits: 396116780/4294967295
01-09 05:46:54.779   367   367 W /system/bin/mediaextractor: libminijail: allowing syscall: clock_gettime
01-09 05:46:54.779   367   367 W /system/bin/mediaextractor: libminijail: allowing syscall: connect
01-09 05:46:54.779   367   367 W /system/bin/mediaextractor: libminijail: allowing syscall: fcntl64
01-09 05:46:54.779   367   367 W /system/bin/mediaextractor: libminijail: allowing syscall: socket
01-09 05:46:54.779   367   367 W /system/bin/mediaextractor: libminijail: allowing syscall: writev
01-09 05:46:54.804   367   367 W /system/bin/mediaextractor: libminijail: logging seccomp filter failures
01-09 05:46:55.061   366   366 I mediaserver: ServiceManager: 0xf6519620
01-09 05:46:55.062   375   481 I libmdmdetect: ESOC framework not supported
01-09 05:46:55.063   375   481 I libmdmdetect: Found internal modem: modem
01-09 05:46:55.063   375   481 I libmdmdetect: ESOC framework not supported
01-09 05:46:55.063   375   481 I libmdmdetect: Found internal modem: modem
01-09 05:46:55.073   375   481 I libmdmdetect: ESOC framework not supported
01-09 05:46:55.073   375   481 I libmdmdetect: Found internal modem: modem
01-09 05:46:55.074   375   481 I libmdmdetect: ESOC framework not supported
01-09 05:46:55.074   375   481 I libmdmdetect: Found internal modem: modem
01-09 05:46:55.074   375   481 I libmdmdetect: ESOC framework not supported
01-09 05:46:55.074   375   481 I libmdmdetect: Found internal modem: modem
01-09 05:46:55.077   375   481 I libmdmdetect: ESOC framework not supported
01-09 05:46:55.077   375   481 I libmdmdetect: Found internal modem: modem
01-09 05:46:55.082   375   481 I libmdmdetect: ESOC framework not supported
01-09 05:46:55.082   375   481 I libmdmdetect: Found internal modem: modem
01-09 05:46:55.084   375   481 I libmdmdetect: ESOC framework not supported
01-09 05:46:55.084   375   481 I libmdmdetect: Found internal modem: modem
01-09 05:46:55.098   375   481 I libmdmdetect: ESOC framework not supported
01-09 05:46:55.098   375   481 I libmdmdetect: Found internal modem: modem
01-09 05:46:55.100   375   481 I libmdmdetect: ESOC framework not supported
01-09 05:46:55.100   375   481 I libmdmdetect: Found internal modem: modem
01-09 05:46:55.106   373   373 I mediaserver: ServiceManager: 0xf6499620
01-09 05:46:55.109   373   373 W BatteryNotifier: batterystats service unavailable!
01-09 05:46:55.112   375   481 I libmdmdetect: ESOC framework not supported
01-09 05:46:55.113   375   481 I libmdmdetect: Found internal modem: modem
01-09 05:46:55.115   375   481 I libmdmdetect: ESOC framework not supported
01-09 05:46:55.115   375   481 I libmdmdetect: Found internal modem: modem
01-09 05:46:55.280   374  1192 I chatty  : uid=0(root) /system/bin/netd expire 2 lines
01-09 05:46:55.366   350   473 I libmdmdetect: ESOC framework not supported
01-09 05:46:55.367   350   473 I libmdmdetect: Found internal modem: modem
01-09 05:46:55.367   350   473 I libmdmdetect: ESOC framework not supported
01-09 05:46:55.367   350   473 I libmdmdetect: Found internal modem: modem
01-09 05:46:55.376   350   473 I libmdmdetect: ESOC framework not supported
01-09 05:46:55.377   350   473 I libmdmdetect: Found internal modem: modem
01-09 05:46:55.377   350   473 I libmdmdetect: ESOC framework not supported
01-09 05:46:55.377   350   473 I libmdmdetect: Found internal modem: modem
01-09 05:46:55.378   350   473 I libmdmdetect: ESOC framework not supported
01-09 05:46:55.378   350   473 I libmdmdetect: Found internal modem: modem
01-09 05:46:55.383   350   473 I libmdmdetect: ESOC framework not supported
01-09 05:46:55.384   350   473 I libmdmdetect: Found internal modem: modem
01-09 05:46:55.386   350   473 I libmdmdetect: ESOC framework not supported
01-09 05:46:55.386   350   473 I libmdmdetect: Found internal modem: modem
01-09 05:46:55.388   350   473 I libmdmdetect: ESOC framework not supported
01-09 05:46:55.388   350   473 I libmdmdetect: Found internal modem: modem
01-09 05:46:55.400   350   473 I libmdmdetect: ESOC framework not supported
01-09 05:46:55.400   350   473 I libmdmdetect: Found internal modem: modem
01-09 05:46:55.402   350   473 I libmdmdetect: ESOC framework not supported
01-09 05:46:55.402   350   473 I libmdmdetect: Found internal modem: modem
01-09 05:46:55.413   350   473 I libmdmdetect: ESOC framework not supported
01-09 05:46:55.413   350   473 I libmdmdetect: Found internal modem: modem
01-09 05:46:55.415   350   473 I libmdmdetect: ESOC framework not supported
01-09 05:46:55.415   350   473 I libmdmdetect: Found internal modem: modem
01-09 05:46:57.103   352   352 I chatty  : uid=0(root) main expire 52 lines
01-09 05:46:57.425  1340  1340 I chatty  : uid=0(root) /system/bin/dex2oat expire 98 lines
01-09 05:46:57.847   353   353 I chatty  : uid=0(root) main expire 52 lines
01-09 05:46:58.084  1412  1412 I chatty  : uid=0(root) /system/bin/dex2oat expire 91 lines
01-09 05:46:58.252   376   376 I chatty  : uid=1006(camera) mm-qcamera-daem expire 74 lines
01-09 05:46:58.327   349  1337 I chatty  : uid=0(root) /system/bin/netmgrd expire 134 lines
01-09 05:46:58.471   357   357 D mm-camera-intf: index = 0 flag = 103 mount_angle = 270 facing = 1
01-09 05:46:58.471   357   357 D mm-camera-intf: index = 1 flag = 1 mount_angle = 90 facing = 0
01-09 05:46:58.475   357   357 I CameraService: Loaded "QCamera Module" camera module
01-09 05:46:58.475   357   357 I CameraFlashlight: Opening camera 0
01-09 05:46:58.476   357   357 I QCamera2HWI: static void qcamera::QCamera2HardwareInterface::getLogLevel() gCamHalLogLevel=0
01-09 05:46:58.476   357   357 E mm-camera-intf: mm_camera_open: dev name = /dev/video2, cam_idx = 2
01-09 05:46:58.504   376  1544 I chatty  : uid=1006(camera) mm-qcamera-daem expire 282 lines
01-09 05:46:58.512   376  1561 I chatty  : uid=1006(camera) mm-qcamera-daem expire 1 line
01-09 05:46:58.518   376  1562 I chatty  : uid=1006(camera) mm-qcamera-daem expire 2 lines
01-09 05:46:58.527   376  1563 I chatty  : uid=1006(camera) mm-qcamera-daem expire 1 line
01-09 05:46:58.569   376  1583 I chatty  : uid=1006(camera) mm-qcamera-daem expire 2 lines
01-09 05:46:58.619   376  1566 I chatty  : uid=1006(camera) mm-qcamera-daem expire 3 lines
01-09 05:46:58.620   376  1620 I chatty  : uid=1006(camera) mm-qcamera-daem expire 1 line
01-09 05:46:58.633   376  1631 I chatty  : uid=1006(camera) mm-qcamera-daem expire 1 line
01-09 05:46:58.971   376  1797 I chatty  : uid=1006(camera) mm-qcamera-daem expire 5 lines
01-09 05:46:58.971   357   357 E mm-camera-intf: mm_camera_open:  opened, break out while loop
01-09 05:46:59.007   357   357 D QCameraHWI_Mem: void qcamera::QCameraMemory::traceLogAllocStart(size_t, int, const char*) : alloc E count=1 size=7160
01-09 05:46:59.007   357   357 D QCameraHWI_Mem: void qcamera::QCameraMemory::traceLogAllocStart(size_t, int, const char*) : alloc E count=1 size=7160
01-09 05:46:59.007   357   357 D QCameraHWI_Mem:  void qcamera::QCameraMemory::traceLogAllocEnd(size_t) : X
01-09 05:46:59.007   357   357 D QCameraHWI_Mem:  void qcamera::QCameraMemory::traceLogAllocEnd(size_t) : X
01-09 05:46:59.009   357   357 D QCamera2HWI: int qcamera::QCamera2HardwareInterface::openCamera(): enable_4k2k is 0
01-09 05:46:59.014   357   357 E qomx_image_core: OMX_Init:94] Complete 2
01-09 05:46:59.015   357   357 D QCameraHWI_Mem: void qcamera::QCameraMemory::traceLogAllocStart(size_t, int, const char*) : alloc E count=1 size=1048576
01-09 05:46:59.015   357   357 E QCameraHWI_Mem: void qcamera::QCameraMemory::traceLogAllocStart(size_t, int, const char*):HeapMemsize 1048576
01-09 05:46:59.015   357   357 D QCameraHWI_Mem: void qcamera::QCameraMemory::traceLogAllocStart(size_t, int, const char*) : alloc E count=1 size=1048576
01-09 05:46:59.015   357   357 E QCameraHWI_Mem: void qcamera::QCameraMemory::traceLogAllocStart(size_t, int, const char*):Memsize 1048576
01-09 05:46:59.016   357   357 D QCameraHWI_Mem:  void qcamera::QCameraMemory::traceLogAllocEnd(size_t) : X
01-09 05:46:59.016   357   357 E QCameraHWI_Mem: void qcamera::QCameraMemory::traceLogAllocEnd(size_t) 1048576
01-09 05:46:59.016   357   357 D QCameraHWI_Mem:  void qcamera::QCameraMemory::traceLogAllocEnd(size_t) : X
01-09 05:46:59.016   357   357 E QCameraHWI_Mem: void qcamera::QCameraMemory::traceLogAllocEnd(size_t) 1048576
01-09 05:46:59.035   357   357 I Thermal-Lib: Thermal-Lib-Client: Registraion successful for camera with handle:1
01-09 05:46:59.035   357   357 I Thermal-Lib: Thermal-Lib-Client: Registraion successful for camcorder with handle:2
01-09 05:46:59.041   357   357 I CameraFlashlight: Destroying camera 0
01-09 05:46:59.042   357   357 E qomx_image_core: OMX_Deinit:118] Complete
01-09 05:46:59.043   357   357 E QCameraPostProc: int32_t qcamera::QCameraPostProcessor::deinit(): Jpeg closed, rc = 0, mJpegClientHandle = 100
01-09 05:46:59.043   357   357 I Thermal-Lib: Thermal-Lib-Client: Unregisteration is successfull for handle:1
01-09 05:46:59.044   357   357 I Thermal-Lib: Thermal-Lib-Client: Unregisteration is successfull for handle:2
01-09 05:46:59.046   357   357 I CameraFlashlight: Opening camera 1
01-09 05:46:59.046   357   357 I QCamera2HWI: static void qcamera::QCamera2HardwareInterface::getLogLevel() gCamHalLogLevel=0
01-09 05:46:59.046   357   357 E mm-camera-intf: mm_camera_open: dev name = /dev/video1, cam_idx = 1
01-09 05:46:59.058   376  1828 I chatty  : uid=1006(camera) mm-qcamera-daem expire 4 lines
01-09 05:46:59.076   376  1853 I chatty  : uid=1006(camera) mm-qcamera-daem expire 3 lines
01-09 05:46:59.079   376  1856 I chatty  : uid=1006(camera) mm-qcamera-daem expire 3 lines
01-09 05:46:59.086   376  1857 I chatty  : uid=1006(camera) mm-qcamera-daem expire 7 lines
01-09 05:46:59.089   376  1859 I chatty  : uid=1006(camera) mm-qcamera-daem expire 2 lines
01-09 05:46:59.089   376  1859 D mm-camera: cpp_module_stop_session:507, info: stopping session 2 ...
01-09 05:46:59.089   376  1620 D mm-camera: cpp_thread_process_pipe_message:377, CPP_THREAD_MSG_ABORT: cpp_thread exiting..
01-09 05:46:59.093   376  1859 D mm-camera: cpp_module_stop_session:540, info: session 2 stopped.
01-09 05:46:59.093   376  1859 D mm-camera: c2d_module_stop_session:444, info: stopping session 2 ...
01-09 05:46:59.093   376  1631 D mm-camera: c2d_thread_process_pipe_message:793, C2D_THREAD_MSG_ABORT: c2d_thread exiting..
01-09 05:46:59.093   376  1859 D mm-camera: c2d_module_stop_session:488, info: session 2 stopped.
01-09 05:46:59.093   376  1859 D mm-camera: mct_pipeline_stop_session_thread: Stop module name: pproc - X
01-09 05:46:59.113   376  1860 D mm-camera: mct_pipeline_stop_session_thread thread_id is -1
01-09 05:46:59.113   376   376 E mm-camera: mct_pipeline_stop_session: left modules: 5
01-09 05:46:59.113   376   376 E mm-camera: mct_pipeline_stop_session: left modules: 4
01-09 05:46:59.113   376   376 E mm-camera: mct_pipeline_stop_session: left modules: 3
01-09 05:46:59.113   376   376 E mm-camera: mct_pipeline_stop_session: left modules: 2
01-09 05:46:59.113   376  1860 D mm-camera: mct_pipeline_stop_session_thread: Stop module name: imglib - E
01-09 05:46:59.114   376  1860 D mm-camera: mct_pipeline_stop_session_thread: Stop module name: imglib - X
01-09 05:46:59.114   376   376 E mm-camera: mct_pipeline_stop_session: left modules: 1
01-09 05:46:59.126   376  1828 D mm-camera: mct_pipeline_stop_session_thread: Stop module name: sensor - X
01-09 05:46:59.127   376  1784 E mm-camera: Got some events
01-09 05:46:59.127   376   376 E mm-camera: mct_pipeline_stop_session: left modules: 0
01-09 05:46:59.127   376   376 D mm-camera: mct_pipeline_stop_session - X
01-09 05:46:59.154   376  1863 D mm-camera: mct_pipeline_start_session_thread thread_id is -1
01-09 05:46:59.155   376  1863 E mm-camera-sensor: eeprom_open:852 Enter
01-09 05:46:59.155   376  1863 E mm-camera-sensor: eeprom_open:866 sd name /dev/v4l-subdev7
01-09 05:46:59.155   376  1863 E mm-camera-sensor: eeprom_open:880 Exit
01-09 05:46:59.160   376  1867 D mm-camera: mct_pipeline_start_session_thread thread_id is -1
01-09 05:46:59.165   376  1872 D mm-camera: mct_pipeline_start_session_thread thread_id is -1
01-09 05:46:59.165   376  1872 D mm-camera: isp_tintless_open: E: f4f87751
01-09 05:46:59.166   376  1872 E mm-camera: isp_tintless_get_version: lib returned version 3.61 err=0
01-09 05:46:59.168   376  1863 E mm-camera-sensor: eeprom_set_bytestream:971 Enter
01-09 05:46:59.168   376  1863 E mm-camera-sensor: eeprom_set_bytestream:978 e_ctrl->eeprom_params.num_bytes =26
01-09 05:46:59.168   376  1863 E mm-camera-sensor: eeprom_set_bytestream:980 e_ctrl->eeprom_params 0x40
01-09 05:46:59.168   376  1863 E mm-camera-sensor: eeprom_set_bytestream:980 e_ctrl->eeprom_params 0x6
01-09 05:46:59.168   376  1863 E mm-camera-sensor: eeprom_set_bytestream:980 e_ctrl->eeprom_params 0x0
01-09 05:46:59.168   376  1863 E mm-camera-sensor: eeprom_set_bytestream:980 e_ctrl->eeprom_params 0xF
01-09 05:46:59.168   376  1863 E mm-camera-sensor: eeprom_set_bytestream:980 e_ctrl->eeprom_params 0x4
01-09 05:46:59.168   376  1863 E mm-camera-sensor: eeprom_set_bytestream:980 e_ctrl->eeprom_params 0x10
01-09 05:46:59.168   376  1863 E mm-camera-sensor: eeprom_set_bytestream:980 e_ctrl->eeprom_params 0x0
01-09 05:46:59.169   376  1863 E mm-camera-sensor: eeprom_set_bytestream:980 e_ctrl->eeprom_params 0x0
01-09 05:46:59.169   376  1863 E mm-camera-sensor: eeprom_set_bytestream:980 e_ctrl->eeprom_params 0x0
01-09 05:46:59.169   376  1863 E mm-camera-sensor: eeprom_set_bytestream:980 e_ctrl->eeprom_params 0x0
01-09 05:46:59.169   376  1863 E mm-camera-sensor: eeprom_set_bytestream:980 e_ctrl->eeprom_params 0x0
01-09 05:46:59.169   376  1863 E mm-camera-sensor: eeprom_set_bytestream:980 e_ctrl->eeprom_params 0x0
01-09 05:46:59.169   376  1863 E mm-camera-sensor: eeprom_set_bytestream:980 e_ctrl->eeprom_params 0x0
01-09 05:46:59.169   376  1863 E mm-camera-sensor: eeprom_set_bytestream:980 e_ctrl->eeprom_params 0x0
01-09 05:46:59.169   376  1863 E mm-camera-sensor: eeprom_set_bytestream:980 e_ctrl->eeprom_params 0x0
01-09 05:46:59.169   376  1863 E mm-camera-sensor: eeprom_set_bytestream:980 e_ctrl->eeprom_params 0x0
01-09 05:46:59.169   376  1863 E mm-camera-sensor: eeprom_set_bytestream:980 e_ctrl->eeprom_params 0x40
01-09 05:46:59.169   376  1863 E mm-camera-sensor: eeprom_set_bytestream:980 e_ctrl->eeprom_params 0x4C
01-09 05:46:59.169   376  1863 E mm-camera-sensor: eeprom_set_bytestream:980 e_ctrl->eeprom_params 0x4B
01-09 05:46:59.169   376  1863 E mm-camera-sensor: eeprom_set_bytestream:980 e_ctrl->eeprom_params 0x80
01-09 05:46:59.169   376  1863 E mm-camera-sensor: eeprom_set_bytestream:980 e_ctrl->eeprom_params 0x0
01-09 05:46:59.169   376  1863 E mm-camera-sensor: eeprom_set_bytestream:980 e_ctrl->eeprom_params 0x0
01-09 05:46:59.169   376  1863 E mm-camera-sensor: eeprom_set_bytestream:980 e_ctrl->eeprom_params 0x0
01-09 05:46:59.169   376  1863 E mm-camera-sensor: eeprom_set_bytestream:980 e_ctrl->eeprom_params 0x0
01-09 05:46:59.169   376  1863 E mm-camera-sensor: eeprom_set_bytestream:980 e_ctrl->eeprom_params 0x0
01-09 05:46:59.169   376  1863 E mm-camera-sensor: eeprom_set_bytestream:980 e_ctrl->eeprom_params 0x0
01-09 05:46:59.169   376  1863 E mm-camera-sensor: eeprom_set_bytestream:982 Exit
01-09 05:46:59.169   376  1863 E mm-camera-sensor: eeprom_load_library:708 enter
01-09 05:46:59.176   376  1863 E mm-camera-sensor: eeprom_load_library:731 e_ctrl->eeprom_lib.func_tbl =0xf7488004
01-09 05:46:59.176   376  1863 E mm-camera-sensor: eeprom_load_library:733 exit
01-09 05:46:59.176   376  1863 E mm-camera-sensor: come ov5670_format_calibration_data,189
01-09 05:46:59.176   376  1863 E mm-camera-sensor: come ov5670_format_wbdata,80
01-09 05:46:59.176   376  1863 E mm-camera-sensor: MODULE IS 6,ov5670_format_wbdata
01-09 05:46:59.176   376  1863 E mm-camera-sensor: lens_id IS 0,ov5670_format_wbdata
01-09 05:46:59.176   376  1863 E mm-camera-sensor: production_year IS 15,ov5670_format_wbdata
01-09 05:46:59.176   376  1863 E mm-camera-sensor: production_month IS 4,ov5670_format_wbdata
01-09 05:46:59.176   376  1863 E mm-camera-sensor: production_day IS 16,ov5670_format_wbdata
01-09 05:46:59.178   376  1879 D mm-camera: mct_pipeline_start_session_thread thread_id is -1
01-09 05:46:59.196   376  1880 D mm-camera: isp_tintless_main_loop thread_id is -1
01-09 05:46:59.197   376  1891 D mm-camera: isp_thread_session_task thread_id is -1
01-09 05:46:59.199   376  1879 E mm-camera-CORE: af_init: updated HAF func table
01-09 05:46:59.199   376  1879 D mm-camera: gyro_port_init , Enter 
01-09 05:46:59.199   376  1879 D mm-camera: gyro_port_init , EXIT 
01-09 05:46:59.200   376  1898 D mm-camera: mct_pipeline_start_session_thread thread_id is -1
01-09 05:46:59.201   376  1898 D mm-camera: cpp_module_start_session:429, info: starting session 1
01-09 05:46:59.212   376  1912 D mm-camera: mct_pipeline_start_session_thread thread_id is -1
01-09 05:46:59.212   376  1912 E mm-camera-img: module_imglib_start_session:1446 ###Img_Loglevel 0
01-09 05:46:59.258   376  1920 D mm-camera: cpp_thread_func:63: cpp_thread entering the polling loop...thread_id is -1
01-09 05:46:59.258   376  1898 D mm-camera: cpp_module_start_session:491, info: session 1 started.
01-09 05:46:59.258   376  1898 D mm-camera: c2d_module_start_session:350, info: starting session 1
01-09 05:46:59.272   376  1898 D mm-camera: c2d_module_start_session:428, info: session 1 started.
01-09 05:46:59.272   376  1921 D mm-camera: c2d_thread_func:45: c2d_thread entering the polling loop... thread_id is -1
01-09 05:46:59.306   376  1863 E mm-camera-sensor: eeprom_get_raw_data:672 Enter
01-09 05:46:59.306   376  1863 E mm-camera-sensor: come ov5670_get_raw_data,218
01-09 05:46:59.306   376  1863 E mm-camera-sensor: eeprom_get_raw_data:675 Exit
01-09 05:46:59.324   376   376 E mm-camera-sensor: module_sensor_query_mod:4179 led flash is not supported for this sensor.
01-09 05:46:59.325   376   376 E mm-camera: Tuning lib open failed: dlopen failed: library "libmmcamera_tuning.so" not found
01-09 05:46:59.346   376  1924 D mm-camera: mct_controller_thread_run thread_id is -1
01-09 05:46:59.347   357   357 E mm-camera-intf: mm_camera_open:  opened, break out while loop
01-09 05:46:59.356   357   357 D QCameraHWI_Mem: void qcamera::QCameraMemory::traceLogAllocStart(size_t, int, const char*) : alloc E count=1 size=7160
01-09 05:46:59.356   357   357 D QCameraHWI_Mem: void qcamera::QCameraMemory::traceLogAllocStart(size_t, int, const char*) : alloc E count=1 size=7160
01-09 05:46:59.357   357   357 D QCameraHWI_Mem:  void qcamera::QCameraMemory::traceLogAllocEnd(size_t) : X
01-09 05:46:59.357   357   357 D QCameraHWI_Mem:  void qcamera::QCameraMemory::traceLogAllocEnd(size_t) : X
01-09 05:46:59.357   376  1924 E mm-camera-sensor: module_sensor_query_mod:4179 led flash is not supported for this sensor.
01-09 05:46:59.357   376  1924 D mm-camera: mct_pipeline_populate_query_cap_buffer: totalram = 1980583936, freeram = 1328828416 
01-09 05:46:59.359   357   357 D QCamera2HWI: int qcamera::QCamera2HardwareInterface::openCamera(): enable_4k2k is 0
01-09 05:46:59.364   357   357 E qomx_image_core: OMX_Init:94] Complete 2
01-09 05:46:59.364   357   357 D QCameraHWI_Mem: void qcamera::QCameraMemory::traceLogAllocStart(size_t, int, const char*) : alloc E count=1 size=1048576
01-09 05:46:59.364   357   357 E QCameraHWI_Mem: void qcamera::QCameraMemory::traceLogAllocStart(size_t, int, const char*):HeapMemsize 1048576
01-09 05:46:59.364   357   357 D QCameraHWI_Mem: void qcamera::QCameraMemory::traceLogAllocStart(size_t, int, const char*) : alloc E count=1 size=1048576
01-09 05:46:59.364   357   357 E QCameraHWI_Mem: void qcamera::QCameraMemory::traceLogAllocStart(size_t, int, const char*):Memsize 1048576
01-09 05:46:59.365   357   357 D QCameraHWI_Mem:  void qcamera::QCameraMemory::traceLogAllocEnd(size_t) : X
01-09 05:46:59.365   357   357 E QCameraHWI_Mem: void qcamera::QCameraMemory::traceLogAllocEnd(size_t) 1048576
01-09 05:46:59.365   357   357 D QCameraHWI_Mem:  void qcamera::QCameraMemory::traceLogAllocEnd(size_t) : X
01-09 05:46:59.365   357   357 E QCameraHWI_Mem: void qcamera::QCameraMemory::traceLogAllocEnd(size_t) 1048576
01-09 05:46:59.367   357   357 E QCameraParameters: int32_t qcamera::QCameraParameters::initDefaultParameters(): supported flash modes cnt is 0!!!
01-09 05:46:59.368   376  1924 D mm-camera: mct_pipeline_process_set:command=800000e
01-09 05:46:59.370   357   357 I Thermal-Lib: Thermal-Lib-Client: Registraion successful for camera with handle:1
01-09 05:46:59.370   357   357 I Thermal-Lib: Thermal-Lib-Client: Registraion successful for camcorder with handle:2
01-09 05:46:59.387   357   357 I CameraFlashlight: Destroying camera 1
01-09 05:46:59.390   351   407 I chatty  : uid=0(root) /vendor/bin/thermal-engine expire 2 lines
01-09 05:46:59.391   357   357 E qomx_image_core: OMX_Deinit:118] Complete
01-09 05:46:59.392   357   357 E QCameraPostProc: int32_t qcamera::QCameraPostProcessor::deinit(): Jpeg closed, rc = 0, mJpegClientHandle = 200
01-09 05:46:59.392   357   357 I Thermal-Lib: Thermal-Lib-Client: Unregisteration is successfull for handle:1
01-09 05:46:59.392   357   357 I Thermal-Lib: Thermal-Lib-Client: Unregisteration is successfull for handle:2
01-09 05:46:59.393   376  1924 D mm-camera: mct_pipeline_process_set:command=800000b
01-09 05:46:59.393   376   376 D mm-camera: mct_pipeline_stop_session - E
01-09 05:46:59.394   357   357 I ServiceManager: Waiting for service media.camera.proxy...
01-09 05:46:59.405   376  1933 D mm-camera: mct_pipeline_stop_session_thread thread_id is -1
01-09 05:46:59.406   376  1933 D mm-camera: mct_pipeline_stop_session_thread: Stop module name: sensor - E
01-09 05:46:59.406   376  1933 E mm-camera-sensor: eeprom_close:1128 Enter
01-09 05:46:59.406   376  1933 E mm-camera-sensor: eeprom_close:1143 Exit
01-09 05:46:59.416   376  1934 D mm-camera: mct_pipeline_stop_session_thread thread_id is -1
01-09 05:46:59.416   376  1934 D mm-camera: mct_pipeline_stop_session_thread: Stop module name: iface - E
01-09 05:46:59.416   376  1934 D mm-camera: mct_pipeline_stop_session_thread: Stop module name: iface - X
01-09 05:46:59.426   376  1935 D mm-camera: mct_pipeline_stop_session_thread thread_id is -1
01-09 05:46:59.426   376  1935 D mm-camera: mct_pipeline_stop_session_thread: Stop module name: isp - E
01-09 05:46:59.427   376  1935 D mm-camera: mct_pipeline_stop_session_thread: Stop module name: isp - X
01-09 05:46:59.429   376  1936 D mm-camera: mct_pipeline_stop_session_thread thread_id is -1
01-09 05:46:59.429   376  1936 D mm-camera: mct_pipeline_stop_session_thread: Stop module name: stats - E
01-09 05:46:59.430   376  1936 D mm-camera: gyro_port_deinit , Enter 
01-09 05:46:59.430   376  1936 D mm-camera: gyro_port_deinit:Deinit Gyro port
01-09 05:46:59.430   376  1936 E mm-camera: gyro_port_deinit: Error in android Deinit
01-09 05:46:59.430   376  1936 D mm-camera: gyro_port_deinit , EXIT 
01-09 05:46:59.430   376  1936 D mm-camera: mct_pipeline_stop_session_thread: Stop module name: stats - X
01-09 05:46:59.441   376  1937 D mm-camera: mct_pipeline_stop_session_thread thread_id is -1
01-09 05:46:59.441   376  1937 D mm-camera: mct_pipeline_stop_session_thread: Stop module name: pproc - E
01-09 05:46:59.441   376  1937 D mm-camera: cpp_module_stop_session:507, info: stopping session 1 ...
01-09 05:46:59.441   376  1920 D mm-camera: cpp_thread_process_pipe_message:377, CPP_THREAD_MSG_ABORT: cpp_thread exiting..
01-09 05:46:59.443   376  1937 D mm-camera: cpp_module_stop_session:540, info: session 1 stopped.
01-09 05:46:59.443   376  1937 D mm-camera: c2d_module_stop_session:444, info: stopping session 1 ...
01-09 05:46:59.443   376  1921 D mm-camera: c2d_thread_process_pipe_message:793, C2D_THREAD_MSG_ABORT: c2d_thread exiting..
01-09 05:46:59.444   376  1937 D mm-camera: c2d_module_stop_session:488, info: session 1 stopped.
01-09 05:46:59.444   376  1937 D mm-camera: mct_pipeline_stop_session_thread: Stop module name: pproc - X
01-09 05:46:59.446   376  1938 D mm-camera: mct_pipeline_stop_session_thread thread_id is -1
01-09 05:46:59.446   376   376 E mm-camera: mct_pipeline_stop_session: left modules: 5
01-09 05:46:59.446   376   376 E mm-camera: mct_pipeline_stop_session: left modules: 4
01-09 05:46:59.446   376   376 E mm-camera: mct_pipeline_stop_session: left modules: 3
01-09 05:46:59.446   376   376 E mm-camera: mct_pipeline_stop_session: left modules: 2
01-09 05:46:59.446   376  1938 D mm-camera: mct_pipeline_stop_session_thread: Stop module name: imglib - E
01-09 05:46:59.447   376  1938 D mm-camera: mct_pipeline_stop_session_thread: Stop module name: imglib - X
01-09 05:46:59.447   376   376 E mm-camera: mct_pipeline_stop_session: left modules: 1
01-09 05:46:59.450   376  1933 D mm-camera: mct_pipeline_stop_session_thread: Stop module name: sensor - X
01-09 05:46:59.450   376  1923 E mm-camera: Got some events
01-09 05:46:59.450   376   376 E mm-camera: mct_pipeline_stop_session: left modules: 0
01-09 05:46:59.450   376   376 D mm-camera: mct_pipeline_stop_session - X
01-09 05:47:00.394   357   357 I ServiceManager: Waiting for service media.camera.proxy...
01-09 05:47:00.874   354  2044 I chatty  : uid=1041(audioserver) AudioOut_D expire 15 lines
01-09 05:47:00.877   354  2046 I chatty  : uid=1041(audioserver) AudioOut_15 expire 39 lines
01-09 05:47:00.879   354  2047 I chatty  : uid=1041(audioserver) /system/bin/audioserver expire 1 line
01-09 05:47:01.256   354  2048 I chatty  : uid=1041(audioserver) /system/bin/audioserver expire 1 line
01-09 05:47:01.395   357   357 I ServiceManager: Waiting for service media.camera.proxy...
01-09 05:47:02.395   357   357 I ServiceManager: Waiting for service media.camera.proxy...
01-09 05:47:03.395   357   357 I ServiceManager: Waiting for service media.camera.proxy...
01-09 05:47:07.048  1412  2273 I chatty  : uid=0(root) /system/bin/dex2oat expire 95 lines
01-09 05:47:07.180  1340  2275 I chatty  : uid=0(root) /system/bin/dex2oat expire 67 lines
01-09 05:47:09.871  1340  2276 I chatty  : uid=0(root) /system/bin/dex2oat expire 89 lines
01-09 05:47:10.664  1412  2272 I chatty  : uid=0(root) /system/bin/dex2oat expire 103 lines
01-09 05:47:13.588  1412  2274 I chatty  : uid=0(root) /system/bin/dex2oat expire 83 lines
01-09 05:47:16.533  1340  2277 I chatty  : uid=0(root) /system/bin/dex2oat expire 89 lines
01-09 05:49:15.726  1412  2274 I chatty  : uid=0(root) /system/bin/dex2oat expire 1 line
01-09 05:49:15.748  1412  2272 I chatty  : uid=0(root) /system/bin/dex2oat expire 1 line
01-09 05:49:15.916  1340  1340 W dex2oat : Compilation of void android.widget.TextView.<init>(android.content.Context, android.util.AttributeSet, int, int) took 954.540ms
01-09 05:49:15.955  1412  2273 W dex2oat : Compilation of void com.android.internal.os.BatteryStatsImpl.updateBluetoothStateLocked(android.bluetooth.BluetoothActivityEnergyInfo) took 141.644ms
01-09 05:49:15.977  1340  2276 W dex2oat : Compilation of void android.widget.ListView.dispatchDraw(android.graphics.Canvas) took 131.553ms
01-09 05:49:16.004  1412  1412 W dex2oat : Compilation of boolean com.android.internal.telecom.ITelecomService$Stub.onTransact(int, android.os.Parcel, android.os.Parcel, int) took 106.572ms
01-09 05:49:16.034  1340  1340 W dex2oat : Compilation of int android.widget.TextView.doKeyDown(int, android.view.KeyEvent, android.view.KeyEvent) took 109.283ms
01-09 05:49:16.154  1412  2273 W dex2oat : Compilation of void com.android.internal.os.BatteryStatsImpl.updateWifiStateLocked(android.net.wifi.WifiActivityEnergyInfo) took 111.053ms
01-09 05:49:16.264  1412  2273 W dex2oat : Compilation of void com.android.internal.os.BatteryStatsImpl.writeHistoryDelta(android.os.Parcel, android.os.BatteryStats$HistoryItem, android.os.BatteryStats$HistoryItem) took 108.325ms
01-09 05:49:16.269  1340  2276 W dex2oat : Compilation of void android.widget.ListView.layoutChildren() took 220.512ms
01-09 05:49:16.298  1340  1340 W dex2oat : Compilation of void android.widget.TextView.setText(java.lang.CharSequence, android.widget.TextView$BufferType, boolean, int) took 124.652ms
01-09 05:49:16.518  1412  2274 W dex2oat : Compilation of boolean com.android.internal.telephony.ISms$Stub.onTransact(int, android.os.Parcel, android.os.Parcel, int) took 121.954ms
01-09 05:49:16.543  1412  2273 W dex2oat : Compilation of void com.android.internal.os.BatteryStatsImpl.writeSummaryToParcel(android.os.Parcel, boolean) took 277.572ms
01-09 05:49:16.847  1412  1412 W dex2oat : Compilation of boolean com.android.internal.telephony.ITelephonyRegistry$Stub.onTransact(int, android.os.Parcel, android.os.Parcel, int) took 113.958ms
01-09 05:49:16.935  1412  2272 W dex2oat : Compilation of boolean com.android.internal.telephony.ITelephony$Stub.onTransact(int, android.os.Parcel, android.os.Parcel, int) took 396.786ms
01-09 05:49:16.987  1412  2273 W dex2oat : Compilation of android.view.textservice.SpellCheckerSubtype com.android.internal.textservice.ITextServicesManager$Stub$Proxy.getCurrentSpellCheckerSubtype(java.lang.String, boolean) took 101.175ms
01-09 05:49:17.115  1340  1340 W dex2oat : Compilation of void android.widget.TextView.onDraw(android.graphics.Canvas) took 100.677ms
01-09 05:49:17.812  1412  2273 W dex2oat : Compilation of boolean com.android.internal.view.IInputMethodManager$Stub.onTransact(int, android.os.Parcel, android.os.Parcel, int) took 117.553ms
01-09 05:49:18.187  1340  2275 W dex2oat : Compilation of void android.widget.RemoteViews.<init>(android.os.Parcel, android.widget.RemoteViews$BitmapCache) took 112.313ms
01-09 05:49:18.517  1340  1340 W dex2oat : Compilation of void android.widget.SpellChecker$SpellParser.parse() took 106.695ms
01-09 05:49:18.589  1412  1412 W dex2oat : Compilation of void com.android.internal.widget.NotificationActionListLayout.onMeasure(int, int) took 103.037ms
01-09 05:49:19.016  1412  2272 W dex2oat : Compilation of int com.google.android.gles_jni.EGLImpl.eglGetError() took 110.201ms
01-09 05:49:19.221  1340  1340 W dex2oat : Compilation of void android.widget.Toolbar.onLayout(boolean, int, int, int, int) took 100.534ms
01-09 05:49:19.283  1412  2273 W dex2oat : Compilation of void com.android.server.SystemConfig.readPermissionsFromXml(java.io.File, int) took 431.666ms
01-09 05:49:19.506  1412  2272 W dex2oat : Compilation of void com.android.internal.telephony.BaseCommands.registerForSrvccStateChanged(android.os.Handler, int, java.lang.Object) took 100.326ms
01-09 05:49:19.536  1412  2273 W dex2oat : Compilation of com.android.internal.telephony.Connection com.android.internal.telephony.Call.getLatestConnection() took 100.719ms
01-09 05:49:19.749  1340  1340 W dex2oat : Compilation of boolean com.android.internal.app.ResolverActivity.onTargetSelected(com.android.internal.app.ResolverActivity$TargetInfo, boolean) took 172.752ms
01-09 05:49:19.958  1340  2277 W dex2oat : Compilation of boolean com.android.internal.app.IBatteryStats$Stub.onTransact(int, android.os.Parcel, android.os.Parcel, int) took 196.683ms
01-09 05:49:19.978  1340  2275 W dex2oat : Compilation of boolean com.android.internal.app.IVoiceInteractor$Stub.onTransact(int, android.os.Parcel, android.os.Parcel, int) took 142.929ms
01-09 05:49:20.017  1340  1340 W dex2oat : Compilation of int com.android.internal.app.IVoiceInteractionManagerService$Stub$Proxy.updateKeyphraseSoundModel(android.hardware.soundtrigger.SoundTrigger$KeyphraseSoundModel) took 111.119ms
01-09 05:49:20.045  1412  2274 W dex2oat : Compilation of void com.android.internal.telephony.GsmCdmaCallTracker.explicitCallTransfer() took 109.350ms
01-09 05:49:20.103  1340  2276 W dex2oat : Compilation of void com.android.internal.app.IBatteryStats$Stub$Proxy.noteWifiScanStopped(int) took 110.627ms
01-09 05:49:20.246  1340  2276 W dex2oat : Compilation of void com.android.internal.app.procstats.DumpUtils.printAdjTagAndValue(java.io.PrintWriter, int, long) took 100.389ms
01-09 05:49:20.336  1412  2274 W dex2oat : Compilation of void com.android.internal.telephony.GsmCdmaCallTracker.handlePollCalls(android.os.AsyncResult) took 281.378ms
01-09 05:49:20.577  1412  2272 W dex2oat : Compilation of boolean com.android.internal.telephony.IntRangeManager.enableRange(int, int, java.lang.String) took 136.655ms
01-09 05:49:20.647  1340  2275 W dex2oat : Compilation of void com.android.internal.app.procstats.ProcessStats.dumpCheckinLocked(java.io.PrintWriter, java.lang.String) took 114.400ms
01-09 05:49:20.686  1412  1412 W dex2oat : Compilation of void com.android.internal.telephony.GsmCdmaPhone.handleMessage(android.os.Message) took 165.909ms
01-09 05:49:20.868  1340  2275 W dex2oat : Compilation of void com.android.internal.app.procstats.ProcessStats.dumpLocked(java.io.PrintWriter, java.lang.String, long, boolean, boolean, boolean) took 219.460ms
01-09 05:49:20.943  1340  1340 W dex2oat : Compilation of com.android.internal.content.ReferrerIntent com.android.internal.content.ReferrerIntent$1.createFromParcel(android.os.Parcel) took 106.803ms
01-09 05:49:21.043  1340  2275 W dex2oat : Compilation of void com.android.internal.app.procstats.ProcessStats.readFromParcel(android.os.Parcel) took 128.877ms
01-09 05:49:21.057  1412  2273 W dex2oat : Compilation of void com.android.internal.telephony.PhoneFactory.makeDefaultPhone(android.content.Context) took 108.979ms
01-09 05:49:21.316  1412  2274 W dex2oat : Compilation of void com.android.internal.telephony.ProxyController.onStartRadioCapabilityResponse(android.os.Message) took 106.223ms
01-09 05:49:21.417  1412  2273 W dex2oat : Compilation of com.android.internal.telephony.SmsApplication$SmsApplicationData com.android.internal.telephony.SmsApplication.getApplication(android.content.Context, boolean, int) took 102.841ms
01-09 05:49:21.564  1340  1340 W dex2oat : Compilation of void com.android.internal.os.BatteryStatsHelper.load() took 108.000ms
01-09 05:49:21.571  1412  2272 W dex2oat : Compilation of com.android.internal.telephony.RILRequest com.android.internal.telephony.RIL.processSolicited(android.os.Parcel, int) took 270.502ms
01-09 05:49:21.637  1412  2273 W dex2oat : Compilation of java.lang.String com.android.internal.telephony.SmsNumberUtils.filterDestAddr(com.android.internal.telephony.Phone, java.lang.String) took 112.210ms
01-09 05:49:21.682  1412  1412 W dex2oat : Compilation of void com.android.internal.telephony.ServiceStateTracker.pollStateDoneGsm() took 211.960ms
01-09 05:49:21.698  1340  1340 W dex2oat : Compilation of void com.android.internal.os.BatteryStatsHelper.refreshStats(int, android.util.SparseArray, long, long) took 104.759ms
01-09 05:49:21.762  1340  2275 W dex2oat : Compilation of void com.android.internal.os.BatteryStatsImpl.<init>(com.android.internal.os.BatteryStatsImpl$Clocks, java.io.File, android.os.Handler, com.android.internal.os.BatteryStatsImpl$ExternalStatsSync, com.android.internal.os.BatteryStatsImpl$PlatformIdleStateCallback) took 137.683ms
01-09 05:49:21.803  1412  2272 W dex2oat : Compilation of void com.android.internal.telephony.RIL.processUnsolicited(android.os.Parcel, int) took 232.431ms
01-09 05:49:21.978  1412  1412 W dex2oat : Compilation of void com.android.internal.telephony.ServiceStateTracker.setTimeFromNITZString(java.lang.String, long) took 251.678ms
01-09 05:49:22.003  1340  2276 W dex2oat : Compilation of void com.android.internal.os.BatteryStatsImpl$Uid.readFromParcelLocked(com.android.internal.os.BatteryStatsImpl$TimeBase, com.android.internal.os.BatteryStatsImpl$TimeBase, android.os.Parcel) took 172.543ms
01-09 05:49:22.056  1412  2272 W dex2oat : Compilation of java.lang.Object com.android.internal.telephony.RIL.responseSetupDataCall(android.os.Parcel) took 101.702ms
01-09 05:49:22.085  1412  1412 W dex2oat : Compilation of void com.android.internal.telephony.ServiceStateTracker.dump(java.io.FileDescriptor, java.io.PrintWriter, java.lang.String[]) took 105.127ms
01-09 05:49:22.086  1412  2273 W dex2oat : Compilation of int com.android.internal.telephony.SubscriptionController.addSubInfoRecord(java.lang.String, int) took 140.459ms
01-09 05:49:22.113  1412  2274 W dex2oat : Compilation of void com.android.internal.telephony.SubscriptionInfoUpdater.updateSubscriptionInfoByIccId() took 113.630ms
01-09 05:49:22.192  1340  2276 W dex2oat : Compilation of boolean com.android.internal.os.BatteryStatsImpl$Uid.reset() took 186.555ms
01-09 05:49:22.273  1412  2272 W dex2oat : Compilation of void com.android.internal.telephony.RIL.dump(java.io.FileDescriptor, java.io.PrintWriter, java.lang.String[]) took 109.258ms
01-09 05:49:22.349  1340  2276 W dex2oat : Compilation of void com.android.internal.os.BatteryStatsImpl$Uid.writeToParcelLocked(android.os.Parcel, long) took 155.289ms
01-09 05:49:22.410  1412  1412 W dex2oat : Compilation of void com.android.internal.telephony.ServiceStateTracker.handleMessage(android.os.Message) took 200.318ms
01-09 05:49:22.476  1340  2276 W dex2oat : Compilation of void com.android.internal.os.ZygoteInit.main(java.lang.String[]) took 120.135ms
01-09 05:49:22.567  1412  2273 W dex2oat : Compilation of int com.android.internal.telephony.SubscriptionController.setSimProvisioningStatus(int, int) took 111.881ms
01-09 05:49:22.691  1412  1412 W dex2oat : Compilation of void com.android.internal.telephony.ServiceStateTracker.handlePollStateResultMessage(int, android.os.AsyncResult) took 274.857ms
01-09 05:49:22.937  1340  2275 W dex2oat : Compilation of void com.android.internal.os.BatteryStatsImpl.readFromParcelLocked(android.os.Parcel) took 110.027ms
01-09 05:49:23.106  1412  1412 W dex2oat : Compilation of void com.android.internal.telephony.ServiceStateTracker.pollStateDoneCdmaLte() took 240.410ms
01-09 05:49:23.272  1340  2276 W dex2oat : Compilation of android.view.ViewGroup com.android.internal.policy.PhoneWindow.generateLayout(com.android.internal.policy.DecorView) took 119.969ms
01-09 05:49:23.304  1340  1340 W dex2oat : Compilation of void com.android.internal.statusbar.StatusBarIcon.<init>(android.os.UserHandle, java.lang.String, android.graphics.drawable.Icon, int, int, java.lang.CharSequence) took 178.192ms
01-09 05:49:23.367  1340  2275 W dex2oat : Compilation of void com.android.internal.os.BatteryStatsImpl.readSummaryFromParcel(android.os.Parcel) took 354.319ms
01-09 05:49:23.445  1412  2272 W dex2oat : Compilation of void com.android.internal.telephony.dataconnection.ApnContext.markApnPermanentFailed(com.android.internal.telephony.dataconnection.ApnSetting) took 129.428ms
01-09 05:49:23.460  1412  2273 W dex2oat : Compilation of void com.android.internal.telephony.cdma.EriManager.loadEriFileFromXml() took 110.077ms
01-09 05:49:23.508  1340  2277 W dex2oat : Compilation of boolean com.android.internal.telecom.IConnectionServiceAdapter$Stub.onTransact(int, android.os.Parcel, android.os.Parcel, int) took 108.059ms
01-09 05:49:23.565  1412  2274 W dex2oat : Compilation of com.android.internal.telephony.dataconnection.DataCallResponse$SetupResult com.android.internal.telephony.dataconnection.DataCallResponse.setLinkProperties(android.net.LinkProperties, boolean) took 126.753ms
01-09 05:49:23.697  1340  2275 W dex2oat : Compilation of void com.android.internal.os.BatteryStatsImpl.updateCpuTimeLocked() took 105.539ms
01-09 05:49:23.734  1412  2273 W dex2oat : Compilation of void com.android.internal.telephony.dataconnection.DcController$DccDefaultState.onDataStateChanged(java.util.ArrayList) took 129.611ms
01-09 05:49:23.744  1340  1340 W dex2oat : Compilation of boolean com.android.internal.telecom.ITelecomService$Stub.onTransact(int, android.os.Parcel, android.os.Parcel, int) took 114.928ms
01-09 05:49:23.867  1340  2275 W dex2oat : Compilation of void com.android.internal.os.BatteryStatsImpl.updateWifiStateLocked(android.net.wifi.WifiActivityEnergyInfo) took 113.570ms
01-09 05:49:23.936  1340  2277 W dex2oat : Compilation of void com.android.internal.telephony.CellNetworkScanResult.writeToParcel(android.os.Parcel, int) took 100.019ms
01-09 05:49:24.203  1340  2275 W dex2oat : Compilation of void com.android.internal.os.BatteryStatsImpl.writeSummaryToParcel(android.os.Parcel, boolean) took 283.932ms
01-09 05:49:24.275  1340  2277 W dex2oat : Compilation of boolean com.android.internal.telephony.ISms$Stub.onTransact(int, android.os.Parcel, android.os.Parcel, int) took 107.728ms
01-09 05:49:24.309  1340  2275 W dex2oat : Compilation of void com.android.internal.os.BatteryStatsImpl.writeToParcelLocked(android.os.Parcel, boolean, int) took 105.082ms
01-09 05:49:24.436  1412  1412 W dex2oat : Compilation of void com.android.internal.telephony.imsphone.ImsPhoneCallTracker.-wrap7(com.android.internal.telephony.imsphone.ImsPhoneCallTracker, com.android.ims.ImsCall, com.android.internal.telephony.Call$State, int) took 100.311ms
01-09 05:49:24.467  1340  2277 W dex2oat : Compilation of java.lang.String com.android.internal.telephony.ISub$Stub$Proxy.getSubscriptionProperty(int, java.lang.String, java.lang.String) took 100.988ms
01-09 05:49:24.578  1340  2277 W dex2oat : Compilation of boolean com.android.internal.telephony.ITelephonyRegistry$Stub.onTransact(int, android.os.Parcel, android.os.Parcel, int) took 103.296ms
01-09 05:49:24.702  1340  2275 W dex2oat : Compilation of void com.android.internal.textservice.ISpellCheckerSession$Stub$Proxy.onGetSuggestionsMultiple(android.view.textservice.TextInfo[], int, boolean) took 105.948ms
01-09 05:49:24.714  1340  2276 W dex2oat : Compilation of boolean com.android.internal.telephony.ITelephony$Stub.onTransact(int, android.os.Parcel, android.os.Parcel, int) took 365.526ms
01-09 05:49:24.822  1340  2276 W dex2oat : Compilation of void com.android.internal.transition.EpicenterTranslateClipReveal$StateProperty.<init>(char) took 106.623ms
01-09 05:49:24.887  1340  2275 W dex2oat : Compilation of int com.android.internal.util.ArrayUtils.unstableRemoveIf(java.util.ArrayList, java.util.function.Predicate) took 121.147ms
01-09 05:49:24.995  1340  2277 W dex2oat : Compilation of void com.android.internal.util.FastPrintWriter.<init>(java.io.OutputStream, boolean) took 158.538ms
01-09 05:49:25.064  1412  2272 W dex2oat : Compilation of void com.android.internal.telephony.imsphone.ImsPhoneMmiCode.processCode() took 144.559ms
01-09 05:49:25.156  1340  1340 W dex2oat : Compilation of long com.android.internal.util.MemInfoReader.getFreeSize() took 100.243ms
01-09 05:49:25.177  1412  2272 W dex2oat : Compilation of int[] com.android.internal.telephony.uicc.IccCardProxy.-getcom-android-internal-telephony-uicc-IccCardApplicationStatus$AppStateSwitchesValues() took 101.473ms
01-09 05:49:25.252  1340  2276 W dex2oat : Compilation of java.lang.String com.android.internal.util.ProcFileReader.parseAndConsumeString(int) took 106.360ms
01-09 05:49:25.463  1412  2274 W dex2oat : Compilation of void com.android.internal.telephony.dataconnection.DcTracker.handleMessage(android.os.Message) took 153.390ms
01-09 05:49:25.596  1340  2276 W dex2oat : Compilation of java.util.HashSet com.android.internal.util.XmlUtils.readThisSetXml(org.xmlpull.v1.XmlPullParser, java.lang.String, java.lang.String[]) took 120.419ms
01-09 05:49:25.616  1412  1412 W dex2oat : Compilation of void com.android.internal.telephony.uicc.SIMRecords.setVoiceCallForwardingFlagFromSimRecords() took 110.110ms
01-09 05:49:25.660  1412  2272 W dex2oat : Compilation of void com.android.internal.telephony.uicc.UiccCard.dump(java.io.FileDescriptor, java.io.PrintWriter, java.lang.String[]) took 108.189ms
01-09 05:49:25.732  1412  2274 W dex2oat : Compilation of int com.android.internal.telephony.uicc.UiccCardApplication.parsePinPukErrorResult(android.os.AsyncResult) took 106.268ms
01-09 05:49:25.747  1340  1340 W dex2oat : Compilation of void com.android.internal.view.RotationPolicy$1.run() took 100.717ms
01-09 05:49:25.823  1412  2272 W dex2oat : Compilation of void com.android.internal.telephony.uicc.UiccCard.update(android.content.Context, com.android.internal.telephony.CommandsInterface, com.android.internal.telephony.uicc.IccCardStatus) took 151.156ms
01-09 05:49:26.030  1412  2274 W dex2oat : Compilation of com.google.android.mms.pdu.PduPart[] com.google.android.mms.pdu.PduPersister.loadParts(long) took 100.065ms
01-09 05:49:26.056  1340  2277 W dex2oat : Compilation of android.view.ActionMode com.android.internal.widget.ActionBarContainer.startActionModeForChild(android.view.View, android.view.ActionMode$Callback, int) took 100.354ms
01-09 05:49:26.078  1412  2273 W dex2oat : Compilation of int com.google.android.mms.pdu.PduComposer.makeMessageBody() took 100.346ms
01-09 05:49:26.145  1412  2274 W dex2oat : Compilation of void com.google.android.mms.pdu.PduPersister.persistData(com.google.android.mms.pdu.PduPart, android.net.Uri, java.lang.String, java.util.HashMap) took 111.144ms
01-09 05:49:26.183  1340  2277 W dex2oat : Compilation of android.view.View com.android.internal.widget.FloatingToolbar$FloatingToolbarPopup$OverflowPanelViewHelper.getView(android.view.MenuItem, int, android.view.View) took 107.242ms
01-09 05:49:26.351  1412  2274 W dex2oat : Compilation of com.google.android.mms.pdu.GenericPdu com.google.android.mms.pdu.PduPersister.load(android.net.Uri) took 141.449ms
01-09 05:49:26.478  1412  2274 W dex2oat : Compilation of android.net.Uri com.google.android.mms.pdu.PduPersister.persist(com.google.android.mms.pdu.GenericPdu, android.net.Uri, boolean, boolean, java.util.HashMap) took 126.108ms
01-09 05:49:26.531  1412  1412 W dex2oat : Compilation of void com.android.internal.telephony.uicc.SIMRecords.handleMessage(android.os.Message) took 876.114ms
01-09 05:49:26.706  1340  2275 W dex2oat : Compilation of boolean com.google.android.gles_jni.EGLImpl.eglDestroyContext(javax.microedition.khronos.egl.EGLDisplay, javax.microedition.khronos.egl.EGLContext) took 100.155ms
01-09 05:49:26.941  1340  2276 W dex2oat : Compilation of void com.android.server.SystemConfig.readPermissionsFromXml(java.io.File, int) took 358.819ms
01-09 05:49:27.026  1412  2272 W dex2oat : Compilation of boolean com.android.ims.ImsManager.updateVolteFeatureValue() took 102.786ms
01-09 05:49:27.046  1412  2274 W dex2oat : Compilation of java.lang.String com.android.ims.internal.ImsCallSession.toString() took 110.639ms
01-09 05:49:27.066  1412  2273 W dex2oat : Compilation of com.android.ims.ImsCallProfile com.android.ims.ImsCall.getLocalCallProfile() took 110.795ms
01-09 05:49:27.167  1340  2276 W dex2oat : Compilation of void com.android.internal.telephony.CallManager.<init>() took 111.367ms
01-09 05:49:27.429  1412  1412 W dex2oat : Compilation of org.apache.commons.logging.LogFactory org.apache.commons.logging.LogFactory.getFactory() took 103.318ms
01-09 05:49:27.489  1412  2274 W dex2oat : Compilation of void org.apache.http.client.protocol.RequestAddCookies.process(org.apache.http.HttpRequest, org.apache.http.protocol.HttpContext) took 107.669ms
01-09 05:49:27.564  1340  1340 W dex2oat : Compilation of void com.android.internal.telephony.GsmCdmaCallTracker.dumpState() took 149.850ms
01-09 05:49:27.586  1412  2272 W dex2oat : Compilation of int org.apache.http.conn.params.ConnPerRouteBean.getMaxForRoute(org.apache.http.conn.routing.HttpRoute) took 130.501ms
01-09 05:49:27.627  1340  2275 W dex2oat : Compilation of void com.android.internal.telephony.GsmCdmaConnection.processNextPostDialChar() took 101.495ms
01-09 05:49:27.636  1340  2277 W dex2oat : Compilation of void com.android.internal.telephony.Phone.handleSrvccStateChanged(int[]) took 101.232ms
01-09 05:49:27.716  1412  2274 W dex2oat : Compilation of void org.apache.http.cookie.CookieSpecRegistry.register(java.lang.String, org.apache.http.cookie.CookieSpecFactory) took 160.740ms
01-09 05:49:27.759  1340  2276 W dex2oat : Compilation of void com.android.internal.telephony.GsmCdmaPhone.initRatSpecific(int) took 133.469ms
01-09 05:49:27.874  1412  2273 W dex2oat : Compilation of void org.apache.http.impl.client.DefaultRedirectHandler.<init>() took 198.106ms
01-09 05:49:27.987  1340  2275 W dex2oat : Compilation of void com.android.internal.telephony.IccPhoneBookInterfaceManager.loge(java.lang.String) took 161.372ms
01-09 05:49:28.042  1340  1340 W dex2oat : Compilation of void com.android.internal.telephony.GsmCdmaCallTracker.handlePollCalls(android.os.AsyncResult) took 265.462ms
01-09 05:49:28.157  1340  1340 W dex2oat : Compilation of void com.android.internal.telephony.GsmCdmaCallTracker.hangup(com.android.internal.telephony.GsmCdmaConnection) took 112.740ms
01-09 05:49:28.288  1340  2275 W dex2oat : Compilation of boolean com.android.internal.telephony.IntRangeManager.disableRange(int, int, java.lang.String) took 105.945ms
01-09 05:49:28.382  1340  2276 W dex2oat : Compilation of void com.android.internal.telephony.GsmCdmaPhone.handleMessage(android.os.Message) took 125.007ms
