--------- beginning of system
01-09 05:46:48.702   217   217 I vold    : Vold 3.0 (the awakening) firing up
01-09 05:46:48.702   217   217 V vold    : Detected support for: exfat ext4 ntfs vfat
01-09 05:46:48.985   217   223 D vold    : e4crypt_init_user0
01-09 05:46:48.985   217   223 D vold    : e4crypt_prepare_user_storage for volume null, user 0, serial 0, flags 1
01-09 05:46:48.985   217   223 D vold    : Preparing: /data/system/users/0
01-09 05:46:48.990   217   223 D vold    : Preparing: /data/misc/profiles/cur/0
01-09 05:46:48.990   217   223 D vold    : Preparing: /data/misc/profiles/cur/0/foreign-dex
01-09 05:46:48.990   217   223 D vold    : Preparing: /data/system_de/0
01-09 05:46:48.991   217   223 D vold    : Preparing: /data/misc_de/0
01-09 05:46:48.991   217   223 D vold    : Preparing: /data/user_de/0
01-09 05:46:48.992   217   223 D vold    : e4crypt_unlock_user_key 0 serial=0 token_present=0
01-09 05:46:50.238   217   221 D vold    : Disk at 7:0 changed
--------- beginning of main
01-09 05:46:52.057   379   414 I libmdmdetect: ESOC framework not supported
01-09 05:46:52.057   379   414 I libmdmdetect: Found internal modem: modem
01-09 05:46:52.058   379   414 E QMI_FW  : QMUXD: WARNING qmi_qmux_if_pwr_up_init failed! rc=-1
01-09 05:46:52.058   379   414 E QC-time-services: Daemon:genoff_modem_qmi_service_request: qmi_client_get_service_list returned 0num_services 1
01-09 05:46:52.058   379   414 I libmdmdetect: ESOC framework not supported
01-09 05:46:52.058   379   414 I libmdmdetect: Found internal modem: modem
01-09 05:46:52.059   342   342 I mm-pp-daemon: type=1400 audit(0.0:20): avc: denied { read write } for name="diag" dev="tmpfs" ino=6634 scontext=u:r:mm-pp-daemon:s0 tcontext=u:object_r:diag_device:s0 tclass=chr_file permissive=1
01-09 05:46:52.059   342   342 I mm-pp-daemon: type=1400 audit(0.0:21): avc: denied { open } for path="/dev/diag" dev="tmpfs" ino=6634 scontext=u:r:mm-pp-daemon:s0 tcontext=u:object_r:diag_device:s0 tclass=chr_file permissive=1
01-09 05:46:52.059   342   342 I mm-pp-daemon: type=1400 audit(0.0:22): avc: denied { ioctl } for path="/dev/diag" dev="tmpfs" ino=6634 ioctlcmd=20 scontext=u:r:mm-pp-daemon:s0 tcontext=u:object_r:diag_device:s0 tclass=chr_file permissive=1
01-09 05:46:52.059   379   414 E QMI_FW  : QMUXD: WARNING qmi_qmux_if_pwr_up_init failed! rc=-1
01-09 05:46:52.059   379   414 I libmdmdetect: ESOC framework not supported
01-09 05:46:52.059   379   414 I libmdmdetect: Found internal modem: modem
01-09 05:46:52.059   379   414 E QMI_FW  : QMUXD: WARNING qmi_qmux_if_pwr_up_init failed! rc=-1
01-09 05:46:52.060   379   414 I libmdmdetect: ESOC framework not supported
01-09 05:46:52.060   379   414 I libmdmdetect: Found internal modem: modem
01-09 05:46:52.060   379   414 E QMI_FW  : QMUXD: WARNING qmi_qmux_if_pwr_up_init failed! rc=-1
01-09 05:46:52.067   417   417 I chatty  : uid=0(root) expire 1 line
01-09 05:46:52.073   342   342 D PPDaemon: isHDMIPrimary: HDMI is not primary display
01-09 05:46:52.074   342   342 D PPDaemon: PU Status from pu node: 0
01-09 05:46:52.074   342   342 D PPDaemon: int dcm_os_intf_control(boolean): Entering
01-09 05:46:52.074   342   342 D PPDaemon: Calling LSM init 
01-09 05:46:52.079   342   342 D PPDaemon: Diag_LSM_Init succeeded. 
01-09 05:46:52.079   342   342 D PPDaemon: QDCM_Service_ErrorTypes InitUtility(): Entering
01-09 05:46:52.079   342   342 D PPDaemon: MDP version: 0x10060000.
01-09 05:46:52.079   342   342 D PPDaemon: MDSS version: 0x10060000.
01-09 05:46:52.079   342   342 E         : [QDCM_Service_Open,1211]QDCM utility version=0x02060002
01-09 05:46:52.079   342   342 D PPDaemon: QDCM_Service_RegisterCallback() successful.
01-09 05:46:52.080   342   342 D PPDaemon: Panel Name: txd_hx8394d_HD720p_video
01-09 05:46:52.080   342   342 D PPDaemon: QDCM_Service_ErrorTypes InitUtility(): Exiting
01-09 05:46:52.080   342   342 D PPDaemon: intf.hContext = 0xad42e180, qdcmContextHandle = 0x7fad42e180
01-09 05:46:52.080   342   342 D PPDaemon: int dcm_os_intf_control(boolean): Exiting
01-09 05:46:52.080   342   428 D PPDaemon: PU Status from pu node: 0
01-09 05:46:52.099   336   336 I chatty  : uid=0(root) /system/bin/sh expire 5 lines
01-09 05:46:52.102   384   384 I chatty  : uid=0(root) /system/xbin/perfprofd expire 3 lines
01-09 05:46:52.108   374   374 I chatty  : uid=0(root) Binder:374_2 expire 43 lines
01-09 05:46:52.109   434   434 I sh      : type=1400 audit(0.0:25): avc: denied { read open } for path="/system/bin/toybox" dev="mmcblk0p22" ino=373 scontext=u:r:bluetooth_loader:s0 tcontext=u:object_r:toolbox_exec:s0 tclass=file permissive=1
01-09 05:46:52.109   434   434 I sh      : type=1400 audit(0.0:26): avc: denied { execute_no_trans } for path="/system/bin/toybox" dev="mmcblk0p22" ino=373 scontext=u:r:bluetooth_loader:s0 tcontext=u:object_r:toolbox_exec:s0 tclass=file permissive=1
01-09 05:46:52.187   379   414 D QC-time-services: Daemon:genoff_modem_qmi_service_request: Initial transaction successfull
01-09 05:46:52.282   340   340 D libEGL  : loaded /vendor/lib64/egl/libGLESv1_CM_adreno.so
01-09 05:46:52.297   345   345 D QSEECOMAPI: : Loaded image: APP id = 3
01-09 05:46:52.298   340   340 D libEGL  : loaded /vendor/lib64/egl/libGLESv2_adreno.so
01-09 05:46:52.299   344   344 I chatty  : uid=0(root) /system/bin/log expire 3 lines
01-09 05:46:52.304   333   333 I chatty  : uid=0(root) /system/bin/rmt_storage expire 6 lines
01-09 05:46:52.304   333   333 I rmt_storage: Capset success!
01-09 05:46:52.308   337   337 I chatty  : uid=0(root) /system/bin/qseecomd expire 20 lines
01-09 05:46:52.309   447   447 I ps      : type=1400 audit(0.0:27): avc: denied { getattr } for path="/proc/207" dev="proc" ino=7397 scontext=u:r:init:s0 tcontext=u:r:logd:s0 tclass=dir permissive=1
01-09 05:46:52.312   338   338 I chatty  : uid=0(root) /system/bin/lmkd expire 1 line
01-09 05:46:52.314   334   334 E rfs_access: debug open failed with errno 13
01-09 05:46:52.316   334   334 E rfs_access: Mmap failed for client: rfsa_sensor
01-09 05:46:52.316   334   334 I rfs_access: All clients successfully initialized.
01-09 05:46:52.316   334   334 E rfs_access: Not ROOT user but as user:1000 so cant init wakelock
01-09 05:46:52.316   334   334 I rfs_access: All Data dirs exist or were created successfully.
01-09 05:46:52.317   345   345 D QSEECOMD: : QSEECOM DAEMON RUNNING 
01-09 05:46:52.317   337   337 D QSEECOMD: : Parent qseecom daemon process paused!! 
01-09 05:46:52.318   334   334 I rfs_access: Initialized RFS server
01-09 05:46:52.327   345   345 D QSEECOMD: : qseecom listener service threads starting!!! 
01-09 05:46:52.327   345   345 D QSEECOMD: : Total listener services to start = 7
01-09 05:46:52.327   345   345 E QSEECOMD: : Listener: index = 0, hierarchy = 1
01-09 05:46:52.327   345   345 D QSEECOMD: : Init dlopen(librpmb.so, RTLD_NOW) succeeds
01-09 05:46:52.327   345   345 D QSEECOMD: : Init::Init dlsym(g_FSHandle rpmb_start) succeeds
01-09 05:46:52.328   345   345 D QSEECOMAPI: : QSEECom_register_listener 8192 sb_length = 0x5000
01-09 05:46:52.331   340   340 I Adreno-EGL: <qeglDrvAPI_eglInitialize:379>: EGL 1.4 QUALCOMM build: Nondeterministic_AU_msm8916_64_LA.BR.1.2.6_RB1__release_AU (Ia10634f51b)
01-09 05:46:52.331   340   340 I Adreno-EGL: OpenGL ES Shader Compiler Version: XE031.06.00.05
01-09 05:46:52.331   340   340 I Adreno-EGL: Build Date: 01/04/16 Mon
01-09 05:46:52.331   340   340 I Adreno-EGL: Local Branch: mybranch17585849
01-09 05:46:52.331   340   340 I Adreno-EGL: Remote Branch: quic/LA.BR.1.2.6_rb1.7
01-09 05:46:52.331   340   340 I Adreno-EGL: Local Patches: NONE
01-09 05:46:52.331   340   340 I Adreno-EGL: Reconstruct Branch: NOTHING
01-09 05:46:52.333   345   345 D QSEECOMD: : Init rpmb_start ret = 0
01-09 05:46:52.333   345   345 D QSEECOMD: : RPMB system services: Started (Listener ID = 8192)
01-09 05:46:52.333   345   345 E QSEECOMD: : Listener: index = 1, hierarchy = 1
01-09 05:46:52.333   345   345 D QSEECOMD: : Init dlopen(libssd.so, RTLD_NOW) succeeds
01-09 05:46:52.333   345   345 D QSEECOMD: : Init::Init dlsym(g_FSHandle ssd_start) succeeds
01-09 05:46:52.333   345   345 D QSEECOMAPI: : QSEECom_register_listener 12288 sb_length = 0x5000
01-09 05:46:52.334   345   345 D QSEECOMD: : Init ssd_start ret = 0
01-09 05:46:52.334   345   345 D QSEECOMD: : SSD system services: Started (Listener ID = 12288)
01-09 05:46:52.334   345   345 E QSEECOMD: : Listener: index = 2, hierarchy = 1
01-09 05:46:52.334   345   345 E QSEECOMD: : Init dlopen(libsecureui.so, RLTD_NOW) is failed....
01-09 05:46:52.334   345   345 E QSEECOMD: : Listener: index = 3, hierarchy = 1
01-09 05:46:52.340   345   345 D QSEECOMD: : Init dlopen(libdrmtime.so, RTLD_NOW) succeeds
01-09 05:46:52.340   345   345 D QSEECOMD: : Init::Init dlsym(g_FSHandle atime_start) succeeds
01-09 05:46:52.340   345   345 D DrmLibTime: QSEE Time Listener: atime_start
01-09 05:46:52.340   345   345 D QSEECOMAPI: : QSEECom_register_listener 11 sb_length = 0x5000
01-09 05:46:52.341   345   345 D DrmLibTime: registering fs service to QSEECom is done!
01-09 05:46:52.341   345   345 D DrmLibTime: begin to create a thread!
01-09 05:46:52.341   345   345 D DrmLibTime: Creating a pthread in atime_start is done! return 0
01-09 05:46:52.341   345   345 D QSEECOMD: : Init atime_start ret = 0
01-09 05:46:52.341   345   345 D QSEECOMD: : time services: Started (Listener ID = 11)
01-09 05:46:52.341   345   345 E QSEECOMD: : Listener: index = 4, hierarchy = 1
01-09 05:46:52.341   345   345 D QSEECOMD: : Init dlopen(libdrmfs.so, RTLD_NOW) succeeds
01-09 05:46:52.341   345   345 D QSEECOMD: : Init::Init dlsym(g_FSHandle fs_start) succeeds
01-09 05:46:52.341   345   345 D QSEECOMAPI: : QSEECom_register_listener 10 sb_length = 0x5000
01-09 05:46:52.342   345   345 D QSEECOMD: : Init fs_start ret = 0
01-09 05:46:52.342   345   345 D QSEECOMD: : file system services: Started (Listener ID = 10)
01-09 05:46:52.342   345   345 E QSEECOMD: : Listener: index = 5, hierarchy = 1
01-09 05:46:52.342   345   345 E QSEECOMD: : Init dlopen(libfwlock.so, RLTD_NOW) is failed....
01-09 05:46:52.342   345   345 E QSEECOMD: : Listener: index = 6, hierarchy = 1
01-09 05:46:52.342   345   345 D QSEECOMD: : Init dlopen(libdrmfs.so, RTLD_NOW) succeeds
01-09 05:46:52.342   345   345 D QSEECOMD: : Init::Init dlsym(g_FSHandle gpfs_start) succeeds
01-09 05:46:52.342   345   345 D QSEECOMAPI: : QSEECom_register_listener 28672 sb_length = 0x7e000
01-09 05:46:52.345   345   358 D DrmLibTime: QSEE Time Listener: dispatch
01-09 05:46:52.345   345   358 D DrmLibTime: before calling ioctl to read the next time_cmd
01-09 05:46:52.349   345   345 D QSEECOMD: : Init gpfs_start ret = 0
01-09 05:46:52.349   345   345 D QSEECOMD: : gpfile system services: Started (Listener ID = 28672)
01-09 05:46:52.360   380   380 V AudioDaemonMain: Audio daemon starting sequence..
01-09 05:46:52.360   380   380 V AudioDaemon: Start audiod daemon
01-09 05:46:52.361   457   457 I chatty  : uid=0(root) expire 1 line
01-09 05:46:52.364   380   461 V AudioDaemon: readyToRun: open snd card state node files
01-09 05:46:52.364   380   461 V AudioDaemon: Start threadLoop()
01-09 05:46:52.365   380   461 D AudioDaemon: Opening sound card state : /proc/asound/card---/state
01-09 05:46:52.365   380   461 E AudioDaemon: Open /proc/asound/card---/state failed : No such file or directory
01-09 05:46:52.365   380   461 V AudioDaemon: bool android::AudioDaemon::getStateFDs(std::vector<std::pair<int, int> > &): 0 sound cards detected
01-09 05:46:52.365   380   461 E AudioDaemon: Sleeping for 100 ms
01-09 05:46:52.371   333   333 I rmt_storage: rmt_storage_connect_cb: clnt_h=0x1 conn_h=0x7fae42a000
01-09 05:46:52.372   333   333 I rmt_storage: rmt_storage_open_cb: /boot/modem_fs1: clnt_h=0x1: req_h=0x1 msg_id=1: Client found
01-09 05:46:52.372   333   333 I rmt_storage: rmt_storage_open_cb: /boot/modem_fs1: clnt_h=0x1: req_h=0x1 msg_id=1: Send response: res=0 err=0
01-09 05:46:52.373   333   333 I rmt_storage: rmt_storage_connect_cb: clnt_h=0x2 conn_h=0x7fae42a340
01-09 05:46:52.373   333   333 I rmt_storage: rmt_storage_open_cb: /boot/modem_fs2: clnt_h=0x2: req_h=0x2 msg_id=1: Client found
01-09 05:46:52.373   333   333 I rmt_storage: rmt_storage_open_cb: /boot/modem_fs2: clnt_h=0x2: req_h=0x2 msg_id=1: Send response: res=0 err=0
01-09 05:46:52.373   333   333 I rmt_storage: rmt_storage_connect_cb: clnt_h=0x3 conn_h=0x7fae42a350
01-09 05:46:52.373   333   333 I rmt_storage: rmt_storage_open_cb: /boot/modem_fsg: clnt_h=0x3: req_h=0x3 msg_id=1: Client found
01-09 05:46:52.373   333   333 I rmt_storage: rmt_storage_open_cb: /boot/modem_fsg: clnt_h=0x3: req_h=0x3 msg_id=1: Send response: res=0 err=0
01-09 05:46:52.374   333   333 I rmt_storage: rmt_storage_connect_cb: clnt_h=0x4 conn_h=0x7fae42a360
01-09 05:46:52.374   333   333 I rmt_storage: rmt_storage_open_cb: /boot/modem_fsc: clnt_h=0x4: req_h=0x4 msg_id=1: Client found
01-09 05:46:52.374   333   333 I rmt_storage: rmt_storage_open_cb: /boot/modem_fsc: clnt_h=0x4: req_h=0x4 msg_id=1: Send response: res=0 err=0
01-09 05:46:52.374   333   333 I rmt_storage: rmt_storage_alloc_buff_cb: /boot/modem_fs1: clnt_h=0x1: req_h=0x5 msg_id=4: Alloc request received: Size: 917504
01-09 05:46:52.374   333   333 I rmt_storage: rmt_storage_alloc_buff_cb: /boot/modem_fs1: clnt_h=0x1: req_h=0x5 msg_id=4: Old Client requesting buffer from RMTS Server
01-09 05:46:52.374   333   333 I rmt_storage: rmt_storage_alloc_buff_cb: /boot/modem_fs1: clnt_h=0x1: req_h=0x5 msg_id=4: Send response: res=0 err=0
01-09 05:46:52.377   333   333 I rmt_storage: rmt_storage_rw_iovec_cb: /boot/modem_fs1: clnt_h=0x1: req_h=0x6 msg_id=3: R/W request received
01-09 05:46:52.377   333   333 I rmt_storage: wakelock acquired: 1, error no: 42
01-09 05:46:52.377   333   369 I rmt_storage: rmt_storage_client_thread: /boot/modem_fs1: clnt_h=0x1 Worker thread started
01-09 05:46:52.377   333   369 I rmt_storage: wake lock name: rmt_storage_548384273488, name creation success: 24
01-09 05:46:52.378   333   372 I rmt_storage: rmt_storage_client_thread: /boot/modem_fsc: clnt_h=0x4 Worker thread started
01-09 05:46:52.378   333   372 I rmt_storage: wake lock name: rmt_storage_548381164624, name creation success: 24
01-09 05:46:52.379   377   377 I sh      : type=1400 audit(0.0:9): avc: denied { getattr } for path="/system/bin/toybox" dev="mmcblk0p22" ino=373 scontext=u:r:bluetooth_loader:s0 tcontext=u:object_r:toolbox_exec:s0 tclass=file permissive=1
01-09 05:46:52.379   377   377 I sh      : type=1400 audit(0.0:10): avc: denied { execute } for name="toybox" dev="mmcblk0p22" ino=373 scontext=u:r:bluetooth_loader:s0 tcontext=u:object_r:toolbox_exec:s0 tclass=file permissive=1
01-09 05:46:52.379   377   377 I sh      : type=1400 audit(0.0:11): avc: denied { read open } for path="/system/bin/toybox" dev="mmcblk0p22" ino=373 scontext=u:r:bluetooth_loader:s0 tcontext=u:object_r:toolbox_exec:s0 tclass=file permissive=1
01-09 05:46:52.379   377   377 I sh      : type=1400 audit(0.0:12): avc: denied { execute_no_trans } for path="/system/bin/toybox" dev="mmcblk0p22" ino=373 scontext=u:r:bluetooth_loader:s0 tcontext=u:object_r:toolbox_exec:s0 tclass=file permissive=1
01-09 05:46:52.381   333   371 I rmt_storage: rmt_storage_client_thread: /boot/modem_fsg: clnt_h=0x3 Worker thread started
01-09 05:46:52.381   333   371 I rmt_storage: wake lock name: rmt_storage_548382200912, name creation success: 24
01-09 05:46:52.386   333   370 I rmt_storage: rmt_storage_client_thread: /boot/modem_fs2: clnt_h=0x2 Worker thread started
01-09 05:46:52.387   333   370 I rmt_storage: wake lock name: rmt_storage_548383237200, name creation success: 24
01-09 05:46:52.387   342   342 D PPDaemon: CABL version 2.0.20140905
01-09 05:46:52.390   333   369 I rmt_storage: rmt_storage_client_thread: /boot/modem_fs1: clnt_h=0x1: req_h=0x6 msg_id=3: Bytes read = 512
01-09 05:46:52.390   333   369 I rmt_storage: rmt_storage_client_thread: /boot/modem_fs1: clnt_h=0x1: req_h=0x6 msg_id=3: Send response: res=0 err=0
01-09 05:46:52.390   333   369 I rmt_storage: rmt_storage_client_thread: /boot/modem_fs1: clnt_h=0x1 About to block rmt_storage client thread (th_id: 548384273488) wakelock released: 0, error no: 22
01-09 05:46:52.390   333   369 I rmt_storage: 
01-09 05:46:52.391   333   333 I rmt_storage: rmt_storage_rw_iovec_cb: /boot/modem_fs2: clnt_h=0x2: req_h=0x7 msg_id=3: R/W request received
01-09 05:46:52.391   333   333 I rmt_storage: wakelock acquired: 1, error no: 42
01-09 05:46:52.392   333   370 I rmt_storage: rmt_storage_client_thread: /boot/modem_fs2: clnt_h=0x2 Unblock worker thread (th_id: 548383237200)
01-09 05:46:52.392   347   347 I irsc_util: Starting irsc tool
01-09 05:46:52.397   333   370 I rmt_storage: rmt_storage_client_thread: /boot/modem_fs2: clnt_h=0x2: req_h=0x7 msg_id=3: Bytes read = 512
01-09 05:46:52.397   333   370 I rmt_storage: rmt_storage_client_thread: /boot/modem_fs2: clnt_h=0x2: req_h=0x7 msg_id=3: Send response: res=0 err=0
01-09 05:46:52.397   333   370 I rmt_storage: rmt_storage_client_thread: /boot/modem_fs2: clnt_h=0x2 About to block rmt_storage client thread (th_id: 548383237200) wakelock released: 1, error no: 0
01-09 05:46:52.397   333   370 I rmt_storage: 
01-09 05:46:52.399   333   333 I rmt_storage: rmt_storage_rw_iovec_cb: /boot/modem_fs2: clnt_h=0x2: req_h=0x8 msg_id=3: R/W request received
01-09 05:46:52.399   333   333 I rmt_storage: wakelock acquired: 1, error no: 42
01-09 05:46:52.399   333   370 I rmt_storage: rmt_storage_client_thread: /boot/modem_fs2: clnt_h=0x2 Unblock worker thread (th_id: 548383237200)
01-09 05:46:52.404   347   347 I irsc_util: Num of entries:285
01-09 05:46:52.409   348   348 I qmuxd   : type=1400 audit(0.0:13): avc: denied { read write } for name="diag" dev="tmpfs" ino=6634 scontext=u:r:qmuxd:s0 tcontext=u:object_r:diag_device:s0 tclass=chr_file permissive=1
01-09 05:46:52.409   348   348 I qmuxd   : type=1400 audit(0.0:14): avc: denied { open } for path="/dev/diag" dev="tmpfs" ino=6634 scontext=u:r:qmuxd:s0 tcontext=u:object_r:diag_device:s0 tclass=chr_file permissive=1
01-09 05:46:52.409   348   348 I qmuxd   : type=1400 audit(0.0:15): avc: denied { ioctl } for path="/dev/diag" dev="tmpfs" ino=6634 ioctlcmd=20 scontext=u:r:qmuxd:s0 tcontext=u:object_r:diag_device:s0 tclass=chr_file permissive=1
01-09 05:46:52.419   345   345 I qseecomd: type=1400 audit(0.0:16): avc: denied { read } for name="keymaste.mdt" dev="mmcblk0p1" ino=26 scontext=u:r:tee:s0 tcontext=u:object_r:vfat:s0 tclass=file permissive=1
01-09 05:46:52.419   345   345 I qseecomd: type=1400 audit(0.0:17): avc: denied { open } for path="/firmware/image/keymaste.mdt" dev="mmcblk0p1" ino=26 scontext=u:r:tee:s0 tcontext=u:object_r:vfat:s0 tclass=file permissive=1
01-09 05:46:52.419   345   345 I qseecomd: type=1400 audit(0.0:18): avc: denied { getattr } for path="/firmware/image/keymaste.mdt" dev="mmcblk0p1" ino=26 scontext=u:r:tee:s0 tcontext=u:object_r:vfat:s0 tclass=file permissive=1
01-09 05:46:52.421   363   363 I chatty  : uid=0(root) /system/bin/installd expire 1 line
01-09 05:46:52.424   351   351 I chatty  : uid=0(root) /vendor/bin/thermal-engine expire 162 lines
01-09 05:46:52.424   348   348 I chatty  : uid=0(root) /system/bin/qmuxd expire 2 lines
01-09 05:46:52.425   340   340 I SurfaceFlinger: SurfaceFlinger is starting
01-09 05:46:52.425   340   340 I SurfaceFlinger: SurfaceFlinger's main thread ready to run. Initializing graphics H/W...
01-09 05:46:52.427   345   345 D QSEECOMAPI: : QSEECom_get_handle sb_length = 0x400
01-09 05:46:52.427   345   345 D QSEECOMAPI: : App is not loaded in QSEE
01-09 05:46:52.429   348   348 I libmdmdetect: ESOC framework not supported
01-09 05:46:52.429   348   348 I libmdmdetect: Found internal modem: modem
01-09 05:46:52.431   348   348 I libmdmdetect: ESOC framework not supported
01-09 05:46:52.431   348   348 I libmdmdetect: Found internal modem: modem
01-09 05:46:52.431   351   409 I chatty  : uid=0(root) /vendor/bin/thermal-engine expire 27 lines
01-09 05:46:52.442   350   350 I libmdmdetect: ESOC framework not supported
01-09 05:46:52.442   350   350 I libmdmdetect: Found internal modem: modem
01-09 05:46:52.443   351   388 I chatty  : uid=0(root) /vendor/bin/thermal-engine expire 2 lines
01-09 05:46:52.447   368   368 I chatty  : uid=0(root) expire 1 line
01-09 05:46:52.453   333   370 I rmt_storage: rmt_storage_client_thread: /boot/modem_fs2: clnt_h=0x2: req_h=0x8 msg_id=3: Bytes read = 916480
01-09 05:46:52.453   333   370 I rmt_storage: rmt_storage_client_thread: /boot/modem_fs2: clnt_h=0x2: req_h=0x8 msg_id=3: Send response: res=0 err=0
01-09 05:46:52.453   333   370 I rmt_storage: rmt_storage_client_thread: /boot/modem_fs2: clnt_h=0x2 About to block rmt_storage client thread (th_id: 548383237200) wakelock released: 1, error no: 0
01-09 05:46:52.453   333   370 I rmt_storage: 
01-09 05:46:52.457   347   347 I irsc_util: Ending irsc tool
01-09 05:46:52.465   380   461 D AudioDaemon: Opening sound card state : /proc/asound/card---/state
01-09 05:46:52.465   380   461 E AudioDaemon: Open /proc/asound/card---/state failed : No such file or directory
01-09 05:46:52.465   380   461 V AudioDaemon: bool android::AudioDaemon::getStateFDs(std::vector<std::pair<int, int> > &): 0 sound cards detected
01-09 05:46:52.465   380   461 E AudioDaemon: Sleeping for 100 ms
01-09 05:46:52.466   382   382 I gatekeeperd: Starting gatekeeperd...
01-09 05:46:52.471   379   379 I chatty  : uid=0(root) /system/bin/time_daemon expire 2 lines
01-09 05:46:52.476   350   350 I libmdmdetect: ESOC framework not supported
01-09 05:46:52.476   350   350 I libmdmdetect: Found internal modem: modem
01-09 05:46:52.477   379   379 D QC-time-services: Daemon:genoff_pre_init::Base = 0
01-09 05:46:52.477   379   379 D QC-time-services: Daemon:ats_rtc_init: Time read from RTC -- year = 70, month = 0,day = 9
01-09 05:46:52.478   379   379 D QC-time-services: Daemon:Value read from RTC seconds = 712012000
01-09 05:46:52.478   379   379 D QC-time-services: Daemon:genoff_init_config: ATS_RTC initialized with rc: 0
01-09 05:46:52.478   379   379 D QC-time-services: Daemon:genoff_pre_init::Base = 1
01-09 05:46:52.478   379   379 D QC-time-services: Daemon: Storage Name: ats_1 
01-09 05:46:52.478   379   379 D QC-time-services: Daemon:Opening File: /data/time/ats_1
01-09 05:46:52.478   379   379 D QC-time-services: Daemon:time_persistent_memory_opr:Genoff Read operation 
01-09 05:46:52.478   379   379 D QC-time-services: Daemon:Unable to open filefor read
01-09 05:46:52.478   379   379 D QC-time-services: Daemon:genoff_post_init:Error in accessing storage
01-09 05:46:52.478   379   379 D QC-time-services: Daemon:genoff_pre_init::Base = 2
01-09 05:46:52.478   379   379 D QC-time-services: Daemon: Storage Name: ats_2 
01-09 05:46:52.478   379   379 D QC-time-services: Daemon:Opening File: /data/time/ats_2
01-09 05:46:52.478   379   379 D QC-time-services: Daemon:time_persistent_memory_opr:Genoff Read operation 
01-09 05:46:52.478   379   379 D QC-time-services: Daemon:Unable to open filefor read
01-09 05:46:52.478   379   379 D QC-time-services: Daemon:genoff_post_init:Error in accessing storage
01-09 05:46:52.478   379   379 D QC-time-services: Daemon:genoff_pre_init::Base = 3
01-09 05:46:52.478   379   379 D QC-time-services: Daemon: Storage Name: ats_3 
01-09 05:46:52.478   379   379 D QC-time-services: Daemon:Opening File: /data/time/ats_3
01-09 05:46:52.478   379   379 D QC-time-services: Daemon:time_persistent_memory_opr:Genoff Read operation 
01-09 05:46:52.478   379   379 D QC-time-services: Daemon:Unable to open filefor read
01-09 05:46:52.478   379   379 D QC-time-services: Daemon:genoff_post_init:Error in accessing storage
01-09 05:46:52.478   379   379 D QC-time-services: Daemon:genoff_pre_init::Base = 4
01-09 05:46:52.478   379   379 D QC-time-services: Daemon: Storage Name: ats_4 
01-09 05:46:52.478   379   379 D QC-time-services: Daemon:Opening File: /data/time/ats_4
01-09 05:46:52.478   379   379 D QC-time-services: Daemon:time_persistent_memory_opr:Genoff Read operation 
01-09 05:46:52.478   379   379 D QC-time-services: Daemon:Unable to open filefor read
01-09 05:46:52.478   379   379 D QC-time-services: Daemon:genoff_post_init:Error in accessing storage
01-09 05:46:52.478   379   379 D QC-time-services: Daemon:genoff_pre_init::Base = 5
01-09 05:46:52.478   379   379 D QC-time-services: Daemon: Storage Name: ats_5 
01-09 05:46:52.478   379   379 D QC-time-services: Daemon:Opening File: /data/time/ats_5
01-09 05:46:52.478   379   379 D QC-time-services: Daemon:time_persistent_memory_opr:Genoff Read operation 
01-09 05:46:52.478   379   379 D QC-time-services: Daemon:Unable to open filefor read
01-09 05:46:52.478   379   379 D QC-time-services: Daemon:genoff_post_init:Error in accessing storage
01-09 05:46:52.478   379   379 D QC-time-services: Daemon:genoff_pre_init::Base = 6
01-09 05:46:52.478   379   379 D QC-time-services: Daemon: Storage Name: ats_6 
01-09 05:46:52.478   379   379 D QC-time-services: Daemon:Opening File: /data/time/ats_6
01-09 05:46:52.478   379   379 D QC-time-services: Daemon:time_persistent_memory_opr:Genoff Read operation 
01-09 05:46:52.478   379   379 D QC-time-services: Daemon:Unable to open filefor read
01-09 05:46:52.478   379   379 D QC-time-services: Daemon:genoff_post_init:Error in accessing storage
01-09 05:46:52.478   379   379 D QC-time-services: Daemon:genoff_pre_init::Base = 7
01-09 05:46:52.478   379   379 D QC-time-services: Daemon: Storage Name: ats_7 
01-09 05:46:52.478   379   379 D QC-time-services: Daemon:Opening File: /data/time/ats_7
01-09 05:46:52.478   379   379 D QC-time-services: Daemon:time_persistent_memory_opr:Genoff Read operation 
01-09 05:46:52.478   379   379 D QC-time-services: Daemon:Unable to open filefor read
01-09 05:46:52.478   379   379 D QC-time-services: Daemon:genoff_post_init:Error in accessing storage
01-09 05:46:52.478   379   379 D QC-time-services: Daemon:genoff_pre_init::Base = 8
01-09 05:46:52.478   379   379 D QC-time-services: Daemon: Storage Name: ats_8 
01-09 05:46:52.478   379   379 D QC-time-services: Daemon:Opening File: /data/time/ats_8
01-09 05:46:52.478   379   379 D QC-time-services: Daemon:time_persistent_memory_opr:Genoff Read operation 
01-09 05:46:52.478   379   379 D QC-time-services: Daemon:Unable to open filefor read
01-09 05:46:52.478   379   379 D QC-time-services: Daemon:genoff_post_init:Error in accessing storage
01-09 05:46:52.478   379   379 D QC-time-services: Daemon:genoff_pre_init::Base = 9
01-09 05:46:52.478   379   379 D QC-time-services: Daemon: Storage Name: ats_9 
01-09 05:46:52.479   379   379 D QC-time-services: Daemon:Opening File: /data/time/ats_9
01-09 05:46:52.479   379   379 D QC-time-services: Daemon:time_persistent_memory_opr:Genoff Read operation 
01-09 05:46:52.479   379   379 D QC-time-services: Daemon:Unable to open filefor read
01-09 05:46:52.479   379   379 D QC-time-services: Daemon:genoff_post_init:Error in accessing storage
01-09 05:46:52.479   379   379 D QC-time-services: Daemon:genoff_pre_init::Base = 10
01-09 05:46:52.479   379   379 D QC-time-services: Daemon: Storage Name: ats_10 
01-09 05:46:52.479   379   379 D QC-time-services: Daemon:Opening File: /data/time/ats_10
01-09 05:46:52.479   379   379 D QC-time-services: Daemon:time_persistent_memory_opr:Genoff Read operation 
01-09 05:46:52.479   379   379 D QC-time-services: Daemon:Unable to open filefor read
01-09 05:46:52.479   379   379 D QC-time-services: Daemon:genoff_post_init:Error in accessing storage
01-09 05:46:52.479   379   379 D QC-time-services: Daemon:genoff_pre_init::Base = 11
01-09 05:46:52.479   379   379 D QC-time-services: Daemon: Storage Name: ats_11 
01-09 05:46:52.479   379   379 D QC-time-services: Daemon:Opening File: /data/time/ats_11
01-09 05:46:52.479   379   379 D QC-time-services: Daemon:time_persistent_memory_opr:Genoff Read operation 
01-09 05:46:52.479   379   379 D QC-time-services: Daemon:Unable to open filefor read
01-09 05:46:52.479   379   379 D QC-time-services: Daemon:genoff_post_init:Error in accessing storage
01-09 05:46:52.479   379   379 D QC-time-services: Daemon:genoff_pre_init::Base = 12
01-09 05:46:52.479   379   379 D QC-time-services: Daemon: Storage Name: ats_12 
01-09 05:46:52.479   379   379 D QC-time-services: Daemon:Opening File: /data/time/ats_12
01-09 05:46:52.479   379   379 D QC-time-services: Daemon:time_persistent_memory_opr:Genoff Read operation 
01-09 05:46:52.479   379   379 D QC-time-services: Daemon:Unable to open filefor read
01-09 05:46:52.479   379   379 D QC-time-services: Daemon:genoff_post_init:Error in accessing storage
01-09 05:46:52.479   379   379 D QC-time-services: Daemon:genoff_pre_init::Base = 13
01-09 05:46:52.479   379   379 D QC-time-services: Daemon: Storage Name: ats_13 
01-09 05:46:52.479   379   379 D QC-time-services: Daemon:Opening File: /data/time/ats_13
01-09 05:46:52.479   379   379 D QC-time-services: Daemon:time_persistent_memory_opr:Genoff Read operation 
01-09 05:46:52.479   379   379 D QC-time-services: Daemon:Unable to open filefor read
01-09 05:46:52.479   379   379 D QC-time-services: Daemon:genoff_post_init:Error in accessing storage
01-09 05:46:52.479   379   379 D QC-time-services: Daemon:genoff_pre_init::Base = 14
01-09 05:46:52.479   379   379 D QC-time-services: Daemon: Storage Name: ats_14 
01-09 05:46:52.479   379   379 D QC-time-services: Daemon:Opening File: /data/time/ats_14
01-09 05:46:52.479   379   379 D QC-time-services: Daemon:time_persistent_memory_opr:Genoff Read operation 
01-09 05:46:52.479   379   379 D QC-time-services: Daemon:Unable to open filefor read
01-09 05:46:52.479   379   379 D QC-time-services: Daemon:genoff_post_init:Error in accessing storage
01-09 05:46:52.479   379   379 D QC-time-services: Daemon:genoff_init_config: Other bases initilized, exiting genoff_init
01-09 05:46:52.479   350   350 E PerMgrLib: Peripheral manager is not supported on this device
01-09 05:46:52.479   379   379 D QC-time-services: Daemon:rtc_get: Time read from RTC -- MM/DD/YY HH:MM:SS0/9/70 5:46:52
01-09 05:46:52.480   379   379 D QC-time-services: Daemon:genoff_opr: Base = 1, val = 4294967296, operation = 1
01-09 05:46:52.480   379   379 D QC-time-services: Daemon: genoff get for 1
01-09 05:46:52.480   379   379 D QC-time-services: Daemon:rtc_get: Time read from RTC -- MM/DD/YY HH:MM:SS0/9/70 5:46:52
01-09 05:46:52.480   379   379 D QC-time-services: Daemon:Value read from RTC seconds = 712012000
01-09 05:46:52.480   379   379 D QC-time-services: Daemon:Value read from generic offset = 0
01-09 05:46:52.480   379   379 D QC-time-services: Daemon:Final Time = 712012000
01-09 05:46:52.480   379   379 D QC-time-services: Daemon:genoff_boot_tod_init: Setting system time to sec =712012, nsec =0
01-09 05:46:52.500   375   375 I libmdmdetect: ESOC framework not supported
01-09 05:46:52.500   375   375 I libmdmdetect: Found internal modem: modem
01-09 05:46:52.502   375   375 E Diag_Lib:  Diag_LSM_Init: Failed to open handle to diag driver, error = 13
01-09 05:46:52.538   375   375 I libmdmdetect: ESOC framework not supported
01-09 05:46:52.539   375   375 I libmdmdetect: Found internal modem: modem
01-09 05:46:52.539   375   375 E PerMgrLib: Peripheral manager is not supported on this device
01-09 05:46:52.557   348   348 I libmdmdetect: ESOC framework not supported
01-09 05:46:52.557   348   348 I libmdmdetect: Found internal modem: modem
01-09 05:46:52.566   380   461 D AudioDaemon: Opening sound card state : /proc/asound/card0/state
01-09 05:46:52.566   380   461 V AudioDaemon: bool android::AudioDaemon::getStateFDs(std::vector<std::pair<int, int> > &): 1 sound cards detected
01-09 05:46:52.566   380   461 V AudioDaemon: bool android::AudioDaemon::getDeviceEventFDs(): 0 audio device event detected
01-09 05:46:52.566   380   461 E AudioDaemon: No audio device events detected
01-09 05:46:52.566   380   461 D AudioDaemon: Opening cpe0_state : /proc/asound/card0/cpe0_state
01-09 05:46:52.566   380   461 E AudioDaemon: CPE state open /proc/asound/card0/cpe0_state failed No such file or directory, Retrying 1
01-09 05:46:52.570   490   490 I chatty  : uid=0(root) expire 1 line
01-09 05:46:52.602   364   364 I keystore: Found keymaster0 module Keymaster QCOM HAL, version 3
01-09 05:46:52.602   364   364 I SoftKeymaster: system/keymaster/soft_keymaster_device.cpp, Line 131: Creating device
01-09 05:46:52.602   364   364 D SoftKeymaster: system/keymaster/soft_keymaster_device.cpp, Line 132: Device address: 0x7f8f63e000
01-09 05:46:52.602   364   364 D QCOMKeyMaster: keymaster app is loaded
01-09 05:46:52.603   364   364 D QCOMKeyMaster: keymaster app got loaded at attempt number 0
01-09 05:46:52.603   364   364 D QSEECOMAPI: : QSEECom_get_handle sb_length = 0x2000
01-09 05:46:52.603   364   364 D QSEECOMAPI: : App is already loaded QSEE and app id = 3
01-09 05:46:52.616   382   382 W gatekeeperd: falling back to software GateKeeper
01-09 05:46:52.635   364   364 D keystore: Wrapping keymaster0 module Keymaster QCOM HAL with SoftKeymasterDevice
01-09 05:46:52.635   364   364 D SoftKeymaster: system/keymaster/soft_keymaster_device.cpp, Line 150: Reinitializing SoftKeymasterDevice to use HW keymaster0
01-09 05:46:52.666   380   461 E AudioDaemon: CPE state open /proc/asound/card0/cpe0_state failed No such file or directory, Retrying 2
01-09 05:46:52.666   364   364 I SoftKeymaster: system/keymaster/soft_keymaster_device.cpp, Line 131: Creating device
01-09 05:46:52.666   364   364 D SoftKeymaster: system/keymaster/soft_keymaster_device.cpp, Line 132: Device address: 0x7f8f63e400
01-09 05:46:52.721   350   473 I libmdmdetect: ESOC framework not supported
01-09 05:46:52.721   350   473 I libmdmdetect: Found internal modem: modem
01-09 05:46:52.766   380   461 D AudioDaemon: number of sndcards 1 CPEs 0
01-09 05:46:52.766   380   461 D AudioDaemon: read for sound card state change before while
01-09 05:46:52.766   380   461 D AudioDaemon: sound card state file content: ONLINE
01-09 05:46:52.766   380   461 D AudioDaemon:  before while
01-09 05:46:52.766   380   461 E AudioDaemon: put cur_state to online
01-09 05:46:52.766   380   461 D AudioDaemon: cur_state=0, bootup_complete=0
01-09 05:46:52.766   380   461 E AudioDaemon: sound card up is deteced before while
01-09 05:46:52.766   380   461 E AudioDaemon: bootup_complete set to 1
01-09 05:46:52.766   380   461 E AudioDaemon: read for event state change before while
01-09 05:46:52.766   380   461 D AudioDaemon: poll() for sound card state change 
01-09 05:46:52.890   340   340 I qdutils : PartialUpdate status: Disabled
01-09 05:46:52.890   340   340 I qdutils : Left Align: 0
01-09 05:46:52.890   340   340 I qdutils : Width Align: 0
01-09 05:46:52.890   340   340 I qdutils : Top Align: 0
01-09 05:46:52.890   340   340 I qdutils : Height Align: 0
01-09 05:46:52.890   340   340 I qdutils : Min ROI Width: 0
01-09 05:46:52.890   340   340 I qdutils : Min ROI Height: 0
01-09 05:46:52.890   340   340 I qdutils : Needs ROI Merge: 0
01-09 05:46:52.890   340   340 I qdutils : Dynamic Fps: Disabled
01-09 05:46:52.890   340   340 I qdutils : Min Panel fps: 0
01-09 05:46:52.890   340   340 I qdutils : Max Panel fps: 0
01-09 05:46:52.891   340   340 E qdutils : int qdutils::getHDMINode(): Failed to open fb node 2
01-09 05:46:52.891   340   340 E qdutils : int qdutils::getHDMINode(): Failed to open fb node 3
01-09 05:46:52.891   340   340 E qdutils : int qdutils::getHDMINode(): Failed to find HDMI node
01-09 05:46:52.894   340   340 E qdutils : int qdutils::getHDMINode(): Failed to open fb node 2
01-09 05:46:52.894   340   340 E qdutils : int qdutils::getHDMINode(): Failed to open fb node 3
01-09 05:46:52.894   340   340 E qdutils : int qdutils::getHDMINode(): Failed to find HDMI node
01-09 05:46:52.908   340   340 W qdcopybit: open_copybit i = 0 surface_id=-1026555902
01-09 05:46:52.908   340   340 W qdcopybit: open_copybit i = 1 surface_id=-1026555901
01-09 05:46:52.908   340   340 W qdcopybit: open_copybit i = 2 surface_id=-1026555900
01-09 05:46:52.908   340   340 W qdcopybit: open_copybit i = 3 surface_id=-1026555899
01-09 05:46:52.908   340   340 W qdcopybit: open_copybit i = 4 surface_id=-1026555898
01-09 05:46:52.908   340   340 W qdcopybit: open_copybit i = 5 surface_id=-1026555897
01-09 05:46:52.908   340   340 W qdcopybit: open_copybit i = 6 surface_id=-1026555896
01-09 05:46:52.908   340   340 W qdcopybit: open_copybit i = 7 surface_id=-1026555895
01-09 05:46:52.908   340   340 W qdcopybit: open_copybit i = 8 surface_id=-1026555894
01-09 05:46:52.908   340   340 W qdcopybit: open_copybit i = 9 surface_id=-1026555893
01-09 05:46:52.908   340   340 W qdcopybit: open_copybit i = 10 surface_id=-1026555892
01-09 05:46:52.908   340   340 W qdcopybit: open_copybit i = 11 surface_id=-1026555891
01-09 05:46:52.908   340   340 W qdcopybit: open_copybit i = 12 surface_id=-1026555890
01-09 05:46:52.908   340   340 W qdcopybit: open_copybit i = 13 surface_id=-1026555889
01-09 05:46:52.908   340   340 W qdcopybit: open_copybit i = 14 surface_id=-1026555888
01-09 05:46:52.908   340   340 W qdcopybit: open_copybit i = 15 surface_id=-1026555887
01-09 05:46:52.908   340   340 W qdcopybit: open_copybit i = 16 surface_id=-1026555886
01-09 05:46:52.908   340   340 W qdcopybit: open_copybit i = 17 surface_id=-1026555885
01-09 05:46:52.908   340   340 W qdcopybit: open_copybit i = 18 surface_id=-1026555884
01-09 05:46:52.908   340   340 W qdcopybit: open_copybit i = 19 surface_id=-1026555883
01-09 05:46:52.908   340   340 W qdcopybit: open_copybit i = 20 surface_id=-1026555882
01-09 05:46:52.908   340   340 W qdcopybit: open_copybit i = 21 surface_id=-1026555881
01-09 05:46:52.908   340   340 W qdcopybit: open_copybit i = 22 surface_id=-1026555880
01-09 05:46:52.908   340   340 W qdcopybit: open_copybit i = 23 surface_id=-1026555879
01-09 05:46:52.908   340   340 W qdcopybit: open_copybit i = 24 surface_id=-1026555878
01-09 05:46:52.908   340   340 W qdcopybit: open_copybit i = 25 surface_id=-1026555877
01-09 05:46:52.908   340   340 W qdcopybit: open_copybit i = 26 surface_id=-1026555876
01-09 05:46:52.908   340   340 W qdcopybit: open_copybit i = 27 surface_id=-1026555875
01-09 05:46:52.908   340   340 W qdcopybit: open_copybit i = 28 surface_id=-1026555874
01-09 05:46:52.908   340   340 W qdcopybit: open_copybit i = 29 surface_id=-1026555873
01-09 05:46:52.908   340   340 W qdcopybit: open_copybit i = 30 surface_id=-1026555872
01-09 05:46:52.908   340   340 W qdcopybit: open_copybit i = 31 surface_id=-1026555871
01-09 05:46:52.908   340   340 W qdcopybit: open_copybit: 2 Plane YUV i=0 surface_id=-1026555869
01-09 05:46:52.908   340   340 W qdcopybit: open_copybit: 2 Plane YUV i=1 surface_id=-1026555868
01-09 05:46:52.909   340   340 W qdcopybit: open_copybit: 2 Plane YUV i=2 surface_id=-1026555867
01-09 05:46:52.909   340   340 W qdcopybit: open_copybit: 2 Plane YUV i=3 surface_id=-1026555866
01-09 05:46:52.909   340   340 W qdcopybit: open_copybit: 3 Plane YUV i=0 surface_id=-1026555864
01-09 05:46:52.911   340   545 E qdhwcomposer: timeout_handler: HWC proc not registered
01-09 05:46:52.912   340   340 I qdhwcomposer: Initializing Qualcomm Hardware Composer
01-09 05:46:52.912   340   340 I qdhwcomposer: MDP version: 500
01-09 05:46:52.912   340   340 I SurfaceFlinger: Using composer version 1.5
01-09 05:46:52.912   340   340 I qdhwcomposer: hwc_registerProcs
01-09 05:46:52.912   340   340 I qdhwcomposer: Initializing UEVENT Thread
01-09 05:46:52.912   340   340 I qdhwcomposer: Initializing VSYNC Thread
01-09 05:46:52.912   340   340 D qdhwcomposer: hwc_getDisplayAttributes disp = 0, width = 720
01-09 05:46:52.912   340   340 D qdhwcomposer: hwc_getDisplayAttributes disp = 0, height = 1280
01-09 05:46:52.912   340   340 E qdhwcomposer: Unknown display attribute 6
01-09 05:46:52.912   340   340 D qdhwcomposer: hwc_getDisplayAttributes disp = 0, width = 720
01-09 05:46:52.912   340   340 D qdhwcomposer: hwc_getDisplayAttributes disp = 0, height = 1280
01-09 05:46:52.922   340   551 I qdhwcomposer: vsync_loop: Reading event 0 for dpy 0 from /sys/class/graphics/fb0/vsync_event
01-09 05:46:52.922   340   551 I qdhwcomposer: vsync_loop: Reading event 1 for dpy 0 from /sys/class/graphics/fb0/show_blank_event
01-09 05:46:52.922   340   551 I qdhwcomposer: vsync_loop: Reading event 2 for dpy 0 from /sys/class/graphics/fb0/msm_fb_thermal_level
01-09 05:46:52.923   340   551 I qdhwcomposer: vsync_loop: Reading event 0 for dpy 1 from /sys/class/graphics/fb-1/vsync_event
01-09 05:46:52.923   340   551 I qdhwcomposer: vsync_loop: Reading event 1 for dpy 1 from /sys/class/graphics/fb-1/show_blank_event
01-09 05:46:52.923   340   551 I qdhwcomposer: vsync_loop: Reading event 2 for dpy 1 from /sys/class/graphics/fb-1/msm_fb_thermal_level
01-09 05:46:52.923   340   551 I qdhwcomposer: vsync_loop: Reading event 0 for dpy 2 from /sys/class/graphics/fb-1/vsync_event
01-09 05:46:52.923   340   551 I qdhwcomposer: vsync_loop: Reading event 1 for dpy 2 from /sys/class/graphics/fb-1/show_blank_event
01-09 05:46:52.923   340   551 I qdhwcomposer: vsync_loop: Reading event 2 for dpy 2 from /sys/class/graphics/fb-1/msm_fb_thermal_level
01-09 05:46:52.936   340   340 I SurfaceFlinger: EGL information:
01-09 05:46:52.936   340   340 I SurfaceFlinger: vendor    : Android
01-09 05:46:52.936   340   340 I SurfaceFlinger: version   : 1.4 Android META-EGL
01-09 05:46:52.936   340   340 I SurfaceFlinger: extensions: EGL_KHR_get_all_proc_addresses EGL_ANDROID_presentation_time EGL_KHR_swap_buffers_with_damage EGL_ANDROID_create_native_client_buffer EGL_ANDROID_front_buffer_auto_refresh EGL_KHR_image EGL_KHR_image_base EGL_KHR_lock_surface EGL_KHR_gl_texture_2D_image EGL_KHR_gl_texture_3D_image EGL_KHR_gl_texture_cubemap_image EGL_KHR_gl_renderbuffer_image EGL_KHR_fence_sync EGL_KHR_create_context EGL_EXT_create_context_robustness EGL_ANDROID_image_native_buffer EGL_KHR_wait_sync EGL_ANDROID_recordable EGL_KHR_partial_update 
01-09 05:46:52.936   340   340 I SurfaceFlinger: Client API: OpenGL_ES
01-09 05:46:52.936   340   340 I SurfaceFlinger: EGLSurface: 8-8-8-8, config=0x5
01-09 05:46:52.937   340   340 I SurfaceFlinger: OpenGL ES informations:
01-09 05:46:52.937   340   340 I SurfaceFlinger: vendor    : Qualcomm
01-09 05:46:52.937   340   340 I SurfaceFlinger: renderer  : Adreno (TM) 306
01-09 05:46:52.937   340   340 I SurfaceFlinger: version   : OpenGL ES 3.0 V@140.0 AU@ (GIT@Ia10634f51b)
01-09 05:46:52.937   340   340 I SurfaceFlinger: extensions: GL_AMD_compressed_ATC_texture GL_AMD_performance_monitor GL_AMD_program_binary_Z400 GL_EXT_debug_label GL_EXT_debug_marker GL_EXT_discard_framebuffer GL_EXT_robustness GL_EXT_texture_format_BGRA8888 GL_EXT_texture_type_2_10_10_10_REV GL_NV_fence GL_OES_compressed_ETC1_RGB8_texture GL_OES_depth_texture GL_OES_depth24 GL_OES_EGL_image GL_OES_EGL_sync GL_OES_EGL_image_external GL_OES_element_index_uint GL_OES_fbo_render_mipmap GL_OES_fragment_precision_high GL_OES_get_program_binary GL_OES_packed_depth_stencil GL_OES_depth_texture_cube_map GL_OES_rgb8_rgba8 GL_OES_standard_derivatives GL_OES_texture_3D GL_OES_texture_float GL_OES_texture_half_float GL_OES_texture_half_float_linear GL_OES_texture_npot GL_OES_vertex_half_float GL_OES_vertex_type_10_10_10_2 GL_OES_vertex_array_object GL_QCOM_alpha_test GL_QCOM_binning_control GL_QCOM_driver_control GL_QCOM_perfmon_global_mode GL_QCOM_extended_get GL_QCOM_extended_get2 GL_QCOM_tiled_rendering GL_QCOM_writeonly_rendering GL_EXT_sRGB GL_EXT_sRGB_write_con
01-09 05:46:52.937   340   340 I SurfaceFlinger: GL_MAX_TEXTURE_SIZE = 4096
01-09 05:46:52.937   340   340 I SurfaceFlinger: GL_MAX_VIEWPORT_DIMS = 4096
01-09 05:46:52.940   340   340 I SurfaceFlinger: EGL information:
01-09 05:46:52.940   340   340 I SurfaceFlinger: vendor    : Android
01-09 05:46:52.940   340   340 I SurfaceFlinger: version   : 1.4 Android META-EGL
01-09 05:46:52.940   340   340 I SurfaceFlinger: extensions: EGL_KHR_get_all_proc_addresses EGL_ANDROID_presentation_time EGL_KHR_swap_buffers_with_damage EGL_ANDROID_create_native_client_buffer EGL_ANDROID_front_buffer_auto_refresh EGL_KHR_image EGL_KHR_image_base EGL_KHR_lock_surface EGL_KHR_gl_texture_2D_image EGL_KHR_gl_texture_3D_image EGL_KHR_gl_texture_cubemap_image EGL_KHR_gl_renderbuffer_image EGL_KHR_fence_sync EGL_KHR_create_context EGL_EXT_create_context_robustness EGL_ANDROID_image_native_buffer EGL_KHR_wait_sync EGL_ANDROID_recordable EGL_KHR_partial_update 
01-09 05:46:52.940   340   340 I SurfaceFlinger: Client API: OpenGL_ES
01-09 05:46:52.940   340   340 I SurfaceFlinger: EGLSurface: 8-8-8-8, config=0x5
01-09 05:46:52.958   340   340 D SurfaceFlinger: Set power mode=2, type=0 flinger=0x7f81c486c0
01-09 05:46:52.958   340   340 D qdhwcomposer: hwc_setPowerMode: Setting mode 2 on display: 0
01-09 05:46:52.958   340   340 E qdutils : int qdutils::getHDMINode(): Failed to open fb node 2
01-09 05:46:52.958   340   340 E qdutils : int qdutils::getHDMINode(): Failed to open fb node 3
01-09 05:46:52.958   340   340 E qdutils : int qdutils::getHDMINode(): Failed to find HDMI node
01-09 05:46:52.958   340   340 D qdhwcomposer: hwc_setPowerMode: Done setting mode 2 on display 0
01-09 05:46:52.958   340   551 I qdhwcomposer: handle_blank_event: dpy:0 panel power state: 1
01-09 05:46:52.958   340   551 E qdutils : int qdutils::getHDMINode(): Failed to open fb node 2
01-09 05:46:52.958   340   551 E qdutils : int qdutils::getHDMINode(): Failed to open fb node 3
01-09 05:46:52.958   340   551 E qdutils : int qdutils::getHDMINode(): Failed to find HDMI node
01-09 05:46:52.969   351   389 I chatty  : uid=0(root) /vendor/bin/thermal-engine expire 1 line
01-09 05:46:52.971   351   386 I chatty  : uid=0(root) /vendor/bin/thermal-engine expire 5 lines
01-09 05:46:53.182   375   481 I libmdmdetect: ESOC framework not supported
01-09 05:46:53.182   375   481 I libmdmdetect: Found internal modem: modem
01-09 05:46:53.186   375   481 I libmdmdetect: ESOC framework not supported
01-09 05:46:53.187   375   481 I libmdmdetect: Found internal modem: modem
01-09 05:46:53.695   340   340 D SurfaceFlinger: shader cache generated - 24 shaders in 684.312317 ms
01-09 05:46:53.706   340   340 D qdutils : DEBUG_CALC_FPS: 0
01-09 05:46:53.706   340   340 D qdutils : period: 10
01-09 05:46:53.706   340   340 D qdutils : ignorethresh_us: 500000
01-09 05:46:53.710   557   576 D libEGL  : loaded /vendor/lib64/egl/libEGL_adreno.so
01-09 05:46:53.726   557   576 D libEGL  : loaded /vendor/lib64/egl/libGLESv1_CM_adreno.so
01-09 05:46:53.728   350   473 I libmdmdetect: ESOC framework not supported
01-09 05:46:53.728   350   473 I libmdmdetect: Found internal modem: modem
01-09 05:46:53.740   557   576 D libEGL  : loaded /vendor/lib64/egl/libGLESv2_adreno.so
01-09 05:46:53.751   557   576 I Adreno-EGL: <qeglDrvAPI_eglInitialize:379>: EGL 1.4 QUALCOMM build: Nondeterministic_AU_msm8916_64_LA.BR.1.2.6_RB1__release_AU (Ia10634f51b)
01-09 05:46:53.751   557   576 I Adreno-EGL: OpenGL ES Shader Compiler Version: XE031.06.00.05
01-09 05:46:53.751   557   576 I Adreno-EGL: Build Date: 01/04/16 Mon
01-09 05:46:53.751   557   576 I Adreno-EGL: Local Branch: mybranch17585849
01-09 05:46:53.751   557   576 I Adreno-EGL: Remote Branch: quic/LA.BR.1.2.6_rb1.7
01-09 05:46:53.751   557   576 I Adreno-EGL: Local Patches: NONE
01-09 05:46:53.751   557   576 I Adreno-EGL: Reconstruct Branch: NOTHING
01-09 05:46:53.768   557   576 E BootAnimation: couldn't find audio_conf.txt
01-09 05:46:53.978   340   340 D MDP_SCALE: Debug enabled = 0, Max mixer width= 2048
01-09 05:46:54.116   365   365 I mediacodec: @@@ mediacodecservice starting
01-09 05:46:54.140   365   365 W /system/bin/mediacodec: libminijail: allowing syscall: clock_gettime
01-09 05:46:54.140   365   365 W /system/bin/mediacodec: libminijail: allowing syscall: connect
01-09 05:46:54.140   365   365 W /system/bin/mediacodec: libminijail: allowing syscall: fcntl64
01-09 05:46:54.140   365   365 W /system/bin/mediacodec: libminijail: allowing syscall: socket
01-09 05:46:54.140   365   365 W /system/bin/mediacodec: libminijail: allowing syscall: writev
01-09 05:46:54.147   365   365 W /system/bin/mediacodec: libminijail: logging seccomp filter failures
01-09 05:46:54.329   357   357 I cameraserver: ServiceManager: 0xf6b995c0
01-09 05:46:54.329   357   357 I CameraService: CameraService started (pid=357)
01-09 05:46:54.329   357   357 I CameraService: CameraService process starting
01-09 05:46:54.329   357   357 W BatteryNotifier: batterystats service unavailable!
01-09 05:46:54.366   357   357 W BatteryNotifier: batterystats service unavailable!
01-09 05:46:54.415   357   357 E mm-camera-intf: entity id 1
01-09 05:46:54.416   357   357 E mm-camera-intf: entity name video0 type 65537 group id 2
01-09 05:46:54.416   357   357 E mm-camera-intf: entity id 2
01-09 05:46:54.416   357   357 E mm-camera-intf: entity name msm_cci type 131072 group id 0
01-09 05:46:54.416   357   357 E mm-camera-intf: entity id 3
01-09 05:46:54.416   357   357 E mm-camera-intf: entity name v4l-subdev0 type 131072 group id 0
01-09 05:46:54.416   357   357 E mm-camera-intf: entity id 4
01-09 05:46:54.416   357   357 E mm-camera-intf: entity name v4l-subdev1 type 131072 group id 0
01-09 05:46:54.416   357   357 E mm-camera-intf: entity id 5
01-09 05:46:54.416   357   357 E mm-camera-intf: entity name v4l-subdev2 type 131072 group id 1
01-09 05:46:54.416   357   357 E mm-camera-intf: entity id 6
01-09 05:46:54.416   357   357 E mm-camera-intf: entity name v4l-subdev3 type 131072 group id 1
01-09 05:46:54.416   357   357 E mm-camera-intf: entity id 7
01-09 05:46:54.416   357   357 E mm-camera-intf: entity name v4l-subdev4 type 131072 group id 7
01-09 05:46:54.416   357   357 E mm-camera-intf: entity id 8
