01-09 05:51:31.552   354  2045 E audio_hw_primary: out_write: writing buffer (960 bytes) to pcm device
01-09 05:51:31.557   354  2045 E audio_hw_primary: out_write: writing buffer (960 bytes) to pcm device
01-09 05:51:31.562   354  2045 E audio_hw_primary: out_write: writing buffer (960 bytes) to pcm device
01-09 05:51:31.567   354  2045 E audio_hw_primary: out_write: writing buffer (960 bytes) to pcm device
01-09 05:51:31.572   354  2045 E audio_hw_primary: out_write: writing buffer (960 bytes) to pcm device
01-09 05:51:31.577   354  2045 E audio_hw_primary: out_write: writing buffer (960 bytes) to pcm device
01-09 05:51:31.582   354  2045 E audio_hw_primary: out_write: writing buffer (960 bytes) to pcm device
01-09 05:51:31.589   354  2046 D audio_hw_primary: out_standby: enter: stream (0xf693d880) usecase(1: low-latency-playback)
01-09 05:51:31.646   354  2046 D audio_hw_primary: disable_audio_route: reset and update mixer path: low-latency-playback speaker
01-09 05:51:31.646   354  2046 D hardware_info: hw_info_append_hw_type : device_name = speaker
01-09 05:51:31.646   354  2046 D audio_hw_primary: disable_snd_device: snd_device(2: speaker)
01-09 05:51:33.476   374  1196 E WifiHW  : Failed to write wlan fw path param (No such device)
01-09 05:51:33.476   374  1196 E SoftapController: Softap fwReload failed
01-09 05:51:33.480  2850  3144 E NetdConnector: NDC Command {22 softap fwreload wlan0 STA} took too long (5117ms)
01-09 05:51:33.481  2850  3144 E WifiStateMachine: Failed to reload STA firmware java.lang.IllegalStateException: command '22 softap fwreload wlan0 STA' failed with '400 22 SoftAP command has failed'
01-09 05:51:33.483  2850  2850 E WifiController: WifiControllerWifi turn on failed
01-09 05:51:33.522  3489  4110 D Index   : Deleting data for locale 'en_US' took 4 millis
01-09 05:51:33.527  3489  4110 D Index   : Indexing locale 'en_US' took 5 millis
01-09 05:51:38.483   351   409 I ThermalEngine: TM Id 'CAMERA_CAMCORDER_MONITOR' Sensor 'tsens_tz_sensor1' - alarm cleared 1 at 54.0 degC
01-09 05:51:38.483   351   409 I ThermalEngine: Thermal-Server: No client connected to socket
01-09 05:51:38.483   351   409 I ThermalEngine: Mitigation:Camera:0
01-09 05:51:38.483   351   409 I ThermalEngine: Thermal-Server: No client connected to socket
01-09 05:51:38.483   351   409 I ThermalEngine: Mitigation:Camcorder:0
01-09 05:51:45.491  2850  4243 I PackageManager.DexOptimizer: Running dexopt (dex2oat) on: /system/app/Chromium/Chromium.apk pkg=org.chromium.chrome isa=arm vmSafeMode=false debuggable=false target-filter=verify-profile oatDir = null sharedLibraries=null
01-09 05:51:45.536  4244  4244 I dex2oat : /system/bin/dex2oat --compiler-filter=verify-profile
01-09 05:51:46.589  4244  4244 I dex2oat : Explicit concurrent mark sweep GC freed 25298(6MB) AllocSpace objects, 0(0B) LOS objects, 99% free, 904B/1024KB, paused 171us total 17.015ms
01-09 05:51:46.810  4244  4244 I dex2oat : dex2oat took 1.274s (threads: 4) arena alloc=0B (0B) java alloc=8KB (8800B) native alloc=3MB (3233032B) free=3MB (4107000B)
01-09 05:51:46.821  2850  4243 I PackageManager.DexOptimizer: Running dexopt (dex2oat) on: /system/priv-app/CalendarProvider/CalendarProvider.apk pkg=com.android.providers.calendar isa=arm64 vmSafeMode=false debuggable=false target-filter=verify-profile oatDir = null sharedLibraries=/system/framework/android.test.runner.jar
01-09 05:51:46.865  4249  4249 I dex2oat : /system/bin/dex2oat --compiler-filter=verify-profile
01-09 05:51:47.041  4249  4249 I dex2oat : Explicit concurrent mark sweep GC freed 2229(736KB) AllocSpace objects, 0(0B) LOS objects, 99% free, 1176B/1025KB, paused 129us total 5.090ms
01-09 05:51:47.123  4249  4249 I dex2oat : dex2oat took 258.211ms (threads: 4) arena alloc=592B (592B) java alloc=8KB (9040B) native alloc=1110KB (1137232B) free=1961KB (2008496B)
01-09 05:51:47.131  2850  4243 I PackageManager.DexOptimizer: Running dexopt (dex2oat) on: /system/app/shutdownlistener/shutdownlistener.apk pkg=com.qualcomm.shutdownlistner isa=arm64 vmSafeMode=false debuggable=false target-filter=verify-profile oatDir = null sharedLibraries=/system/framework/qcrilhook.jar
01-09 05:51:47.175  4254  4254 I dex2oat : /system/bin/dex2oat --compiler-filter=verify-profile
01-09 05:51:47.262  4254  4254 I dex2oat : Explicit concurrent mark sweep GC freed 12(23KB) AllocSpace objects, 0(0B) LOS objects, 99% free, 1232B/1025KB, paused 136us total 3.818ms
01-09 05:51:47.335  4254  4254 I dex2oat : dex2oat took 160.112ms (threads: 4) arena alloc=0B (0B) java alloc=8KB (9096B) native alloc=1222KB (1251416B) free=1337KB (1370024B)
01-09 05:51:47.344  2850  4243 I PackageManager.DexOptimizer: Running dexopt (dex2oat) on: /system/priv-app/WallpaperCropper/WallpaperCropper.apk pkg=com.android.wallpapercropper isa=arm64 vmSafeMode=false debuggable=false target-filter=verify-profile oatDir = null sharedLibraries=null
01-09 05:51:47.392  4260  4260 I dex2oat : /system/bin/dex2oat --compiler-filter=verify-profile
01-09 05:51:47.501  4260  4260 I dex2oat : Explicit concurrent mark sweep GC freed 630(251KB) AllocSpace objects, 0(0B) LOS objects, 99% free, 936B/1024KB, paused 137us total 4.258ms
01-09 05:51:47.575  4260  4260 I dex2oat : dex2oat took 185.592ms (threads: 4) arena alloc=1168B (1168B) java alloc=8KB (8832B) native alloc=1239KB (1269120B) free=1320KB (1352320B)
01-09 05:51:47.589  2850  4243 I PackageManager.DexOptimizer: Running dexopt (dex2oat) on: /system/priv-app/ExternalStorageProvider/ExternalStorageProvider.apk pkg=com.android.externalstorage isa=arm64 vmSafeMode=false debuggable=false target-filter=verify-profile oatDir = null sharedLibraries=null
01-09 05:51:47.632  4265  4265 I dex2oat : /system/bin/dex2oat --compiler-filter=verify-profile
01-09 05:51:47.717  4265  4265 I dex2oat : Explicit concurrent mark sweep GC freed 118(64KB) AllocSpace objects, 0(0B) LOS objects, 99% free, 968B/1024KB, paused 183us total 3.951ms
01-09 05:51:47.786  4265  4265 I dex2oat : dex2oat took 154.992ms (threads: 4) arena alloc=0B (0B) java alloc=8KB (8864B) native alloc=1216KB (1245464B) free=1343KB (1375976B)
01-09 05:51:47.793  2850  4243 I PackageManager.DexOptimizer: Running dexopt (dex2oat) on: /system/app/HTMLViewer/HTMLViewer.apk pkg=com.android.htmlviewer isa=arm64 vmSafeMode=false debuggable=false target-filter=verify-profile oatDir = null sharedLibraries=null
01-09 05:51:47.838  4270  4270 I dex2oat : /system/bin/dex2oat --compiler-filter=verify-profile
01-09 05:51:47.918  4270  4270 I dex2oat : Explicit concurrent mark sweep GC freed 29(43KB) AllocSpace objects, 0(0B) LOS objects, 99% free, 920B/1024KB, paused 130us total 3.896ms
01-09 05:51:47.989  4270  4270 I dex2oat : dex2oat took 151.531ms (threads: 4) arena alloc=0B (0B) java alloc=8KB (8816B) native alloc=1089KB (1116144B) free=1470KB (1505296B)
01-09 05:51:48.004  2850  4243 I PackageManager.DexOptimizer: Running dexopt (dex2oat) on: /system/priv-app/DownloadProvider/DownloadProvider.apk pkg=com.android.providers.downloads isa=arm64 vmSafeMode=false debuggable=false target-filter=verify-profile oatDir = null sharedLibraries=null
01-09 05:51:48.049  4275  4275 I dex2oat : /system/bin/dex2oat --compiler-filter=verify-profile
01-09 05:51:48.207  4275  4275 I dex2oat : Explicit concurrent mark sweep GC freed 2152(645KB) AllocSpace objects, 0(0B) LOS objects, 99% free, 936B/1024KB, paused 144us total 6.465ms
01-09 05:51:48.290  4275  4275 I dex2oat : dex2oat took 241.559ms (threads: 4) arena alloc=592B (592B) java alloc=8KB (8832B) native alloc=1014KB (1038704B) free=2MB (2107024B)
01-09 05:51:48.298  2850  4243 I PackageManager.DexOptimizer: Running dexopt (dex2oat) on: /system/app/messaging/messaging.apk pkg=com.android.messaging isa=arm64 vmSafeMode=false debuggable=false target-filter=verify-profile oatDir = null sharedLibraries=null
01-09 05:51:48.341  4280  4280 I dex2oat : /system/bin/dex2oat --compiler-filter=verify-profile
01-09 05:51:48.930  4280  4282 W dex2oat : Before Android 4.1, method int android.support.v7.widget.ListViewCompat.lookForSelectablePosition(int, boolean) would have incorrectly overridden the package-private method in android.widget.ListView
01-09 05:51:49.101  4280  4280 I dex2oat : Explicit concurrent mark sweep GC freed 14998(8MB) AllocSpace objects, 0(0B) LOS objects, 99% free, 920B/1024KB, paused 203us total 15.442ms
01-09 05:51:49.135   351   409 I ThermalEngine: TM Id 'CAMERA_CAMCORDER_MONITOR' Sensor 'tsens_tz_sensor1' - alarm raised 1 at 56.0 degC
01-09 05:51:49.135   351   409 I ThermalEngine: Thermal-Server: No client connected to socket
01-09 05:51:49.135   351   409 I ThermalEngine: Mitigation:Camera:1
01-09 05:51:49.135   351   409 I ThermalEngine: Thermal-Server: No client connected to socket
01-09 05:51:49.135   351   409 I ThermalEngine: Mitigation:Camcorder:1
01-09 05:51:49.262  4280  4280 I dex2oat : dex2oat took 921.741ms (threads: 4) arena alloc=0B (0B) java alloc=8KB (8816B) native alloc=3MB (3260880B) free=3MB (3161648B)
01-09 05:51:49.279  2850  4243 I PackageManager.DexOptimizer: Running dexopt (dex2oat) on: /system/app/DownloadProviderUi/DownloadProviderUi.apk pkg=com.android.providers.downloads.ui isa=arm64 vmSafeMode=false debuggable=false target-filter=verify-profile oatDir = null sharedLibraries=null
01-09 05:51:49.323  4285  4285 I dex2oat : /system/bin/dex2oat --compiler-filter=verify-profile
01-09 05:51:49.403  4285  4285 I dex2oat : Explicit concurrent mark sweep GC freed 61(56KB) AllocSpace objects, 0(0B) LOS objects, 99% free, 952B/1024KB, paused 129us total 3.871ms
01-09 05:51:49.474  4285  4285 I dex2oat : dex2oat took 153.184ms (threads: 4) arena alloc=0B (0B) java alloc=8KB (8848B) native alloc=943KB (965808B) free=1104KB (1131344B)
01-09 05:51:49.482  2850  4243 I PackageManager.DexOptimizer: Running dexopt (dex2oat) on: /system/app/PacProcessor/PacProcessor.apk pkg=com.android.pacprocessor isa=arm64 vmSafeMode=false debuggable=false target-filter=verify-profile oatDir = null sharedLibraries=null
01-09 05:51:49.524  4290  4290 I dex2oat : /system/bin/dex2oat --compiler-filter=verify-profile
01-09 05:51:49.606  4290  4290 I dex2oat : Explicit concurrent mark sweep GC freed 29(32KB) AllocSpace objects, 0(0B) LOS objects, 99% free, 920B/1024KB, paused 137us total 4.564ms
01-09 05:51:49.677  4290  4290 I dex2oat : dex2oat took 153.292ms (threads: 4) arena alloc=464B (464B) java alloc=8KB (8816B) native alloc=1135KB (1162512B) free=912KB (934640B)
01-09 05:51:49.689  2850  4243 I PackageManager.DexOptimizer: Running dexopt (dex2oat) on: /system/priv-app/CarrierConfig/CarrierConfig.apk pkg=com.android.carrierconfig isa=arm64 vmSafeMode=false debuggable=false target-filter=verify-profile oatDir = null sharedLibraries=null
01-09 05:51:49.734  4295  4295 I dex2oat : /system/bin/dex2oat --compiler-filter=verify-profile
01-09 05:51:49.812  4295  4295 I dex2oat : Explicit concurrent mark sweep GC freed 14(32KB) AllocSpace objects, 0(0B) LOS objects, 99% free, 936B/1024KB, paused 136us total 3.813ms
01-09 05:51:49.885  4295  4295 I dex2oat : dex2oat took 154.110ms (threads: 4) arena alloc=0B (0B) java alloc=8KB (8832B) native alloc=1125KB (1152896B) free=1434KB (1468544B)
01-09 05:51:49.896  2850  4243 I PackageManager.DexOptimizer: Running dexopt (dex2oat) on: /system/priv-app/Contacts/Contacts.apk pkg=com.android.contacts isa=arm64 vmSafeMode=false debuggable=false target-filter=verify-profile oatDir = null sharedLibraries=null
01-09 05:51:49.942  4300  4300 I dex2oat : /system/bin/dex2oat --compiler-filter=verify-profile
01-09 05:51:50.371  4300  4300 I dex2oat : Explicit concurrent mark sweep GC freed 8855(4MB) AllocSpace objects, 0(0B) LOS objects, 99% free, 904B/1024KB, paused 172us total 10.806ms
01-09 05:51:50.482  4300  4300 I dex2oat : dex2oat took 541.015ms (threads: 4) arena alloc=592B (592B) java alloc=8KB (8800B) native alloc=1575KB (1613480B) free=2MB (2580824B)
01-09 05:51:50.491  2850  4243 I PackageManager.DexOptimizer: Running dexopt (dex2oat) on: /system/app/Camera2/Camera2.apk pkg=com.android.camera2 isa=arm64 vmSafeMode=false debuggable=false target-filter=verify-profile oatDir = null sharedLibraries=null
01-09 05:51:50.535  4305  4305 I dex2oat : /system/bin/dex2oat --compiler-filter=verify-profile
01-09 05:51:51.012  4305  4305 I dex2oat : Explicit concurrent mark sweep GC freed 9978(3MB) AllocSpace objects, 0(0B) LOS objects, 99% free, 904B/1024KB, paused 235us total 10.556ms
01-09 05:51:51.135  4305  4305 I dex2oat : dex2oat took 600.367ms (threads: 4) arena alloc=592B (592B) java alloc=8KB (8800B) native alloc=1693KB (1734240B) free=2MB (2984352B)
01-09 05:51:51.143  2850  4243 I PackageManager.DexOptimizer: Running dexopt (dex2oat) on: /system/app/EasterEgg/EasterEgg.apk pkg=com.android.egg isa=arm64 vmSafeMode=false debuggable=false target-filter=verify-profile oatDir = null sharedLibraries=null
01-09 05:51:51.186  4310  4310 I dex2oat : /system/bin/dex2oat --compiler-filter=verify-profile
01-09 05:51:51.336  4310  4310 I dex2oat : Explicit concurrent mark sweep GC freed 1498(545KB) AllocSpace objects, 0(0B) LOS objects, 99% free, 920B/1024KB, paused 129us total 4.558ms
01-09 05:51:51.418  4310  4310 I dex2oat : dex2oat took 232.624ms (threads: 4) arena alloc=376B (376B) java alloc=8KB (8816B) native alloc=843KB (863312B) free=2MB (2282416B)
01-09 05:51:51.424  2850  4243 I PackageManager.DexOptimizer: Running dexopt (dex2oat) on: /system/priv-app/MtpDocumentsProvider/MtpDocumentsProvider.apk pkg=com.android.mtp isa=arm64 vmSafeMode=false debuggable=false target-filter=verify-profile oatDir = null sharedLibraries=null
01-09 05:51:51.471  4315  4315 I dex2oat : /system/bin/dex2oat --compiler-filter=verify-profile
01-09 05:51:51.562  4315  4315 I dex2oat : Explicit concurrent mark sweep GC freed 155(90KB) AllocSpace objects, 0(0B) LOS objects, 99% free, 952B/1024KB, paused 128us total 3.915ms
01-09 05:51:51.639  4315  4315 I dex2oat : dex2oat took 168.098ms (threads: 4) arena alloc=144B (144B) java alloc=8KB (8848B) native alloc=1242KB (1272160B) free=1317KB (1349280B)
01-09 05:51:51.644  2850  4243 I PackageManager.DexOptimizer: Running dexopt (dex2oat) on: /system/app/Stk/Stk.apk pkg=com.android.stk isa=arm64 vmSafeMode=false debuggable=false target-filter=verify-profile oatDir = null sharedLibraries=null
01-09 05:51:51.688  4320  4320 I dex2oat : /system/bin/dex2oat --compiler-filter=verify-profile
01-09 05:51:51.779  4320  4320 I dex2oat : Explicit concurrent mark sweep GC freed 202(165KB) AllocSpace objects, 0(0B) LOS objects, 99% free, 888B/1024KB, paused 137us total 4.218ms
01-09 05:51:51.851  4320  4320 I dex2oat : dex2oat took 164.493ms (threads: 4) arena alloc=0B (0B) java alloc=8KB (8784B) native alloc=1259KB (1289784B) free=1300KB (1331656B)
01-09 05:51:51.865  2850  4243 I PackageManager.DexOptimizer: Running dexopt (dex2oat) on: /system/priv-app/BackupRestoreConfirmation/BackupRestoreConfirmation.apk pkg=com.android.backupconfirm isa=arm64 vmSafeMode=false debuggable=false target-filter=verify-profile oatDir = null sharedLibraries=null
01-09 05:51:51.907  4326  4326 I dex2oat : /system/bin/dex2oat --compiler-filter=verify-profile
01-09 05:51:51.993  4326  4326 I dex2oat : Explicit concurrent mark sweep GC freed 52(45KB) AllocSpace objects, 0(0B) LOS objects, 99% free, 984B/1024KB, paused 128us total 4.755ms
01-09 05:51:52.068  4326  4326 I dex2oat : dex2oat took 162.053ms (threads: 4) arena alloc=712B (712B) java alloc=8KB (8880B) native alloc=1072KB (1098520B) free=1487KB (1522920B)
01-09 05:51:52.074  2850  4243 I PackageManager.DexOptimizer: Running dexopt (dex2oat) on: /system/priv-app/Provision/Provision.apk pkg=com.android.provision isa=arm64 vmSafeMode=false debuggable=false target-filter=verify-profile oatDir = null sharedLibraries=null
01-09 05:51:52.117  4331  4331 I dex2oat : /system/bin/dex2oat --compiler-filter=verify-profile
01-09 05:51:52.192  4331  4331 I dex2oat : Explicit concurrent mark sweep GC freed 15(36KB) AllocSpace objects, 0(0B) LOS objects, 99% free, 920B/1024KB, paused 132us total 3.802ms
01-09 05:51:52.264  4331  4331 I dex2oat : dex2oat took 148.506ms (threads: 4) arena alloc=0B (0B) java alloc=8KB (8816B) native alloc=997KB (1021664B) free=1562KB (1599776B)
01-09 05:51:52.275  2850  4243 I PackageManager.DexOptimizer: Running dexopt (dex2oat) on: /system/priv-app/StatementService/StatementService.apk pkg=com.android.statementservice isa=arm64 vmSafeMode=false debuggable=false target-filter=verify-profile oatDir = null sharedLibraries=null
01-09 05:51:52.318  4336  4336 I dex2oat : /system/bin/dex2oat --compiler-filter=verify-profile
01-09 05:51:52.404  4336  4336 I dex2oat : Explicit concurrent mark sweep GC freed 171(81KB) AllocSpace objects, 0(0B) LOS objects, 99% free, 936B/1024KB, paused 134us total 3.950ms
01-09 05:51:52.477  4336  4336 I dex2oat : dex2oat took 159.918ms (threads: 4) arena alloc=0B (0B) java alloc=8KB (8832B) native alloc=1133KB (1161168B) free=1426KB (1460272B)
01-09 05:51:52.484  2850  4243 I PackageManager.DexOptimizer: Running dexopt (dex2oat) on: /system/app/Calendar/Calendar.apk pkg=com.android.calendar isa=arm64 vmSafeMode=false debuggable=false target-filter=verify-profile oatDir = null sharedLibraries=null
01-09 05:51:52.527  4341  4341 I dex2oat : /system/bin/dex2oat --compiler-filter=verify-profile
01-09 05:51:52.779  4341  4341 I dex2oat : Explicit concurrent mark sweep GC freed 3786(2MB) AllocSpace objects, 0(0B) LOS objects, 99% free, 904B/1024KB, paused 166us total 8.114ms
01-09 05:51:52.872  4341  4341 I dex2oat : dex2oat took 345.683ms (threads: 4) arena alloc=320B (320B) java alloc=8KB (8800B) native alloc=909KB (931584B) free=2MB (2214144B)
01-09 05:51:52.884  2850  4243 I PackageManager.DexOptimizer: Running dexopt (dex2oat) on: /system/priv-app/SharedStorageBackup/SharedStorageBackup.apk pkg=com.android.sharedstoragebackup isa=arm64 vmSafeMode=false debuggable=false target-filter=verify-profile oatDir = null sharedLibraries=null
01-09 05:51:52.926  4346  4346 I dex2oat : /system/bin/dex2oat --compiler-filter=verify-profile
01-09 05:51:53.009  4346  4346 I dex2oat : Explicit concurrent mark sweep GC freed 36(49KB) AllocSpace objects, 0(0B) LOS objects, 99% free, 952B/1024KB, paused 130us total 5.466ms
01-09 05:51:53.079  4346  4346 I dex2oat : dex2oat took 153.739ms (threads: 4) arena alloc=304B (304B) java alloc=8KB (8848B) native alloc=1068KB (1093680B) free=1491KB (1527760B)
01-09 05:51:53.086  2850  4243 I PackageManager.DexOptimizer: Running dexopt (dex2oat) on: /system/app/PrintSpooler/PrintSpooler.apk pkg=com.android.printspooler isa=arm64 vmSafeMode=false debuggable=false target-filter=verify-profile oatDir = null sharedLibraries=null
01-09 05:51:53.131  4351  4351 I dex2oat : /system/bin/dex2oat --compiler-filter=verify-profile
01-09 05:51:53.312  4351  4351 I dex2oat : Explicit concurrent mark sweep GC freed 2080(841KB) AllocSpace objects, 0(0B) LOS objects, 99% free, 920B/1024KB, paused 143us total 6.078ms
01-09 05:51:53.397  4351  4351 I dex2oat : dex2oat took 266.415ms (threads: 4) arena alloc=768B (768B) java alloc=8KB (8816B) native alloc=947KB (970392B) free=2MB (2699624B)
01-09 05:51:53.403  2850  4243 I PackageManager.DexOptimizer: Running dexopt (dex2oat) on: /system/app/BasicDreams/BasicDreams.apk pkg=com.android.dreams.basic isa=arm64 vmSafeMode=false debuggable=false target-filter=verify-profile oatDir = null sharedLibraries=null
01-09 05:51:53.449  4356  4356 I dex2oat : /system/bin/dex2oat --compiler-filter=verify-profile
01-09 05:51:53.536  4356  4356 I dex2oat : Explicit concurrent mark sweep GC freed 42(45KB) AllocSpace objects, 0(0B) LOS objects, 99% free, 920B/1024KB, paused 134us total 3.932ms
01-09 05:51:53.612  4356  4356 I dex2oat : dex2oat took 163.133ms (threads: 4) arena alloc=32B (32B) java alloc=8KB (8816B) native alloc=1074KB (1099832B) free=1485KB (1521608B)
01-09 05:51:53.620  2850  4243 I PackageManager.DexOptimizer: Running dexopt (dex2oat) on: /system/app/webview/webview.apk pkg=com.android.webview isa=arm vmSafeMode=false debuggable=false target-filter=verify-profile oatDir = null sharedLibraries=null
01-09 05:51:53.665  4361  4361 I dex2oat : /system/bin/dex2oat --compiler-filter=verify-profile
01-09 05:51:53.743  2850  3104 E QCOM PowerHAL: Failed to acquire lock.
01-09 05:51:53.812  2850  3199 D WifiService: setWifiEnabled: true pid=3489, uid=1000
01-09 05:51:53.816   354  2046 D audio_hw_primary: out_set_parameters: enter: usecase(1: low-latency-playback) kvpairs: routing=2
01-09 05:51:53.816   354  2046 D audio_hw_primary: start_output_stream: enter: stream(0xf693d880)usecase(1: low-latency-playback) devices(0x2)
01-09 05:51:53.816   354  2046 D audio_hw_primary: select_devices: out_snd_device(2: speaker) in_snd_device(0: )
01-09 05:51:53.817   354  2046 W msm8916_platform: Codec backend bitwidth 16, samplerate 48000
01-09 05:51:53.817   354  2046 D hardware_info: hw_info_append_hw_type : device_name = speaker
01-09 05:51:53.817   354  2046 D audio_hw_primary: enable_snd_device: snd_device(2: speaker)
01-09 05:51:53.823   354  2046 W audio_hw_utils: audio_extn_utils_update_stream_app_type_cfg: App type could not be selected. Falling back to default
01-09 05:51:53.823   354  2046 I audio_hw_primary: select_devices Selected apptype: 69936
01-09 05:51:53.823   354  2046 D ACDB-LOADER: ACDB -> send_audio_cal, acdb_id = 14, path =  0
01-09 05:51:53.823   354  2046 D ACDB-LOADER: ACDB -> send_asm_topology
01-09 05:51:53.823   354  2046 D ACDB-LOADER: ACDB -> ACDB_CMD_GET_AUDPROC_STREAM_TOPOLOGY_ID
01-09 05:51:53.823   354  2046 D ACDB-LOADER: ACDB -> send_adm_topology
01-09 05:51:53.823   354  2046 D ACDB-LOADER: ACDB -> ACDB_CMD_GET_AUDPROC_COMMON_TOPOLOGY_ID
01-09 05:51:53.823   354  2046 D ACDB-LOADER: ACDB -> send_audtable
01-09 05:51:53.823   354  2046 D ACDB-LOADER: ACDB -> ACDB_CMD_GET_AUDPROC_COMMON_TABLE_SIZE
01-09 05:51:53.823   354  2046 D ACDB-LOADER: ACDB -> ACDB_CMD_GET_AUDPROC_COMMON_TABLE
01-09 05:51:53.823   354  2046 D ACDB-LOADER: ACDB -> AUDIO_SET_AUDPROC_CAL
01-09 05:51:53.823   354  2046 D ACDB-LOADER: ACDB -> send_audvoltable
01-09 05:51:53.823   354  2046 D ACDB-LOADER: ACDB -> ACDB_CMD_GET_AUDPROC_GAIN_DEP_STEP_TABLE
01-09 05:51:53.823   354  2046 D ACDB-LOADER: ACDB -> AUDIO_SET_AUDPROC_VOL_CAL
01-09 05:51:53.823   354  2046 D ACDB-LOADER: ACDB -> send_afe_cal
01-09 05:51:53.823   354  2046 D ACDB-LOADER: ACDB -> ACDB_CMD_GET_AFE_COMMON_TABLE
01-09 05:51:53.823   354  2046 D ACDB-LOADER: ACDB -> AUDIO_SET_AFE_CAL
01-09 05:51:53.823   354  2046 D ACDB-LOADER: ACDB -> send_hw_delay : acdb_id = 14 path = 0
01-09 05:51:53.823   354  2046 D ACDB-LOADER: ACDB -> ACDB_AVSYNC_INFO: ACDB_CMD_GET_DEVICE_PROPERTY
01-09 05:51:53.824   354  2046 I audio_hw_utils: audio_extn_utils_send_app_type_cfg app_type 69936, acdb_dev_id 14, sample_rate 48000
01-09 05:51:53.824   354  2046 D audio_hw_primary: enable_audio_route: apply mixer and update path: low-latency-playback speaker
01-09 05:51:53.824   354  2046 D audio_hw_primary: select_devices: done
01-09 05:51:53.909   354  2046 D audio_hw_primary: start_output_stream: exit
01-09 05:51:53.909   354  2046 E audio_hw_primary: out_write: writing buffer (0 bytes) to pcm device
01-09 05:51:53.910   354  2045 E audio_hw_primary: out_write: writing buffer (960 bytes) to pcm device
01-09 05:51:53.910   354  2045 E audio_hw_primary: out_write: writing buffer (960 bytes) to pcm device
01-09 05:51:53.910   354  2045 E audio_hw_primary: out_write: writing buffer (960 bytes) to pcm device
01-09 05:51:53.912   354  2045 E audio_hw_primary: out_write: writing buffer (960 bytes) to pcm device
01-09 05:51:53.917   354  2045 E audio_hw_primary: out_write: writing buffer (960 bytes) to pcm device
01-09 05:51:53.922   354  2045 E audio_hw_primary: out_write: writing buffer (960 bytes) to pcm device
01-09 05:51:53.927   354  2045 E audio_hw_primary: out_write: writing buffer (960 bytes) to pcm device
01-09 05:51:53.932   354  2045 E audio_hw_primary: out_write: writing buffer (960 bytes) to pcm device
01-09 05:51:53.936  4361  4361 I dex2oat : Explicit concurrent mark sweep GC freed 4442(964KB) AllocSpace objects, 0(0B) LOS objects, 99% free, 904B/1024KB, paused 124us total 6.651ms
01-09 05:51:53.937   354  2045 E audio_hw_primary: out_write: writing buffer (960 bytes) to pcm device
01-09 05:51:53.942   354  2045 E audio_hw_primary: out_write: writing buffer (960 bytes) to pcm device
01-09 05:51:53.947   354  2045 E audio_hw_primary: out_write: writing buffer (960 bytes) to pcm device
01-09 05:51:53.952   354  2045 E audio_hw_primary: out_write: writing buffer (960 bytes) to pcm device
01-09 05:51:53.957   354  2045 E audio_hw_primary: out_write: writing buffer (960 bytes) to pcm device
01-09 05:51:53.962   354  2045 E audio_hw_primary: out_write: writing buffer (960 bytes) to pcm device
01-09 05:51:53.967   354  2045 E audio_hw_primary: out_write: writing buffer (960 bytes) to pcm device
01-09 05:51:53.972   354  2045 E audio_hw_primary: out_write: writing buffer (960 bytes) to pcm device
01-09 05:51:53.977   354  2045 E audio_hw_primary: out_write: writing buffer (960 bytes) to pcm device
01-09 05:51:53.982   354  2045 E audio_hw_primary: out_write: writing buffer (960 bytes) to pcm device
01-09 05:51:53.987   354  2045 E audio_hw_primary: out_write: writing buffer (960 bytes) to pcm device
01-09 05:51:53.992   354  2045 E audio_hw_primary: out_write: writing buffer (960 bytes) to pcm device
01-09 05:51:53.997   354  2045 E audio_hw_primary: out_write: writing buffer (960 bytes) to pcm device
01-09 05:51:54.002   354  2045 E audio_hw_primary: out_write: writing buffer (960 bytes) to pcm device
01-09 05:51:54.007   354  2045 E audio_hw_primary: out_write: writing buffer (960 bytes) to pcm device
01-09 05:51:54.012   354  2045 E audio_hw_primary: out_write: writing buffer (960 bytes) to pcm device
01-09 05:51:54.017   354  2045 E audio_hw_primary: out_write: writing buffer (960 bytes) to pcm device
01-09 05:51:54.022   354  2045 E audio_hw_primary: out_write: writing buffer (960 bytes) to pcm device
01-09 05:51:54.027   354  2045 E audio_hw_primary: out_write: writing buffer (960 bytes) to pcm device
01-09 05:51:54.032   354  2045 E audio_hw_primary: out_write: writing buffer (960 bytes) to pcm device
01-09 05:51:54.037   354  2045 E audio_hw_primary: out_write: writing buffer (960 bytes) to pcm device
01-09 05:51:54.039  4361  4361 I dex2oat : dex2oat took 374.579ms (threads: 4) arena alloc=0B (0B) java alloc=8KB (8800B) native alloc=941KB (964160B) free=3MB (3230144B)
01-09 05:51:54.042   354  2045 E audio_hw_primary: out_write: writing buffer (960 bytes) to pcm device
01-09 05:51:54.045  2850  4243 I PackageManager.DexOptimizer: Running dexopt (dex2oat) on: /system/app/webview/webview.apk pkg=com.android.webview isa=arm64 vmSafeMode=false debuggable=false target-filter=verify-profile oatDir = null sharedLibraries=null
01-09 05:51:54.047   354  2045 E audio_hw_primary: out_write: writing buffer (960 bytes) to pcm device
01-09 05:51:54.052   354  2045 E audio_hw_primary: out_write: writing buffer (960 bytes) to pcm device
01-09 05:51:54.057   354  2045 E audio_hw_primary: out_write: writing buffer (960 bytes) to pcm device
01-09 05:51:54.062   354  2045 E audio_hw_primary: out_write: writing buffer (960 bytes) to pcm device
01-09 05:51:54.067   354  2045 E audio_hw_primary: out_write: writing buffer (960 bytes) to pcm device
01-09 05:51:54.072   354  2045 E audio_hw_primary: out_write: writing buffer (960 bytes) to pcm device
01-09 05:51:54.077   354  2045 E audio_hw_primary: out_write: writing buffer (960 bytes) to pcm device
01-09 05:51:54.082   354  2045 E audio_hw_primary: out_write: writing buffer (960 bytes) to pcm device
01-09 05:51:54.087   354  2045 E audio_hw_primary: out_write: writing buffer (960 bytes) to pcm device
01-09 05:51:54.092   354  2045 E audio_hw_primary: out_write: writing buffer (960 bytes) to pcm device
01-09 05:51:54.095  4366  4366 I dex2oat : /system/bin/dex2oat --compiler-filter=verify-profile
01-09 05:51:54.097   354  2045 E audio_hw_primary: out_write: writing buffer (960 bytes) to pcm device
01-09 05:51:54.102   354  2045 E audio_hw_primary: out_write: writing buffer (960 bytes) to pcm device
01-09 05:51:54.107   354  2045 E audio_hw_primary: out_write: writing buffer (960 bytes) to pcm device
01-09 05:51:54.112   354  2045 E audio_hw_primary: out_write: writing buffer (960 bytes) to pcm device
01-09 05:51:54.117   354  2045 E audio_hw_primary: out_write: writing buffer (960 bytes) to pcm device
01-09 05:51:54.122   354  2045 E audio_hw_primary: out_write: writing buffer (960 bytes) to pcm device
01-09 05:51:54.127   354  2045 E audio_hw_primary: out_write: writing buffer (960 bytes) to pcm device
01-09 05:51:54.132   354  2045 E audio_hw_primary: out_write: writing buffer (960 bytes) to pcm device
01-09 05:51:54.137   354  2045 E audio_hw_primary: out_write: writing buffer (960 bytes) to pcm device
01-09 05:51:54.142   354  2045 E audio_hw_primary: out_write: writing buffer (960 bytes) to pcm device
01-09 05:51:54.147   354  2045 E audio_hw_primary: out_write: writing buffer (960 bytes) to pcm device
01-09 05:51:54.152   354  2045 E audio_hw_primary: out_write: writing buffer (960 bytes) to pcm device
01-09 05:51:54.157   354  2045 E audio_hw_primary: out_write: writing buffer (960 bytes) to pcm device
01-09 05:51:54.162   354  2045 E audio_hw_primary: out_write: writing buffer (960 bytes) to pcm device
01-09 05:51:54.167   354  2045 E audio_hw_primary: out_write: writing buffer (960 bytes) to pcm device
01-09 05:51:54.172   354  2045 E audio_hw_primary: out_write: writing buffer (960 bytes) to pcm device
01-09 05:51:54.177   354  2045 E audio_hw_primary: out_write: writing buffer (960 bytes) to pcm device
01-09 05:51:54.182   354  2045 E audio_hw_primary: out_write: writing buffer (960 bytes) to pcm device
01-09 05:51:54.187   354  2045 E audio_hw_primary: out_write: writing buffer (960 bytes) to pcm device
01-09 05:51:54.192   354  2045 E audio_hw_primary: out_write: writing buffer (960 bytes) to pcm device
01-09 05:51:54.197   354  2045 E audio_hw_primary: out_write: writing buffer (960 bytes) to pcm device
01-09 05:51:54.202   354  2045 E audio_hw_primary: out_write: writing buffer (960 bytes) to pcm device
01-09 05:51:54.207   354  2045 E audio_hw_primary: out_write: writing buffer (960 bytes) to pcm device
01-09 05:51:54.212   354  2045 E audio_hw_primary: out_write: writing buffer (960 bytes) to pcm device
01-09 05:51:54.217   354  2045 E audio_hw_primary: out_write: writing buffer (960 bytes) to pcm device
01-09 05:51:54.222   354  2045 E audio_hw_primary: out_write: writing buffer (960 bytes) to pcm device
01-09 05:51:54.227   354  2045 E audio_hw_primary: out_write: writing buffer (960 bytes) to pcm device
01-09 05:51:54.232   354  2045 E audio_hw_primary: out_write: writing buffer (960 bytes) to pcm device
01-09 05:51:54.237   354  2045 E audio_hw_primary: out_write: writing buffer (960 bytes) to pcm device
01-09 05:51:54.242   354  2045 E audio_hw_primary: out_write: writing buffer (960 bytes) to pcm device
01-09 05:51:54.247   354  2045 E audio_hw_primary: out_write: writing buffer (960 bytes) to pcm device
01-09 05:51:54.252   354  2045 E audio_hw_primary: out_write: writing buffer (960 bytes) to pcm device
01-09 05:51:54.257   354  2045 E audio_hw_primary: out_write: writing buffer (960 bytes) to pcm device
01-09 05:51:54.262   354  2045 E audio_hw_primary: out_write: writing buffer (960 bytes) to pcm device
01-09 05:51:54.267   354  2045 E audio_hw_primary: out_write: writing buffer (960 bytes) to pcm device
01-09 05:51:54.272   354  2045 E audio_hw_primary: out_write: writing buffer (960 bytes) to pcm device
01-09 05:51:54.277   354  2045 E audio_hw_primary: out_write: writing buffer (960 bytes) to pcm device
01-09 05:51:54.282   354  2045 E audio_hw_primary: out_write: writing buffer (960 bytes) to pcm device
01-09 05:51:54.287   354  2045 E audio_hw_primary: out_write: writing buffer (960 bytes) to pcm device
01-09 05:51:54.292   354  2045 E audio_hw_primary: out_write: writing buffer (960 bytes) to pcm device
01-09 05:51:54.297   354  2045 E audio_hw_primary: out_write: writing buffer (960 bytes) to pcm device
01-09 05:51:54.302   354  2045 E audio_hw_primary: out_write: writing buffer (960 bytes) to pcm device
01-09 05:51:54.307   354  2045 E audio_hw_primary: out_write: writing buffer (960 bytes) to pcm device
01-09 05:51:54.312   354  2045 E audio_hw_primary: out_write: writing buffer (960 bytes) to pcm device
01-09 05:51:54.317   354  2045 E audio_hw_primary: out_write: writing buffer (960 bytes) to pcm device
01-09 05:51:54.322   354  2045 E audio_hw_primary: out_write: writing buffer (960 bytes) to pcm device
01-09 05:51:54.327   354  2045 E audio_hw_primary: out_write: writing buffer (960 bytes) to pcm device
01-09 05:51:54.332   354  2045 E audio_hw_primary: out_write: writing buffer (960 bytes) to pcm device
01-09 05:51:54.337   354  2045 E audio_hw_primary: out_write: writing buffer (960 bytes) to pcm device
01-09 05:51:54.342   354  2045 E audio_hw_primary: out_write: writing buffer (960 bytes) to pcm device
01-09 05:51:54.347   354  2045 E audio_hw_primary: out_write: writing buffer (960 bytes) to pcm device
01-09 05:51:54.352   354  2045 E audio_hw_primary: out_write: writing buffer (960 bytes) to pcm device
01-09 05:51:54.357   354  2045 E audio_hw_primary: out_write: writing buffer (960 bytes) to pcm device
01-09 05:51:54.362   354  2045 E audio_hw_primary: out_write: writing buffer (960 bytes) to pcm device
01-09 05:51:54.367   354  2045 E audio_hw_primary: out_write: writing buffer (960 bytes) to pcm device
01-09 05:51:54.372   354  2045 E audio_hw_primary: out_write: writing buffer (960 bytes) to pcm device
01-09 05:51:54.377   354  2045 E audio_hw_primary: out_write: writing buffer (960 bytes) to pcm device
01-09 05:51:54.382   354  2045 E audio_hw_primary: out_write: writing buffer (960 bytes) to pcm device
01-09 05:51:54.387   354  2045 E audio_hw_primary: out_write: writing buffer (960 bytes) to pcm device
01-09 05:51:54.392   354  2045 E audio_hw_primary: out_write: writing buffer (960 bytes) to pcm device
01-09 05:51:54.397   354  2045 E audio_hw_primary: out_write: writing buffer (960 bytes) to pcm device
01-09 05:51:54.402   354  2045 E audio_hw_primary: out_write: writing buffer (960 bytes) to pcm device
01-09 05:51:54.407   354  2045 E audio_hw_primary: out_write: writing buffer (960 bytes) to pcm device
01-09 05:51:54.412   354  2045 E audio_hw_primary: out_write: writing buffer (960 bytes) to pcm device
01-09 05:51:54.416  4366  4366 I dex2oat : Explicit concurrent mark sweep GC freed 4437(1749KB) AllocSpace objects, 0(0B) LOS objects, 99% free, 904B/1024KB, paused 169us total 7.612ms
01-09 05:51:54.417   354  2045 E audio_hw_primary: out_write: writing buffer (960 bytes) to pcm device
01-09 05:51:54.422   354  2045 E audio_hw_primary: out_write: writing buffer (960 bytes) to pcm device
01-09 05:51:54.427   354  2045 E audio_hw_primary: out_write: writing buffer (960 bytes) to pcm device
01-09 05:51:54.432   354  2045 E audio_hw_primary: out_write: writing buffer (960 bytes) to pcm device
01-09 05:51:54.437   354  2045 E audio_hw_primary: out_write: writing buffer (960 bytes) to pcm device
01-09 05:51:54.442   354  2045 E audio_hw_primary: out_write: writing buffer (960 bytes) to pcm device
01-09 05:51:54.447   354  2045 E audio_hw_primary: out_write: writing buffer (960 bytes) to pcm device
01-09 05:51:54.452   354  2045 E audio_hw_primary: out_write: writing buffer (960 bytes) to pcm device
01-09 05:51:54.457   354  2045 E audio_hw_primary: out_write: writing buffer (960 bytes) to pcm device
01-09 05:51:54.462   354  2045 E audio_hw_primary: out_write: writing buffer (960 bytes) to pcm device
01-09 05:51:54.467   354  2045 E audio_hw_primary: out_write: writing buffer (960 bytes) to pcm device
01-09 05:51:54.472   354  2045 E audio_hw_primary: out_write: writing buffer (960 bytes) to pcm device
01-09 05:51:54.477   354  2045 E audio_hw_primary: out_write: writing buffer (960 bytes) to pcm device
01-09 05:51:54.482   354  2045 E audio_hw_primary: out_write: writing buffer (960 bytes) to pcm device
01-09 05:51:54.487   354  2045 E audio_hw_primary: out_write: writing buffer (960 bytes) to pcm device
01-09 05:51:54.492   354  2045 E audio_hw_primary: out_write: writing buffer (960 bytes) to pcm device
01-09 05:51:54.497   354  2045 E audio_hw_primary: out_write: writing buffer (960 bytes) to pcm device
01-09 05:51:54.502   354  2045 E audio_hw_primary: out_write: writing buffer (960 bytes) to pcm device
01-09 05:51:54.507   354  2045 E audio_hw_primary: out_write: writing buffer (960 bytes) to pcm device
01-09 05:51:54.513   354  2045 E audio_hw_primary: out_write: writing buffer (960 bytes) to pcm device
01-09 05:51:54.517   354  2045 E audio_hw_primary: out_write: writing buffer (960 bytes) to pcm device
01-09 05:51:54.522  4366  4366 I dex2oat : dex2oat took 427.570ms (threads: 4) arena alloc=304B (304B) java alloc=8KB (8800B) native alloc=1117KB (1144800B) free=3MB (3573792B)
01-09 05:51:54.522   354  2045 E audio_hw_primary: out_write: writing buffer (960 bytes) to pcm device
01-09 05:51:54.527   354  2045 E audio_hw_primary: out_write: writing buffer (960 bytes) to pcm device
01-09 05:51:54.532   354  2045 E audio_hw_primary: out_write: writing buffer (960 bytes) to pcm device
01-09 05:51:54.537   354  2045 E audio_hw_primary: out_write: writing buffer (960 bytes) to pcm device
01-09 05:51:54.539  2850  4243 I PackageManager.DexOptimizer: Running dexopt (dex2oat) on: /system/priv-app/MusicFX/MusicFX.apk pkg=com.android.musicfx isa=arm64 vmSafeMode=false debuggable=false target-filter=verify-profile oatDir = null sharedLibraries=null
01-09 05:51:54.542   354  2045 E audio_hw_primary: out_write: writing buffer (960 bytes) to pcm device
01-09 05:51:54.547   354  2045 E audio_hw_primary: out_write: writing buffer (960 bytes) to pcm device
01-09 05:51:54.552   354  2045 E audio_hw_primary: out_write: writing buffer (960 bytes) to pcm device
01-09 05:51:54.557   354  2045 E audio_hw_primary: out_write: writing buffer (960 bytes) to pcm device
01-09 05:51:54.562   354  2045 E audio_hw_primary: out_write: writing buffer (960 bytes) to pcm device
01-09 05:51:54.567   354  2045 E audio_hw_primary: out_write: writing buffer (960 bytes) to pcm device
01-09 05:51:54.572   354  2045 E audio_hw_primary: out_write: writing buffer (960 bytes) to pcm device
01-09 05:51:54.577   354  2045 E audio_hw_primary: out_write: writing buffer (960 bytes) to pcm device
01-09 05:51:54.582   354  2045 E audio_hw_primary: out_write: writing buffer (960 bytes) to pcm device
01-09 05:51:54.586  4375  4375 I dex2oat : /system/bin/dex2oat --compiler-filter=verify-profile
01-09 05:51:54.587   354  2045 E audio_hw_primary: out_write: writing buffer (960 bytes) to pcm device
01-09 05:51:54.592   354  2045 E audio_hw_primary: out_write: writing buffer (960 bytes) to pcm device
01-09 05:51:54.597   354  2045 E audio_hw_primary: out_write: writing buffer (960 bytes) to pcm device
01-09 05:51:54.602   354  2045 E audio_hw_primary: out_write: writing buffer (960 bytes) to pcm device
01-09 05:51:54.607   354  2045 E audio_hw_primary: out_write: writing buffer (960 bytes) to pcm device
01-09 05:51:54.612   354  2045 E audio_hw_primary: out_write: writing buffer (960 bytes) to pcm device
01-09 05:51:54.617   354  2045 E audio_hw_primary: out_write: writing buffer (960 bytes) to pcm device
01-09 05:51:54.622   354  2045 E audio_hw_primary: out_write: writing buffer (960 bytes) to pcm device
01-09 05:51:54.627   354  2045 E audio_hw_primary: out_write: writing buffer (960 bytes) to pcm device
01-09 05:51:54.632   354  2045 E audio_hw_primary: out_write: writing buffer (960 bytes) to pcm device
01-09 05:51:54.637   354  2045 E audio_hw_primary: out_write: writing buffer (960 bytes) to pcm device
01-09 05:51:54.642   354  2045 E audio_hw_primary: out_write: writing buffer (960 bytes) to pcm device
01-09 05:51:54.647   354  2045 E audio_hw_primary: out_write: writing buffer (960 bytes) to pcm device
01-09 05:51:54.652   354  2045 E audio_hw_primary: out_write: writing buffer (960 bytes) to pcm device
01-09 05:51:54.657   354  2045 E audio_hw_primary: out_write: writing buffer (960 bytes) to pcm device
01-09 05:51:54.662   354  2045 E audio_hw_primary: out_write: writing buffer (960 bytes) to pcm device
01-09 05:51:54.667   354  2045 E audio_hw_primary: out_write: writing buffer (960 bytes) to pcm device
01-09 05:51:54.672   354  2045 E audio_hw_primary: out_write: writing buffer (960 bytes) to pcm device
01-09 05:51:54.677   354  2045 E audio_hw_primary: out_write: writing buffer (960 bytes) to pcm device
01-09 05:51:54.682   354  2045 E audio_hw_primary: out_write: writing buffer (960 bytes) to pcm device
01-09 05:51:54.684  4375  4375 I dex2oat : Explicit concurrent mark sweep GC freed 255(306KB) AllocSpace objects, 0(0B) LOS objects, 99% free, 904B/1024KB, paused 137us total 4.170ms
01-09 05:51:54.687   354  2045 E audio_hw_primary: out_write: writing buffer (960 bytes) to pcm device
01-09 05:51:54.692   354  2045 E audio_hw_primary: out_write: writing buffer (960 bytes) to pcm device
01-09 05:51:54.697   354  2045 E audio_hw_primary: out_write: writing buffer (960 bytes) to pcm device
01-09 05:51:54.702   354  2045 E audio_hw_primary: out_write: writing buffer (960 bytes) to pcm device
01-09 05:51:54.707   354  2045 E audio_hw_primary: out_write: writing buffer (960 bytes) to pcm device
01-09 05:51:54.712   354  2045 E audio_hw_primary: out_write: writing buffer (960 bytes) to pcm device
01-09 05:51:54.717   354  2045 E audio_hw_primary: out_write: writing buffer (960 bytes) to pcm device
01-09 05:51:54.722   354  2045 E audio_hw_primary: out_write: writing buffer (960 bytes) to pcm device
01-09 05:51:54.727   354  2045 E audio_hw_primary: out_write: writing buffer (960 bytes) to pcm device
01-09 05:51:54.732   354  2045 E audio_hw_primary: out_write: writing buffer (960 bytes) to pcm device
01-09 05:51:54.737   354  2045 E audio_hw_primary: out_write: writing buffer (960 bytes) to pcm device
01-09 05:51:54.742   354  2045 E audio_hw_primary: out_write: writing buffer (960 bytes) to pcm device
01-09 05:51:54.747   354  2045 E audio_hw_primary: out_write: writing buffer (960 bytes) to pcm device
01-09 05:51:54.752   354  2045 E audio_hw_primary: out_write: writing buffer (960 bytes) to pcm device
01-09 05:51:54.757   354  2045 E audio_hw_primary: out_write: writing buffer (960 bytes) to pcm device
01-09 05:51:54.762  4375  4375 I dex2oat : dex2oat took 177.136ms (threads: 4) arena alloc=0B (0B) java alloc=8KB (8800B) native alloc=1255KB (1285752B) free=1304KB (1335688B)
01-09 05:51:54.762   354  2045 E audio_hw_primary: out_write: writing buffer (960 bytes) to pcm device
01-09 05:51:54.767   354  2045 E audio_hw_primary: out_write: writing buffer (960 bytes) to pcm device
01-09 05:51:54.772   354  2045 E audio_hw_primary: out_write: writing buffer (960 bytes) to pcm device
01-09 05:51:54.775   351   409 I ThermalEngine: TM Id 'CAMERA_CAMCORDER_MONITOR' Sensor 'tsens_tz_sensor1' - alarm raised 2 at 58.0 degC
01-09 05:51:54.775   351   409 I ThermalEngine: Thermal-Server: No client connected to socket
01-09 05:51:54.775   351   409 I ThermalEngine: Mitigation:Camera:2
01-09 05:51:54.775   351   409 I ThermalEngine: Thermal-Server: No client connected to socket
01-09 05:51:54.775   351   409 I ThermalEngine: Mitigation:Camcorder:2
01-09 05:51:54.776  2850  4243 I PackageManager.DexOptimizer: Running dexopt (dex2oat) on: /system/priv-app/CellBroadcastReceiver/CellBroadcastReceiver.apk pkg=com.android.cellbroadcastreceiver isa=arm64 vmSafeMode=false debuggable=false target-filter=verify-profile oatDir = null sharedLibraries=null
01-09 05:51:54.777   354  2045 E audio_hw_primary: out_write: writing buffer (960 bytes) to pcm device
01-09 05:51:54.782   354  2045 E audio_hw_primary: out_write: writing buffer (960 bytes) to pcm device
01-09 05:51:54.787   354  2045 E audio_hw_primary: out_write: writing buffer (960 bytes) to pcm device
01-09 05:51:54.792   354  2045 E audio_hw_primary: out_write: writing buffer (960 bytes) to pcm device
01-09 05:51:54.797   354  2045 E audio_hw_primary: out_write: writing buffer (960 bytes) to pcm device
01-09 05:51:54.802   354  2045 E audio_hw_primary: out_write: writing buffer (960 bytes) to pcm device
01-09 05:51:54.807   354  2045 E audio_hw_primary: out_write: writing buffer (960 bytes) to pcm device
01-09 05:51:54.812   354  2045 E audio_hw_primary: out_write: writing buffer (960 bytes) to pcm device
01-09 05:51:54.817   354  2045 E audio_hw_primary: out_write: writing buffer (960 bytes) to pcm device
01-09 05:51:54.822  4382  4382 I dex2oat : /system/bin/dex2oat --compiler-filter=verify-profile
01-09 05:51:54.822   354  2045 E audio_hw_primary: out_write: writing buffer (960 bytes) to pcm device
01-09 05:51:54.827   354  2045 E audio_hw_primary: out_write: writing buffer (960 bytes) to pcm device
01-09 05:51:54.832   354  2045 E audio_hw_primary: out_write: writing buffer (960 bytes) to pcm device
01-09 05:51:54.837   354  2045 E audio_hw_primary: out_write: writing buffer (960 bytes) to pcm device
01-09 05:51:54.842   354  2045 E audio_hw_primary: out_write: writing buffer (960 bytes) to pcm device
01-09 05:51:54.847   354  2045 E audio_hw_primary: out_write: writing buffer (960 bytes) to pcm device
01-09 05:51:54.852   354  2045 E audio_hw_primary: out_write: writing buffer (960 bytes) to pcm device
01-09 05:51:54.858   354  2045 E audio_hw_primary: out_write: writing buffer (960 bytes) to pcm device
01-09 05:51:54.862   354  2045 E audio_hw_primary: out_write: writing buffer (960 bytes) to pcm device
01-09 05:51:54.867   354  2045 E audio_hw_primary: out_write: writing buffer (960 bytes) to pcm device
01-09 05:51:54.872   354  2045 E audio_hw_primary: out_write: writing buffer (960 bytes) to pcm device
01-09 05:51:54.877   354  2045 E audio_hw_primary: out_write: writing buffer (960 bytes) to pcm device
01-09 05:51:54.882   354  2045 E audio_hw_primary: out_write: writing buffer (960 bytes) to pcm device
01-09 05:51:54.887   354  2045 E audio_hw_primary: out_write: writing buffer (960 bytes) to pcm device
01-09 05:51:54.892   354  2045 E audio_hw_primary: out_write: writing buffer (960 bytes) to pcm device
01-09 05:51:54.898   354  2045 E audio_hw_primary: out_write: writing buffer (960 bytes) to pcm device
01-09 05:51:54.902   354  2045 E audio_hw_primary: out_write: writing buffer (960 bytes) to pcm device
01-09 05:51:54.907   354  2045 E audio_hw_primary: out_write: writing buffer (960 bytes) to pcm device
01-09 05:51:54.912   354  2045 E audio_hw_primary: out_write: writing buffer (960 bytes) to pcm device
01-09 05:51:54.917   354  2045 E audio_hw_primary: out_write: writing buffer (960 bytes) to pcm device
01-09 05:51:54.918  4382  4382 I dex2oat : Explicit concurrent mark sweep GC freed 334(263KB) AllocSpace objects, 0(0B) LOS objects, 99% free, 968B/1024KB, paused 133us total 5.856ms
01-09 05:51:54.922   354  2045 E audio_hw_primary: out_write: writing buffer (960 bytes) to pcm device
01-09 05:51:54.927   354  2045 E audio_hw_primary: out_write: writing buffer (960 bytes) to pcm device
01-09 05:51:54.932   354  2045 E audio_hw_primary: out_write: writing buffer (960 bytes) to pcm device
01-09 05:51:54.937   354  2045 E audio_hw_primary: out_write: writing buffer (960 bytes) to pcm device
01-09 05:51:54.942   354  2045 E audio_hw_primary: out_write: writing buffer (960 bytes) to pcm device
01-09 05:51:54.947   354  2045 E audio_hw_primary: out_write: writing buffer (960 bytes) to pcm device
01-09 05:51:54.952   354  2045 E audio_hw_primary: out_write: writing buffer (960 bytes) to pcm device
01-09 05:51:54.957   354  2045 E audio_hw_primary: out_write: writing buffer (960 bytes) to pcm device
01-09 05:51:54.962   354  2045 E audio_hw_primary: out_write: writing buffer (960 bytes) to pcm device
01-09 05:51:54.967   354  2045 E audio_hw_primary: out_write: writing buffer (960 bytes) to pcm device
01-09 05:51:54.972   354  2045 E audio_hw_primary: out_write: writing buffer (960 bytes) to pcm device
01-09 05:51:54.977   354  2045 E audio_hw_primary: out_write: writing buffer (960 bytes) to pcm device
01-09 05:51:54.982   354  2045 E audio_hw_primary: out_write: writing buffer (960 bytes) to pcm device
01-09 05:51:54.987   354  2045 E audio_hw_primary: out_write: writing buffer (960 bytes) to pcm device
01-09 05:51:54.991  4382  4382 I dex2oat : dex2oat took 169.912ms (threads: 4) arena alloc=0B (0B) java alloc=8KB (8864B) native alloc=1291KB (1322736B) free=1268KB (1298704B)
01-09 05:51:54.992   354  2045 E audio_hw_primary: out_write: writing buffer (960 bytes) to pcm device
01-09 05:51:54.997   354  2045 E audio_hw_primary: out_write: writing buffer (960 bytes) to pcm device
01-09 05:51:55.002   354  2045 E audio_hw_primary: out_write: writing buffer (960 bytes) to pcm device
01-09 05:51:55.003  2850  4243 I PackageManager.DexOptimizer: Running dexopt (dex2oat) on: /system/priv-app/OneTimeInitializer/OneTimeInitializer.apk pkg=com.android.onetimeinitializer isa=arm64 vmSafeMode=false debuggable=false target-filter=verify-profile oatDir = null sharedLibraries=null
01-09 05:51:55.007   354  2045 E audio_hw_primary: out_write: writing buffer (960 bytes) to pcm device
01-09 05:51:55.013   354  2045 E audio_hw_primary: out_write: writing buffer (960 bytes) to pcm device
01-09 05:51:55.017   354  2045 E audio_hw_primary: out_write: writing buffer (960 bytes) to pcm device
01-09 05:51:55.022   354  2045 E audio_hw_primary: out_write: writing buffer (960 bytes) to pcm device
01-09 05:51:55.027   354  2045 E audio_hw_primary: out_write: writing buffer (960 bytes) to pcm device
